--------- beginning of main
01-23 21:59:02.195   895  2698 I bthal.activity: bt_power: LeAdvStat: 21:59:01:016 - 21:59:02:195, duration: 1178, le_adv_count: 7, total_le_adv_count: 581770, total_event_count: 7
01-23 21:59:02.403  2294  2706 W BluetoothRemoteDevices: Address type mismatch for XX:XX:XX:XX:8F:E2, new type: 1
01-23 21:59:02.511  8002  8024 D AidlBufferPool: bufferpool2 0xb40000775d60e358 : 5(19200 size) total buffers - 4(15360 size) used buffers - 225510/225515 (recycle/alloc) - 360/451021 (fetch/transfer)
01-23 21:59:02.529  2294  2706 W BluetoothRemoteDevices: Address type mismatch for XX:XX:XX:XX:8F:E2, new type: 1
--------- beginning of system
01-23 21:59:02.641  1505  1932 W ActivityManager: Unbind failed: could not find connection for android.os.BinderProxy@e3e8cb
01-23 21:59:02.643  2446  2446 D SatelliteModemInterface: Binding to com.google.android.satellite
01-23 21:59:02.644  1505  1932 W ActivityManager: Unable to start service Intent { act=android.telephony.satellite.SatelliteService xflg=0x4 pkg=com.google.android.satellite } U=0: not found
01-23 21:59:02.645  2446  2446 E SatelliteModemInterface: Error binding to the satellite service. Retrying in 62706 ms.
01-23 21:59:02.876  1141  1141 D AOC     : A3:MSG: tmd3733_device.cc, 4358: USF: TMD3733: R/C:0.66 3DC->2D d_lux:9.1 c_lux:-1.0/-1.0 c_coeff:-1.00/-1.00
01-23 21:59:02.876  1141  1141 D AOC     : A3:MSG: tmd3733_device.cc, 4361: USF: TMD3733:  w:0.00 C:5.24 d_leak:0.4 c_leak:0.0 lux:9.1 leak:0.4
01-23 21:59:03.215  1113  8032 D AidlBufferPool: bufferpool2 0xb40000773c418538 : 3(9000 size) total buffers - 1(3000 size) used buffers - 225538/225547 (recycle/alloc) - 24/225545 (fetch/transfer)
01-23 21:59:03.322  2316  3596 D TemperatureStateSource: sequence=27478 actualDelay=10000
01-23 21:59:03.323  2316  3596 D TemperatureStateSource: Reading temperature: sequence=27479
01-23 21:59:03.330 15565 15565 I pixel-thermal: VIRTUAL-SKIN-MODEL: model_input: [27543.00 27408.00 28611.00 25722.00 25769.00 26237.00 27476.00 28233.00 ]
01-23 21:59:03.330 15565 15565 I native  : I0000 00:00:1769227143.330610   15565 thermal_tflite_wrapper.cc:261] ThermalTfliteInvoke
01-23 21:59:03.331 15565 15565 I pixel-thermal: VIRTUAL-SKIN-MODEL: model_output: [26545.4 ]
01-23 21:59:03.331 15565 15565 I pixel-thermal: VIRTUAL-SKIN-MODEL: predicted_value: [26545.4 ]
01-23 21:59:03.331 15565 15565 I pixel-thermal: CPU_THROTTLE_SEVERE:0 raw data: CPU_THROTTLE_SEVERE:0 
01-23 21:59:03.331 15565 15565 I pixel-thermal: VIRTUAL-SKIN:26.6049 raw data: VIRTUAL-SKIN:26604.9 VIRTUAL-SKIN-LEGACY:26635.5 VIRTUAL-SKIN-LEGACY-MODEL-DIFF:90.1055 VIRTUAL-SKIN-LEGACY-SHUTDOWN:0 VIRTUAL-SKIN-MODEL:26545.4 VIRTUAL-SKIN-MODEL-CLAMPED:26545.4 VIRTUAL-SKIN-MODEL-LEGACY-DIFF:-90.1055 VIRTUAL-SKIN-MODEL-UPDATED:26604.9 VIRTUAL-SKIN-MODEL-UPPER-CLAMPED:26545.4 VIRTUAL-SKIN-SUB-0:25439.1 VIRTUAL-SKIN-SUB-1:26477.4 VIRTUAL-SKIN-SUB-2:26275.8 VIRTUAL-SKIN-SUB-3:26635.5 VIRTUAL-SKIN-SUB-4:26401.3 VT_LEGACY_WEIGHT:0 VT_MODEL_WEIGHT:1 battery:25800 btmspkr_therm:25769 charging_therm:28611 disp_therm:26237 north_therm:27476 quiet_therm:27408 rfpa_therm:27543 soc_therm:28233 usb_pwr_therm:25722 
01-23 21:59:03.332  2316  3596 D TemperatureStateSource: getDeviceTemperatures: sequence=27479 deviceTemperatureType=3 temperatureSource=0 temperatures=[26.604916]
01-23 21:59:03.332  2316  3596 D BusinessScope: Enqueuing the block
01-23 21:59:03.332  2316  3596 D TemperatureStateSource: sequence=27479 waitTime=10000
01-23 21:59:03.332  2316  2578 D BusinessScope: Start running the #57223 block
01-23 21:59:03.333  2316  2578 D BusinessScope: Enqueuing the block
01-23 21:59:03.333  2316  2578 D ImpulseStateSource: Notify clients: 28606
01-23 21:59:03.333  2316  2578 D BusinessScope: Finish running the #57223 block
01-23 21:59:03.333  2316  2578 D BusinessScope: Start running the #57224 block
01-23 21:59:03.333  2316  2578 D BusinessScope: Finish running the #57224 block
01-23 21:59:03.527   895  2698 I bthal.activity: bt_power: LeAdvStat: 21:59:02:398 - 21:59:03:527, duration: 1128, le_adv_count: 6, total_le_adv_count: 581776, total_event_count: 6
01-23 21:59:03.601   912   912 W TracingMuxer: type=1400 audit(0.0:99924): avc:  denied  { write } for  name="traced_producer" dev="tmpfs" ino=1291 scontext=u:r:hal_neuralnetworks_darwinn:s0 tcontext=u:object_r:traced_producer_socket:s0 tclass=sock_file permissive=0
01-23 21:59:03.677   950   950 I WifiHAL : Creating message to get link statistics; iface = 47
01-23 21:59:03.742   950   950 I WifiHAL : index: 0 per_rate_size 32, data_rem_len 1152
01-23 21:59:03.742   950   950 I WifiHAL : index: 1 per_rate_size 32, data_rem_len 1120
01-23 21:59:03.743   950   950 I WifiHAL : index: 2 per_rate_size 32, data_rem_len 1088
01-23 21:59:03.743   950   950 I WifiHAL : index: 3 per_rate_size 32, data_rem_len 1056
01-23 21:59:03.743   950   950 I WifiHAL : index: 4 per_rate_size 32, data_rem_len 1024
01-23 21:59:03.743   950   950 I WifiHAL : index: 5 per_rate_size 32, data_rem_len 992
01-23 21:59:03.743   950   950 I WifiHAL : index: 6 per_rate_size 32, data_rem_len 960
01-23 21:59:03.743   950   950 I WifiHAL : index: 7 per_rate_size 32, data_rem_len 928
01-23 21:59:03.743   950   950 I WifiHAL : index: 8 per_rate_size 32, data_rem_len 896
01-23 21:59:03.743   950   950 I WifiHAL : index: 9 per_rate_size 32, data_rem_len 864
01-23 21:59:03.743   950   950 I WifiHAL : index: 10 per_rate_size 32, data_rem_len 832
01-23 21:59:03.743   950   950 I WifiHAL : index: 11 per_rate_size 32, data_rem_len 800
01-23 21:59:03.743   950   950 I WifiHAL : index: 12 per_rate_size 32, data_rem_len 768
01-23 21:59:03.743   950   950 I WifiHAL : index: 13 per_rate_size 32, data_rem_len 736
01-23 21:59:03.743   950   950 I WifiHAL : index: 14 per_rate_size 32, data_rem_len 704
01-23 21:59:03.743   950   950 I WifiHAL : index: 15 per_rate_size 32, data_rem_len 672
01-23 21:59:03.743   950   950 I WifiHAL : index: 16 per_rate_size 32, data_rem_len 640
01-23 21:59:03.743   950   950 I WifiHAL : index: 17 per_rate_size 32, data_rem_len 608
01-23 21:59:03.743   950   950 I WifiHAL : index: 18 per_rate_size 32, data_rem_len 576
01-23 21:59:03.743   950   950 I WifiHAL : index: 19 per_rate_size 32, data_rem_len 544
01-23 21:59:03.743   950   950 I WifiHAL : index: 20 per_rate_size 32, data_rem_len 512
01-23 21:59:03.743   950   950 I WifiHAL : index: 21 per_rate_size 32, data_rem_len 480
01-23 21:59:03.743   950   950 I WifiHAL : index: 22 per_rate_size 32, data_rem_len 448
01-23 21:59:03.743   950   950 I WifiHAL : index: 23 per_rate_size 32, data_rem_len 416
01-23 21:59:03.743   950   950 I WifiHAL : index: 24 per_rate_size 32, data_rem_len 384
01-23 21:59:03.743   950   950 I WifiHAL : index: 25 per_rate_size 32, data_rem_len 352
01-23 21:59:03.743   950   950 I WifiHAL : index: 26 per_rate_size 32, data_rem_len 320
01-23 21:59:03.743   950   950 I WifiHAL : index: 27 per_rate_size 32, data_rem_len 288
01-23 21:59:03.743   950   950 I WifiHAL : index: 28 per_rate_size 32, data_rem_len 256
01-23 21:59:03.743   950   950 I WifiHAL : index: 29 per_rate_size 32, data_rem_len 224
01-23 21:59:03.743   950   950 I WifiHAL : index: 30 per_rate_size 32, data_rem_len 192
01-23 21:59:03.743   950   950 I WifiHAL : index: 31 per_rate_size 32, data_rem_len 160
01-23 21:59:03.743   950   950 I WifiHAL : index: 32 per_rate_size 32, data_rem_len 128
01-23 21:59:03.743   950   950 I WifiHAL : index: 33 per_rate_size 32, data_rem_len 96
01-23 21:59:03.743   950   950 I WifiHAL : index: 34 per_rate_size 32, data_rem_len 64
01-23 21:59:03.743   950   950 I WifiHAL : index: 35 per_rate_size 32, data_rem_len 32
01-23 21:59:03.745   950   950 I WifiHAL : Getting cached scan results, iface handle = 0xb4000077f3523650
01-23 21:59:03.745   950   950 E WifiHAL : Creating message to get cached scan results
01-23 21:59:03.750   950   950 I WifiHAL : In GetCachedScanResultsCommand::handleResponse
01-23 21:59:03.798  1505  2010 D ConnectivityService: NetReassign [no changes] [c 3] [a 2] [i 5]
01-23 21:59:03.824  2294  2706 W BluetoothRemoteDevices: Address type mismatch for XX:XX:XX:XX:8F:E2, new type: 1
01-23 21:59:03.944  1141  1141 D AOC     : A3:MSG: tmd3733_device.cc, 4358: USF: TMD3733: R/C:0.92 2D->4C d_lux:-1.0 c_lux:11.1/-1.0 c_coeff:0.70/-1.00
01-23 21:59:03.945  1141  1141 D AOC     : A3:MSG: tmd3733_device.cc, 4361: USF: TMD3733:  w:0.00 C:3.75 d_leak:0.4 c_leak:0.0 lux:11.1 leak:0.0
01-23 21:59:03.953  2294  2706 W BluetoothRemoteDevices: Address type mismatch for XX:XX:XX:XX:8F:E2, new type: 1
01-23 21:59:04.012  1505  1793 V AttentionDetector: Checking user attention, ID: 97
01-23 21:59:04.017  1505  2071 D BackgroundInstallControlService: Package event received: 0
01-23 21:59:04.027  3931  3931 I AiAiAttention: AttentionCheckService.onCreate()
01-23 21:59:04.035  3931  3931 I AiAiAttention: (REDACTED) AttentionCheckService.onCheckAttention with config:
01-23 21:59:04.035  3931  3931 I AiAiAttention: %s
01-23 21:59:04.036  3931  3931 I AiAiAttention: (REDACTED) Created InHandsMotionDetector with threshold: %s mss
01-23 21:59:04.039   926   926 D usf_sensor_hal: accelerometer: Enter Batch. Period = 20000000, latency = 0.
01-23 21:59:04.041  1141  1141 D AOC     : A3:MSG: usf_sensor.cc, 2402: USF: Received reconfig sampling request for LSM6DSV Accelerometer.
01-23 21:59:04.047  1141  1141 D AOC     : A3:MSG: lsm6dsv_device.cc, 732: USF: Lsm6dsvDevice: Sensor 0: Enabled 1, odr_index 5, period_ns 20000000.
01-23 21:59:04.047  1141  1141 D AOC     : A3:MSG: lsm6dsv_fifo.cc, 755: USF: Lsm6dsvFifo: ODR: XL/G/T/TS: 60/60/15/7 WM: 2 Intr: 60.
01-23 21:59:04.050   926   926 D usf_sensor_hal: IMU temperature: Enter Batch. Period = 533334000, latency = 0.
01-23 21:59:04.050  1141  1141 D AOC     : A3:MSG: lsm6dsv_device.cc, 641: USF: Lsm6dsvDevice: Fifo was disabled for 971802ns.
01-23 21:59:04.058  1141  1141 D AOC     : A3:MSG: usf_sensor.cc, 2402: USF: Received reconfig sampling request for LSM6DSV Temperature.
01-23 21:59:04.059   926  1687 I sensor-suez: Vendor atom [id = 100243] reported.
01-23 21:59:04.059   926   926 D usf_sensor_hal: accelerometer: Enter Flush
01-23 21:59:04.060   926  1687 I sensor-suez: Vendor atom [id = 100243] reported.
01-23 21:59:04.161  3931 12662 I AiAiAttention: Trying to open the camera
01-23 21:59:04.162  3931 12662 I gaze    : getFrames()
01-23 21:59:04.162  3931 12662 I gaze    : YuvToGrayscaleImageProcessor setListener
01-23 21:59:04.163  3931 12662 I gaze    : Trying to open camera with id=21
01-23 21:59:04.164  3931 12662 I gaze    : Selected camera id=1
01-23 21:59:04.170  1081 13651 D Camera3-Utils: Set real time priority for thread (tid 13651)
01-23 21:59:04.170  1081 13651 I CameraService: CameraService::connect call (PID 3931 "com.google.android.as", camera ID 1) and Camera API version 2
01-23 21:59:04.173  1081 13651 I Camera2ClientBase: Camera 1: Opened. Client: com.google.android.as (PID 3931, UID 10136)
01-23 21:59:04.173  1081 13651 I CameraDeviceClient: CameraDeviceClient 1: Opened
01-23 21:59:04.173  1081 13651 I CameraService: makeClient: Camera2 API, rotationOverride 0
01-23 21:59:04.176  2316  2477 D CameraStateSource: onCameraUnavailable: cameraId=1
01-23 21:59:04.176  2316  2477 D CameraStateSource: report CameraAvailability now. CameraAvailability(cameraId=1, availability=false, sequenceNumber=1106)
01-23 21:59:04.176  2316  2477 D BusinessScope: Enqueuing the block
01-23 21:59:04.177  2316  2477 D BusinessScope: Start running the #57225 block
01-23 21:59:04.177   901   901 I Lyric   : smart_read_ahead_controller.cc:256: [SMRA] Waking up!
01-23 21:59:04.177   901  1847 I Lyric   : smart_read_ahead_controller.cc:63: [SMRA] Processing request
01-23 21:59:04.177   901   901 I Lyric   : camera_powerhal_impl.cc:187: SetPowerBoost Trigger CAMERA_LAUNCH for 1000ms
01-23 21:59:04.177   901  1847 I Lyric   : smart_read_ahead_controller.cc:246: [SMRA] UpdateModeAndConfig, config: from 0 to 0, mode: from 0 to 0
01-23 21:59:04.178   901  1859 W Lyric   : device_context.cc:333: NotifyCaptureSessionOpen: No OisController found for physical camera Front. Status: NOT_FOUND: Failed to find controller by type and camera id(Front); Controller with ID: optical image stabilization controller for camera: Front not present in device_context
01-23 21:59:04.179  2327  2420 D LyricConfigProviderService: onCameraOpened: cameraId 1 used by packageId com.google.android.as for versionCode 14834681
01-23 21:59:04.179   901  1859 I G3ACoordinator: coordinator.cc:1053: Coordinator::AeNotifyCaptureSessionOpen called for camera: {position: front, lens_type: normal, spectrum: visible, instance: real}
01-23 21:59:04.179   901  1859 I G3ACoordinator: coordinator.cc:1077: Coordinator::AfNotifyCaptureSessionOpen called for camera: {position: front, lens_type: normal, spectrum: visible, instance: real}
01-23 21:59:04.180   901  1859 I G3ACoordinator: coordinator.cc:1102: Coordinator::AsdNotifyCaptureSessionOpen called for camera: {position: front, lens_type: normal, spectrum: visible, instance: real}
01-23 21:59:04.180   901  1859 I G3ACoordinator: coordinator.cc:1119: Coordinator::AwbNotifyCaptureSessionOpen called for camera: {position: front, lens_type: normal, spectrum: visible, instance: real}
01-23 21:59:04.180   901  1418 W Lyric   : Binder 0xb400007c3c6f1938 destroyed after setMinSchedulerPolicy before being parceled.
01-23 21:59:04.180   901  1418 W Lyric   : Binder 0xb400007c3c6f1938 destroyed after setMinSchedulerPolicy before being parceled.
01-23 21:59:04.181  2338  2338 D GRIL-S  : [11615]> UPDATE_DEVICE_STATE DeviceState: Usb:1, Wifi: 1, Wifi AP: 0, Earpiece: 0, Bluetooth: 1, Wireless charging: 0, Screen: 1, Camera: 0, 1, -, -, Motion: 0, Bluetooth tethering: 0, Voice: 0, Wifi 2.4G: 0, Radio: 1, Bluetooth connected: 0, Bluetooth media: 0, Wifi Band: 2, Wifi AP Band: 0, Wifi call: 0, mmWave: 0, mCellBackhaul: 0, mHallSensor: 0, mDozeStatus: 1, mAppClassInfo: 0, mWifiCapSensorStatus: 0, mCellCapSensorStatus: 0, mBesideHeadHandStatus: 0, mSpeakerStatus: 0, mProtectiveCaseStatus: 0, mWifiSettingStatus: 0, mGpsStatus: 0
01-23 21:59:04.182   893   893 I ASvc::AudioExtension: getDcHandler
01-23 21:59:04.182   893   893 I ASvc::DcHandler: setIsAnyCameraOn: true
01-23 21:59:04.183 15565 15565 I pixel-thermal: CPU_THROTTLE_SEVERE:0 raw data: CPU_THROTTLE_SEVERE:0 
01-23 21:59:04.183 15565 15565 I pixel-thermal: VIRTUAL-SKIN:26.6049 raw data: VIRTUAL-SKIN:26604.9 
01-23 21:59:04.184   926   926 D usf_sensor_hal: ambient light: Enter Batch. Period = 100000000, latency = 0.
01-23 21:59:04.184   926  1687 I sensor-suez: Vendor atom [id = 100243] reported.
01-23 21:59:04.184   926   926 D usf_sensor_hal: ambient light: Enter Activate. Enable = 1.
01-23 21:59:04.185  2316  2477 D BusinessScope: Enqueuing the block
01-23 21:59:04.185  2316  2477 D ImpulseStateSource: Notify clients: 28607
01-23 21:59:04.185  2316  2477 D BusinessScope: Finish running the #57225 block
01-23 21:59:04.185  2316  2477 D BusinessScope: Start running the #57226 block
01-23 21:59:04.186   901  1859 I Lyric   : device_context.cc:138: Unable to get SaliencyController. Status: NOT_FOUND: Failed to find controller by type; Controller with ID: saliency controller not present in device_context
01-23 21:59:04.186   901  1859 I Lyric   : device_context.cc:160: Unable to get RoiTrackingController. Status: NOT_FOUND: Failed to find controller by type; Controller with ID: Roi tracking controller not present in device_context
01-23 21:59:04.186   901  1859 I G3ACoordinator: coordinator.cc:1036: Coordinator::NotifyCaptureSessionOpen called for camera: {position: front, lens_type: normal, spectrum: visible, instance: real}
01-23 21:59:04.186   901   901 I Lyric   : camera_device_session_manager_base.cc:410: CameraDeviceSessionManager for camera id(Front) is created.
01-23 21:59:04.186   901  1817 I Lyric   : motion_sensor_controller_proxy.cc:471: Start to create all sensor readers, enable direct channel: 1, support async query: 1
01-23 21:59:04.186   901   901 I Lyric   : camera_device_session_hwl_impl.cc:343: Created CameraDeviceSessionHwlImpl for camera 1
01-23 21:59:04.186   901   901 I GCH_CameraDeviceSession: Initialize: measure buffer allocation time: 0 
01-23 21:59:04.187   901   901 I GCH_CameraDeviceSession: Create: Created a device session for camera 1 with 0 physical cameras
01-23 21:59:04.187   901   901 I Lyric   : camera_device_manager_impl.cc:214: Pinning memory flag is set to 0.
01-23 21:59:04.187  2316  2477 D BusinessScope: Finish running the #57226 block
01-23 21:59:04.188 15565 15565 I pixel-thermal: a callback has been registered to ThermalHAL, isFilter: 0 Type: UNKNOWN
01-23 21:59:04.188 15565 15571 I pixel-thermal: VIRTUAL-USB-UI:0 raw data: USB-MINUS-CHARGER:-2889 VIRTUAL-USB-UI:0 charging_therm:28611 usb_pwr_therm:25722 
01-23 21:59:04.188  1141  1141 D AOC     : A3:MSG: controller.cc, 275: CNTRL: cmd ID: 0x00d4, tag: 0x3a [cntr = 95670]
01-23 21:59:04.188 15565 15571 I pixel-thermal: cellular-emergency:26.6049 raw data: VIRTUAL-SKIN:26604.9 cellular-emergency:26604.9 
01-23 21:59:04.188 15565 15571 I pixel-thermal: VIRTUAL-SKIN-SPEAKER-MODEL: model_input: [25800.00 25769.00 28611.00 26237.00 27476.00 27408.00 27543.00 28233.00 25722.00 ]
01-23 21:59:04.188 15565 15571 I pixel-thermal: Ignoring stale previous samples for VIRTUAL-SKIN-SPEAKER-MODEL
01-23 21:59:04.188 15565 15571 I native  : I0000 00:00:1769227144.188638   15571 thermal_tflite_wrapper.cc:261] ThermalTfliteInvoke
01-23 21:59:04.188 15565 15571 I pixel-thermal: VIRTUAL-SKIN-SPEAKER-MODEL: model_output: [24886.9 ]
01-23 21:59:04.188 15565 15571 I pixel-thermal: VIRTUAL-SKIN-SPEAKER-MODEL: predicted_value: [24886.9 ]
01-23 21:59:04.188 15565 15571 I pixel-thermal: VIRTUAL-SKIN-SPEAKER:24.8869 raw data: VIRTUAL-SKIN-SPEAKER:24886.9 VIRTUAL-SKIN-SPEAKER-MODEL:24886.9 battery:25800 btmspkr_therm:25769 charging_therm:28611 disp_therm:26237 north_therm:27476 quiet_therm:27408 rfpa_therm:27543 soc_therm:28233 usb_pwr_therm:25722 
01-23 21:59:04.188 15565 15571 I pixel-thermal: CPU_THROTTLE_SEVERE:0 raw data: CPU_THROTTLE_SEVERE:0 
01-23 21:59:04.188 15565 15571 I pixel-thermal: VIRTUAL-SKIN:26.6049 raw data: VIRTUAL-SKIN:26604.9 
01-23 21:59:04.188 15565 15571 I pixel-thermal: VIRTUAL-SKIN-DISPLAY:26.6049 raw data: VIRTUAL-SKIN:26604.9 VIRTUAL-SKIN-DISPLAY:26604.9 
01-23 21:59:04.188 15565 15571 I pixel-thermal: battery:25.8 raw data: battery:25800 
01-23 21:59:04.188  1141  1141 D AOC     : A3:MSG: controller.cc, 919: CNTRL: ipc: control, cmd ID: 0x00d4, tag: 0x3a, rc: 0
01-23 21:59:04.189 15565 15571 I pixel-thermal: BCL_AUDIO_BAACL:0 raw data: BCL_AUDIO_BAACL:0 battery:25800 soc:0 
01-23 21:59:04.189 15565 15571 I pixel-thermal: Sending notification:  Type: USB_PORT Name: VIRTUAL-USB-UI CurrentValue: 0 ThrottlingStatus: NONE
01-23 21:59:04.189 15565 15571 I pixel-thermal: Sending notification:  Type: POWER_AMPLIFIER Name: cellular-emergency CurrentValue: 26.6049 ThrottlingStatus: NONE
01-23 21:59:04.189 15565 15571 I pixel-thermal: Sending notification:  Type: UNKNOWN Name: VIRTUAL-SKIN-SPEAKER CurrentValue: 24.8869 ThrottlingStatus: NONE
01-23 21:59:04.189 15565 15571 I pixel-thermal: Sending notification:  Type: SKIN Name: VIRTUAL-SKIN CurrentValue: 26.6049 ThrottlingStatus: NONE
01-23 21:59:04.189 15565 15571 I pixel-thermal: Sending notification:  Type: DISPLAY Name: VIRTUAL-SKIN-DISPLAY CurrentValue: 26.6049 ThrottlingStatus: NONE
01-23 21:59:04.189 15565 15571 I pixel-thermal: Sending notification:  Type: BATTERY Name: battery CurrentValue: 25.8 ThrottlingStatus: NONE
01-23 21:59:04.189 15565 15571 I pixel-thermal: Sending notification:  Type: BCL_VOLTAGE Name: BCL_AUDIO_BAACL CurrentValue: 0 ThrottlingStatus: NONE
01-23 21:59:04.189   901  1970 I GCH_CameraDeviceSession: NotifyThrottling: temperature type: 4, severity: 0, value: 0.000000
01-23 21:59:04.189   901  1970 I GCH_CameraDeviceSession: NotifyThrottling: temperature type: 5, severity: 0, value: 26.604916
01-23 21:59:04.189   901  1970 I GCH_CameraDeviceSession: NotifyThrottling: temperature type: -1, severity: 0, value: 24.886946
01-23 21:59:04.189   901  1728 I GCH_CameraDeviceSession: NotifyThrottling: temperature type: 3, severity: 0, value: 26.604916
01-23 21:59:04.189   901  1728 E GCH_AidlThermalUtils: ConvertToHalTemperatureType: Unknown temperature type: 11
01-23 21:59:04.189   901  1728 E GCH_AidlThermalUtils: ConvertToHalTemperature: Converting to hal temperature type failed: Invalid argument(-22)
01-23 21:59:04.189   901  1728 E GCH_AidlThermalUtils: notifyThrottling: Converting to hal temperature failed: Invalid argument(-22)
01-23 21:59:04.189   901  1728 I GCH_CameraDeviceSession: NotifyThrottling: temperature type: 2, severity: 0, value: 25.800001
01-23 21:59:04.189   901  1728 I GCH_CameraDeviceSession: NotifyThrottling: temperature type: 6, severity: 0, value: 0.000000
01-23 21:59:04.189  2327  2417 D PersistentCameraBackgroundServices: Broadcasting action 'com.google.pixel.camera.services.cameraidremapper.action.CAMERA_OPEN' for camera '1'...
01-23 21:59:04.190  1141  1141 D AOC     : A3:MSG: usf_sensor.cc, 1784: USF: Received start sampling request for TMD3733 Ambient Light (active:2).
01-23 21:59:04.191  2327  2417 I PersistentCameraBackgroundServices: Broadcast action 'com.google.pixel.camera.services.cameraidremapper.action.CAMERA_OPEN' for camera '1'.
01-23 21:59:04.191  1081 13651 D Camera3-Utils: Set regular priority for thread (tid 13651)
01-23 21:59:04.191   926  1687 I sensor-suez: Vendor atom [id = 100242] reported.
01-23 21:59:04.191   926  1687 I sensor-suez: Vendor atom [id = 100243] reported.
01-23 21:59:04.191   901  1418 I G3ACoordinator: front_als_manager.cc:182: Front ALS sensor enabled
01-23 21:59:04.192   926   926 D USF     : ION fd [29] translated to handle [0x044ae36e].
01-23 21:59:04.192   951 18731 D DeviceHalAidl: [default] setParameters: parameters: "cameraFacing=front"
01-23 21:59:04.192  1505  2071 D BackgroundInstallControlService: Package event received: 0
01-23 21:59:04.193   892   892 I PsrSvc::Main: parseVendorParameters: scope = MODULE, cameraFacing=front
01-23 21:59:04.193   892   892 I PsrSvc::Main: parseVendorParameters: params out [VendorParameter{id: vendor.pixel.device.camera.facing, ext: AParcelableHolder}]
01-23 21:59:04.193   926  1687 I sensor-suez: Vendor atom [id = 100245] reported.
01-23 21:59:04.193   893   893 I ASvc::Module: setVendorParameters: parameters = [VendorParameter{id: vendor.pixel.device.camera.facing, ext: AParcelableHolder}]
01-23 21:59:04.193   951 18731 D DeviceHalAidl: [r_submix] setParameters: parameters: "cameraFacing=front"
01-23 21:59:04.193   892   892 I PsrSvc::Main: parseVendorParameters: scope = MODULE, cameraFacing=front
01-23 21:59:04.193   892   892 I PsrSvc::Main: parseVendorParameters: params out [VendorParameter{id: vendor.pixel.device.camera.facing, ext: AParcelableHolder}]
01-23 21:59:04.194   951 18731 E DeviceHalAidl: Function: parseAndSetVendorParameters Line: 407 Failed 
01-23 21:59:04.194   951 18731 D DeviceHalAidl: [bluetooth] setParameters: parameters: "cameraFacing=front"
01-23 21:59:04.194   926  1633 D usf_sensor_hal: gyroscope: ConfigDirectReport: start sampling, period = 5000000.
01-23 21:59:04.194   892   918 I PsrSvc::Main: parseVendorParameters: scope = MODULE, cameraFacing=front
01-23 21:59:04.194   892   918 I PsrSvc::Main: parseVendorParameters: params out [VendorParameter{id: vendor.pixel.device.camera.facing, ext: AParcelableHolder}]
01-23 21:59:04.194   951 18731 E DeviceHalAidl: Function: parseAndSetVendorParameters Line: 407 Failed 
01-23 21:59:04.194 24950 22235 W Turbo.DeviceHealthLeversManagerImpl: applyLeversWithMaintenanceWindow: ignore the same request
01-23 21:59:04.195  3931 12662 I gaze    : Camera opened
01-23 21:59:04.195  1141  1141 D AOC     : A3:MSG: usf_sensor.cc, 1784: USF: Received start sampling request for LSM6DSV Gyroscope (active:2).
01-23 21:59:04.196  1141  1141 D AOC     : A3:MSG: lsm6dsv_device.cc, 732: USF: Lsm6dsvDevice: Sensor 1: Enabled 1, odr_index 7, period_ns 5000000.
01-23 21:59:04.197  1081 13651 D Camera3-Utils: Set real time priority for thread (tid 13651)
01-23 21:59:04.198   901 21073 I GCH_HalUtils: ======== App stream configuration ========
01-23 21:59:04.198   901 21073 I GCH_HalUtils: == stream num: 1, operation_mode:0
01-23 21:59:04.198   901 21073 I GCH_HalUtils: ==== [0]stream_id 0, type 0, format 35, res 640x480, usage 3, is_phy 0, phy_cam_id 0, group_id -1
01-23 21:59:04.198   901 21073 I GCH_HalUtils: ======== App stream configuration ========
01-23 21:59:04.198   901 21073 I Lyric   : session_setting_combination_utils.cc:208: no combination
01-23 21:59:04.198   901 21073 I Lyric   : camera_device_session_hwl_impl.cc:1247: CameraDeviceSessionHwlImpl::IsStreamConfigurationSupported 1
01-23 21:59:04.198   901 21073 I GCH_ZslSnapshotCaptureSession: IsStreamConfigurationSupported: no eligible JPEG or YUV stream
01-23 21:59:04.198   901 21073 I Lyric   : lyric_basic_capture_session.cc:38: LyricBasicCaptureSession only support logical camera
01-23 21:59:04.198   901 21073 D GCH_BasicCaptureSession: IsStreamConfigurationSupported: BasicCaptureSession supports the stream config
01-23 21:59:04.198   901 21073 D GCH_BasicCaptureSession: IsStreamConfigurationSupported: BasicCaptureSession supports the stream config
01-23 21:59:04.198   901 21073 I GCH_ResultDispatcher: [Cam1_ResultDispatcher] ResultDispatcher: SetRealtimeThread OK
01-23 21:59:04.198   901 21073 I Lyric   : camera_powerhal_impl.cc:263: SetPowerStreamingMode CAMERA_GPU_STANDARD mode
01-23 21:59:04.198   901 21073 I Lyric   : camera_powerhal_impl.cc:263: SetPowerStreamingMode CAMERA_STREAMING_VIDEO_CALL mode
01-23 21:59:04.198  1141  1141 D AOC     : A3:MSG: lsm6dsv_fifo.cc, 755: USF: Lsm6dsvFifo: ODR: XL/G/T/TS: 60/240/15/30 WM: 1 Intr: 240.
01-23 21:59:04.198  1141  1141 D AOC     : A3:MSG: lsm6dsv_device.cc, 641: USF: Lsm6dsvDevice: Fifo was disabled for 1175252ns.
01-23 21:59:04.198   901 22283 I Lyric   : sensor_generic_driver.cc:5205: LESHEN ReadSensorId success: 0x712 setting version: 10.11 setting type: 0
01-23 21:59:04.198   651   651 I android.hardware.power-service.pixel.ext-libperfmgr: PowerExt boost CAMERA_THERMAL_SEVERE_BOOST isBoostSupported: 1
01-23 21:59:04.199   901  1817 I Lyric   : direct_channel_motion_sensor_data_streamer.cc:467: gyroscope direct channel created.
01-23 21:59:04.199   651   651 I android.hardware.power-service.pixel.ext-libperfmgr: PowerExt boost CAMERA_THERMAL_LIGHT_BOOST isBoostSupported: 0
01-23 21:59:04.199   901  1817 I Lyric   : time_triggered_task_pool.cc:66: Timer is created: TTTP[0,0]
01-23 21:59:04.199   901 22292 I Lyric   : time_triggered_task_pool.cc:112: TTTP[0,0] worker is running the loop
01-23 21:59:04.199   651   651 I android.hardware.power-service.pixel.ext-libperfmgr: PowerExt boost CAMERA_THERMAL_MODERATE_BOOST isBoostSupported: 0
01-23 21:59:04.199   651   651 I android.hardware.power-service.pixel.ext-libperfmgr: PowerExt boost CAMERA_THERMAL_CRITICAL_BOOST isBoostSupported: 0
01-23 21:59:04.199   651   651 I android.hardware.power-service.pixel.ext-libperfmgr: PowerExt boost CAMERA_THERMAL_SHUTDOWN_BOOST isBoostSupported: 0
01-23 21:59:04.199   651   651 I android.hardware.power-service.pixel.ext-libperfmgr: PowerExt boost CAMERA_THERMAL_EMERGENCY_BOOST isBoostSupported: 0
01-23 21:59:04.199   901 21073 I Lyric   : camera_powerhal_impl.cc:187: SetPowerBoost Trigger CAMERA_BACKEND_BOOST for 300ms
01-23 21:59:04.199   901  1865 I Lyric   : camera_device_session_hwl_impl.cc:820: BuildPipelines entered, camera_id: 1
01-23 21:59:04.199   901  1865 I Lyric   : active_camera_device_tracker.cc:51: Adding camera: 1, is_logical_camera: 0, is_front_camera: 1, is_1p_camera_app: 0, active devices: 0, is_tele_camera_participant: 0
01-23 21:59:04.199   901  1865 I Lyric   : active_camera_device_tracker.cc:194: No specific graph requested, allowing lyric to select based on stream configuration.
01-23 21:59:04.200   901  1865 I Lyric   : camera_device_session_manager_base.cc:603: Attempting to build a processing graph
01-23 21:59:04.200   901  1865 W Lyric   : generic_graph.cc:101: Force LTMPostProcessingNode to be disabled because is not supported by current device or LTM is disabled.
01-23 21:59:04.200   901  1865 I Lyric   : stream_info_parser.cc:147: Project11 enabled: 0
01-23 21:59:04.200   901  1865 W Lyric   : stream_info_parser.cc:372: Camera Front unknown stream: {type: Streaminfo, stream_id: 0, camera_id: Front, format: YCBCR_420_888, width: 640, height: 480, usage: [], stream_type: Output, use_case: Default, data_space: DataSpace(Color)::(Standard: BT601_625, Transfer: SMPTE_170M, Range: Full), is_framework_physical_stream: 0, dynamic_range_profile: Standard, intended_for_max_resolution_mode: 0, group_id: -1, is_tunable: 1} does not fall in any known use case
01-23 21:59:04.200   901  1865 I Lyric   : generic_subgraph.cc:1094: Front request sensor binning for resolution 640x480
01-23 21:59:04.200   901  1865 I Lyric   : generic_subgraph.cc:1357: The aligner on camera Front is HwTnrAlign
01-23 21:59:04.200  1141  1141 D AOC     : A3:MSG: controller.cc, 275: CNTRL: cmd ID: 0x00d4, tag: 0x3b [cntr = 95671]
01-23 21:59:04.200   901  1865 I Lyric   : graph_states.cc:57: Failed to add camera id to priority map as the device doesn't support it: NOT_FOUND: Couldn't find the CameraId which has {position: front, lens_type: normal, spectrum: visible, instance: virtual}
01-23 21:59:04.200   901  1865 I Lyric   : generic_graph.cc:495: [MULTICAM_DEBUG] Making Generic graph.
01-23 21:59:04.200   901  1865 I Lyric   : generic_subgraph.cc:1645: Camera id 1 supports settings override.
01-23 21:59:04.200   901  1865 I Lyric   : generic_subgraph.cc:1915: positive_offsets_enabled: ENABLED.; enable_positive_offset = 0; camera_app_1p_enabled = 0; camera_extensions_enabled = 0
01-23 21:59:04.200   901  1865 I Lyric   : generic_subgraph.cc:1998: Roshi not supported in Front
01-23 21:59:04.200  1141  1141 D AOC     : A3:MSG: controller.cc, 919: CNTRL: ipc: control, cmd ID: 0x00d4, tag: 0x3b, rc: 0
01-23 21:59:04.201   901  1807 I Lyric   : binder_sensor_vsync_reader.cc:26: Created BinderSensorVsyncReader, cam_vsync_id: 1
01-23 21:59:04.201   926  1633 D USF     : ION fd [29] translated to handle [0x25dc839c].
01-23 21:59:04.203   926  1633 D usf_sensor_hal: gravity: ConfigDirectReport: start sampling, period = 5000000.
01-23 21:59:04.204   901  1415 I Lyric   : sensor_generic_driver.cc:628: LESHEN init success.
01-23 21:59:04.205  1141  1141 D AOC     : A3:MSG: usf_sensor.cc, 1784: USF: Received start sampling request for Gravity Sensor (active:1).
01-23 21:59:04.206  1141  1141 D AOC     : A3:MSG: vsc_sensor.cc, 37: VSC: [Gravity Sensor] enable: period 5000000, latency = 0
01-23 21:59:04.206  1141  1141 D AOC     : A3:MSG: usf_vsc_log.cc, 45: USF: {Fusion} configure fusion 9 5000us 0us.
01-23 21:59:04.207  1141  1141 D AOC     : A3:MSG: vsc_controller.cc, 584: VSC: [Gravity Sensor] requestSensorEvents: sensor 0x10001, period=5 latency=0ms.
01-23 21:59:04.210  1141  1141 D AOC     : A3:MSG: usf_sensor.cc, 1784: USF: Received start sampling request for LSM6DSV Accelerometer (active:5).
01-23 21:59:04.211  1141  1141 D AOC     : A3:MSG: lsm6dsv_device.cc, 732: USF: Lsm6dsvDevice: Sensor 0: Enabled 1, odr_index 7, period_ns 5000000.
01-23 21:59:04.211  1141  1141 D AOC     : A3:MSG: lsm6dsv_fifo.cc, 755: USF: Lsm6dsvFifo: ODR: XL/G/T/TS: 240/240/15/30 WM: 2 Intr: 240.
01-23 21:59:04.212  1141  1141 D AOC     : A3:MSG: lsm6dsv_device.cc, 641: USF: Lsm6dsvDevice: Fifo was disabled for 812215ns.
01-23 21:59:04.216  1141  1141 D AOC     : A3:MSG: vsc_controller.cc, 584: VSC: [Gravity Sensor] requestSensorEvents: sensor 0x10004, period=5 latency=0ms.
01-23 21:59:04.217  1141  1141 D AOC     : A3:MSG: usf_sensor.cc, 1784: USF: Received start sampling request for LSM6DSV Gyroscope (active:3).
01-23 21:59:04.219   901  1817 I Lyric   : direct_channel_motion_sensor_data_streamer.cc:467: gravity direct channel created.
01-23 21:59:04.220   926  1633 D usf_sensor_hal: camera vsync: Enter Batch. Period = 5000000, latency = 0.
01-23 21:59:04.220   926   926 D usf_sensor_hal: camera vsync: Enter Activate. Enable = 1.
01-23 21:59:04.220   926  1687 I sensor-suez: Vendor atom [id = 100243] reported.
01-23 21:59:04.220  1141  1141 D AOC     : A3:MSG: controller.cc, 275: CNTRL: cmd ID: 0x00d4, tag: 0x3c [cntr = 95672]
01-23 21:59:04.221  1141  1141 D AOC     : A3:MSG: controller.cc, 919: CNTRL: ipc: control, cmd ID: 0x00d4, tag: 0x3c, rc: 0
01-23 21:59:04.222   901  1865 I Lyric   : multisensor_controller.cc:1163: Front RadioExt: preferred_mipi_rate size 0 preferred_dbr_rate size 0. API delay 21.986491ms
01-23 21:59:04.222   901  1865 I Lyric   : sensor_generic_driver.cc:1959: LESHEN GetModeIndex requirement {size = {width: 640, height: 480}, frame_rate_range = [15, 30], request_binning_mode = true, request_pd_stream = false, only_config_logical_cam_stream = false, camera_id = [<recursive>], require_full_fov = true, is_high_frame_rate = false, crop_margin = 0, is_sibling_camera_participating = false, sub_image_count = 1, is_face_auth = false, is_video_mode = false, is_high_resolution_mode = false, is_arkaroo_enabled = false, is_roshi_enabled = false, is_specific_aspect_ratio_video = false, require_exact_size = false, force_sensor_mode_index = -1, is_multi_cam_usecase = false, raw_stream_usecase = 0, is_high_resolution_standalone_mode = false} required aspect ratio 1.36979 pick_transition_mode 0 require exact size 0
01-23 21:59:04.222   901  1865 I Lyric   : sensor_generic_driver.cc:2053: LESHEN GetModeIndex requirement use_binning_mode 1
01-23 21:59:04.222   901  1865 I Lyric   : sensor_generic_driver.cc:2060: LESHEN candidate mode index 0, size = {width: 4208, height: 3072}, pd = 0, frame rate range = [7.5, 30], is faceauth mode 0
01-23 21:59:04.222   901  1865 I Lyric   : sensor_generic_driver.cc:2060: LESHEN candidate mode index 1, size = {width: 4208, height: 2368}, pd = 0, frame rate range = [7.5, 30], is faceauth mode 0
01-23 21:59:04.222   901  1865 I Lyric   : sensor_generic_driver.cc:2060: LESHEN candidate mode index 2, size = {width: 2104, height: 1536}, pd = 0, frame rate range = [15, 60], is faceauth mode 0
01-23 21:59:04.222   901  1865 I Lyric   : sensor_generic_driver.cc:2060: LESHEN candidate mode index 3, size = {width: 2104, height: 1184}, pd = 0, frame rate range = [15, 60], is faceauth mode 0
01-23 21:59:04.222   901  1865 I Lyric   : sensor_generic_driver.cc:2060: LESHEN candidate mode index 4, size = {width: 2104, height: 1536}, pd = 0, frame rate range = [15, 30.02], is faceauth mode 1
01-23 21:59:04.222   901  1865 I Lyric   : sensor_generic_driver.cc:2209: LESHEN Matching sensor mode found, mode index: 2
01-23 21:59:04.223   901  1865 I Lyric   : sensor_generic_driver.cc:2390: LESHEN Mode size {width: 2104, height: 1536} FPS [15, 60] requested FPS [15, 30] MIPI rate 1105.92Mbps rss 14.4672ms
01-23 21:59:04.223   901  1865 I Lyric   : sensor_generic_driver.cc:2536: dpm: camera LESHEN, line time: 9.41875us, pixel_rate_vt: 311296000, width: 2104, height: 1536, dual pd size: {width: 0, height: 0}, sparse pd size: {width: 0, height: 0}, emb height: 1, hblanking: 2062, mode.hblanking: 2062, vblanking: 1996(18.799825ms), mode.vblanking: 228(2.147475ms), frame lines: 1768, frame lines for required fps: 3536, line pixels: 2932, FPS: 60, requested FPS: 30, binning factor: {x: 2, y: 2}, analog_gain_range: [1, 16], digital_gain_range: [1, 8], mode index = 2, size = {width: 2104, height: 1536}, pd = 0, frame rate range = [15, 60]
01-23 21:59:04.223  2338  3088 D GRIL-S  : [11615]< UPDATE_DEVICE_STATE 
01-23 21:59:04.223   901  1865 I Lyric   : sensor_node.cc:482: sensor: CPU affinity setting: Auto
01-23 21:59:04.223   901  1865 W Lyric   : multisensor_controller.cc:1632: Front Failed to get pdaf calibration data
01-23 21:59:04.223   901  1865 W Lyric   : sensor_generic_driver.cc:5958: LESHEN Cannot update qsc enable and qsc knot point table because the qsc related register is not available.
01-23 21:59:04.223   901  1865 W Lyric   : sensor_generic_driver.cc:6014: LESHEN Skip setting static DPC: register not exist
01-23 21:59:04.223   901  1865 I Lyric   : generic_subgraph.cc:2072: minimum pipeline delay: 3, is_portrait_mode: 0 pipeline delay: 3
01-23 21:59:04.223   901  1865 I Lyric   : generic_subgraph.cc:2078: hal_touch_roi_tracking_enabled: ENABLED
01-23 21:59:04.223   901  1865 I Lyric   : generic_subgraph.cc:2213: enable_eis_blur_refinement_mask_data_flow=0 camera=1
01-23 21:59:04.223   901  1865 I Lyric   : generic_subgraph.cc:2350: Adding segmentation node
01-23 21:59:04.223   901  1865 I Lyric   : segmentation_node.cc:237: Using Multi-Class Semantic Segmentation Model
01-23 21:59:04.223   901  1865 I Lyric   : segmentation_node.cc:306: segmentation: CPU affinity setting: Big Core
01-23 21:59:04.223   901  1865 I Lyric   : generic_subgraph.cc:2982: Attempt to obtain pd dma output format from sensor mode
01-23 21:59:04.223   901  1865 I Lyric   : isp_subgraph_utils.cc:511: Semantic GU is disabled
01-23 21:59:04.223   901  1865 I Lyric   : zuma_isp_subgraph.cc:864: DSNR is disabled and Skin Texture is disabled in Lyric for camera Front
01-23 21:59:04.223   901  1865 I Lyric   : zuma_isp_subgraph.cc:528: all backend pipelines for nodes: 
01-23 21:59:04.223   901  1865 I Lyric   : zuma_isp_subgraph.cc:529: scaled_streams_raw_to_yuv: Pipeline (ID: (instance_id: 140675), IPs: [ RawToYuv TnrMerge ], Max Outputs: 1, IPConnections: [ {producer: RawToYuv, consumer: TnrMerge, connection_type: votf}, ], Usecase: Realtime)
01-23 21:59:04.223   901  1865 I Lyric   : zuma_isp_subgraph.cc:532: raw_to_yuv_for_snapshot_exceeding_video: Pipeline (ID: (instance_id: 140660), IPs: [ RawToYuv ], Max Outputs: 1, IPConnections: [ ], Usecase: Snapshot)
01-23 21:59:04.223   901  1865 I Lyric   : zuma_isp_subgraph.cc:535: tnr_merge: Pipeline (ID: (instance_id: 140675), IPs: [ RawToYuv TnrMerge ], Max Outputs: 1, IPConnections: [ {producer: RawToYuv, consumer: TnrMerge, connection_type: votf}, ], Usecase: Realtime)
01-23 21:59:04.223   901  1865 I Lyric   : zuma_isp_subgraph.cc:537: preview_mesh_warp: Pipeline (ID: (instance_id: 140676), IPs: [ MeshWarp Scaler ], Max Outputs: 1, IPConnections: [ {producer: MeshWarp, consumer: Scaler, connection_type: votf}, ], Usecase: Realtime)
01-23 21:59:04.223   901  1865 I Lyric   : zuma_isp_subgraph.cc:539: video_mesh_warp: Pipeline (ID: (instance_id: 140663), IPs: [ MeshWarp ], Max Outputs: 1, IPConnections: [ ], Usecase: Video)
01-23 21:59:04.223   901  1865 I Lyric   : zuma_isp_subgraph.cc:541: mesh_warp_for_snapshot_exceeding_video: Pipeline (ID: (instance_id: 140664), IPs: [ MeshWarp ], Max Outputs: 1, IPConnections: [ ], Usecase: Snapshot)
01-23 21:59:04.223   901  1865 I Lyric   : zuma_isp_subgraph.cc:544: pipeline_info_for_dsnr_snapshot_mesh_warp: Pipeline (ID: (instance_id: 140665), IPs: [ MeshWarp ], Max Outputs: 1, IPConnections: [ ], Usecase: SnapshotForDsnr)
01-23 21:59:04.223   901  1865 I Lyric   : zuma_isp_subgraph.cc:547: post_itsc_scaler: Pipeline (ID: (instance_id: 140666), IPs: [ Scaler ], Max Outputs: 0, IPConnections: [ ], Usecase: PostItsc)
01-23 21:59:04.223   901  1865 I Lyric   : zuma_isp_subgraph.cc:549: preview_scaler: Pipeline (ID: (instance_id: 140676), IPs: [ MeshWarp Scaler ], Max Outputs: 1, IPConnections: [ {producer: MeshWarp, consumer: Scaler, connection_type: votf}, ], Usecase: Realtime)
01-23 21:59:04.223   901  1865 I Lyric   : zuma_isp_subgraph.cc:551: video_scaler: Pipeline (ID: (instance_id: 140668), IPs: [ Scaler ], Max Outputs: 0, IPConnections: [ ], Usecase: Video)
01-23 21:59:04.223   901  1865 I Lyric   : zuma_isp_subgraph.cc:553: scaler_for_snapshot_exceeding_video: Pipeline (ID: (instance_id: 140669), IPs: [ Scaler ], Max Outputs: 0, IPConnections: [ ], Usecase: Snapshot)
01-23 21:59:04.223   901  1865 I Lyric   : zuma_isp_subgraph.cc:556: recomp_scaler: Pipeline (ID: (instance_id: 140670), IPs: [ Scaler ], Max Outputs: 0, IPConnections: [ ], Usecase: Recomposition)
01-23 21:59:04.223   901  1865 I Lyric   : zuma_isp_subgraph.cc:558: pipeline_info_for_dsnr_snapshot_scaler: Pipeline (ID: (instance_id: 140671), IPs: [ Scaler ], Max Outputs: 0, IPConnections: [ ], Usecase: SnapshotForDsnr)
01-23 21:59:04.223   901  1865 I Lyric   : zuma_isp_subgraph.cc:562: pipeline_info_for_throttled_scaled_streams_raw_to_yuv: Pipeline (ID: (instance_id: 140672), IPs: [ RawToYuv ], Max Outputs: 1, IPConnections: [ ], Usecase: Realtime)
01-23 21:59:04.223   901  1865 I Lyric   : zuma_isp_subgraph.cc:565: pipeline_info_for_throttled_recomposition_scaler: Pipeline (ID: (instance_id: 140673), IPs: [ Scaler ], Max Outputs: 0, IPConnections: [ ], Usecase: Recomposition)
01-23 21:59:04.223   901  1865 I Lyric   : zuma_isp_subgraph.cc:568: pipeline_info_for_throttled_preview_scaler: Pipeline (ID: (instance_id: 140674), IPs: [ Scaler ], Max Outputs: 1, IPConnections: [ ], Usecase: Realtime)
01-23 21:59:04.223   901  1865 I Lyric   : fe_node.cc:647: frontend enabling setting_effective_frame_override output
01-23 21:59:04.223   901  1865 I Lyric   : unified_zuma_front_end_controller.cc:1067: LMP DDS crop enabled: false, AutoCal crop enabled: false, YUV to framework enabled: false
01-23 21:59:04.223  1141  1141 D AOC     : A3:MSG: usf_sensor.cc, 1784: USF: Received start sampling request for Camera V-Sync 1 (active:1).
01-23 21:59:04.223   901  1865 I Lyric   : whi_like_isp_back_end_core_subgraph.cc:420: Enable TNR nodes in graph
01-23 21:59:04.223   901  1865 I Lyric   : whi_like_isp_back_end_core_subgraph.cc:541: TnrMergeNode is configured to output consumer type 2 fmt: HalImageFormat{ pixel_format = YCBCR_420_SPN_10B, stride_alignment = 64, num_buffers = 1 } for Front
01-23 21:59:04.223   901  1865 I Lyric   : whi_like_isp_back_end_core_subgraph.cc:828: RawToYuvNode is configured to output consumer type 0 fmt: HalImageFormat{ pixel_format = YCBCR_420_SPN_10B, stride_alignment = 16, num_buffers = 1 } for Front
01-23 21:59:04.223   901  1865 I Lyric   : whi_like_isp_back_end_core_subgraph.cc:933: RawToYuvNode for snapshot exceeding video is configured to output consumer type 2 fmt: HalImageFormat{ pixel_format = YCBCR_420_SPN_10B, stride_alignment = 64, num_buffers = 1 } for Front
01-23 21:59:04.224   901  1865 I Lyric   : whi_like_isp_post_proc_subgraph.cc:265: Including MeshWarpNode
01-23 21:59:04.224   901  1865 I Lyric   : whi_like_isp_post_proc_subgraph.cc:291: Including mesh warp pipeline for preview
01-23 21:59:04.224   901  1865 I Lyric   : whi_like_isp_post_proc_subgraph.cc:321: Preview mesh warp is configured to output HalImageFormat{ pixel_format = YCBCR_420_SPN_10B, stride_alignment = 64, num_buffers = 1 }
01-23 21:59:04.224   901  1865 I Lyric   : camera_device_session_manager_base.cc:1520: Stream 0 limited to 7 inflight requests
01-23 21:59:04.224   901  1865 I Lyric   : camera_device_session_manager_base.cc:1530: Front frontend limited to 3 inflight requests
01-23 21:59:04.224   901  1865 I Lyric   : generic_subgraph.cc:3459: camera_id = 1; is_front_camera = 1; is_1p_camera_app = 0; video_call = 1
01-23 21:59:04.224   901  1865 W Lyric   : auto_white_balance_node.cc:319: awb does not have available actuator controller for fetching the latest actuator target position.
01-23 21:59:04.224   901  1865 I Lyric   : auto_exposure_node.cc:696: ae: CPU affinity setting: Medium Core : Priority: Realtime
01-23 21:59:04.224   926  1687 I sensor-suez: Vendor atom [id = 100242] reported.
01-23 21:59:04.224   901  1865 I Lyric   : generic_subgraph.cc:3736: 2 calls in 807 sec(s): DmaMemoryAllocationCost size is set to 0 MiB.
01-23 21:59:04.224   926  1687 I sensor-suez: Vendor atom [id = 100243] reported.
01-23 21:59:04.224   901  1807 I Lyric   : binder_sensor_vsync_reader.cc:41: Enabled BinderSensorVsyncReader, cam_vsync_id: 1
01-23 21:59:04.224   901  1807 W Lyric   : shutter_notification_manager.cc:138: Sensor with vsync id : 1 creating vsync sensor connection spent 23.873576ms
01-23 21:59:04.224   926   926 D USF     : ION fd [29] translated to handle [0x476e23c9].
01-23 21:59:04.225   901  1865 I Lyric   : face_detection_node.cc:352: Face Detection: FaceDetectionNode: update expected scaled YUV size to 640 x 480
01-23 21:59:04.226   901  1865 W Lyric   : rectiface_node.cc:419: Deferrable rectiface spec does not have any value
01-23 21:59:04.226   901  1865 I Lyric   : whi_like_isp_back_end_core_subgraph.cc:197: RawToYuvNode(Front) output size: {width: 1024, height: 768}
01-23 21:59:04.226   901  1865 I Lyric   : camera_device_session_manager_base.cc:616: Successfully constructed graph: top_graph_for_camera_Front, graph class: GenericGraph, graph_configuration:
01-23 21:59:04.226   901  1865 I Lyric   : graph_configuration.cc:374: {type: Streaminfo, stream_id: 0, camera_id: Front, format: YCBCR_420_888, width: 640, height: 480, usage: [], stream_type: Output, use_case: Default, data_space: DataSpace(Color)::(Standard: BT601_625, Transfer: SMPTE_170M, Range: Full), is_framework_physical_stream: 0, dynamic_range_profile: Standard, intended_for_max_resolution_mode: 0, group_id: -1, is_tunable: 1}
01-23 21:59:04.226   901  1865 I Lyric   : graph_configuration.cc:377: {type: StreamConfigurationMode, Front: Normal}
01-23 21:59:04.226   901  1865 I Lyric   : camera_performance_analyzer.cc:31: [CPA] CPA-Lite is enabled.
01-23 21:59:04.226   901  1865 I Lyric   : graph_runner_deferring_work_queue.cc:321: GraphRunner: Using GraphRunnerDeferringWorkQueue
01-23 21:59:04.226   901  1865 I Lyric   : graph_runner_deferring_work_queue.cc:323: Thread pool config , Input Priority: Realtime, affinity: Auto, process group: CameraServicePerformance, # of threads: 6
01-23 21:59:04.226   901  1865 I Lyric   : graph_runner_deferring_work_queue.cc:323: Thread pool config , Input Priority: High, affinity: Auto, process group: CameraServicePerformance, # of threads: 4
01-23 21:59:04.226   901  1865 I Lyric   : graph_runner_deferring_work_queue.cc:323: Thread pool config , Input Priority: Normal, affinity: Auto, process group: CameraServicePerformance, # of threads: 3
01-23 21:59:04.226   901  1865 I Lyric   : graph_runner_deferring_work_queue.cc:389: Initializing deferring work queue RunnerR:P+:A with: wake threshold: 0; soft maximum: 6; underlying queue: fifo
01-23 21:59:04.226   901  1865 I Lyric   : graph_runner_deferring_work_queue.cc:389: Initializing deferring work queue RunnerH:P+:A with: wake threshold: 0; soft maximum: 4; underlying queue: fifo
01-23 21:59:04.226   901  1865 I Lyric   : graph_runner_deferring_work_queue.cc:389: Initializing deferring work queue RunnerN:P+:A with: wake threshold: 0; soft maximum: 3; underlying queue: fifo
01-23 21:59:04.226   901  1865 I Lyric   : camera_device_session_manager_base.cc:719: CameraMode: 8
01-23 21:59:04.226   901  1865 I Lyric   : camera_device_session_manager_base.cc:973: Attempting to start graph:top_graph_for_camera_Front
01-23 21:59:04.227   901  1865 I Lyric   : processing_graph.cc:274: Starting nodes based on DEFAULT
01-23 21:59:04.227   901  1416 I Lyric   : sensor_node.cc:489: sensor SensorNode starting for sensor: LESHEN, camera: Front
01-23 21:59:04.227   901  1865 I Lyric   : camera_device_session_manager_base.cc:977: Successfully started graph:top_graph_for_camera_Front
01-23 21:59:04.227   901  1415 I Lyric   : sensor_generic_driver.cc:2671: LESHEN set mode success.
01-23 21:59:04.227   901  1416 I Lyric   : motion_sensor_controller_proxy.cc:437: MotionSensor context requests resource change to normal.
01-23 21:59:04.227   901 21073 I StreamBufferCacheManager: Create: Created StreamBufferCacheManager.
01-23 21:59:04.227   901 21073 I GCH_CameraDeviceSession: RegisterStreamsIntoCacheManagerLocked: [sbc] Registered stream 0 into SBC manager.
01-23 21:59:04.227   901  1417 I Lyric   : face_detection_engine_face_ssd.cc:270: Face Detection: FaceDetectionEngineFaceSsd::Initialize::CreateDetector takes 16.032us
01-23 21:59:04.227   926   926 D usf_sensor_hal: accelerometer: ConfigDirectReport: start sampling, period = 5000000.
01-23 21:59:04.227   901  1417 I Lyric   : face_detection_controller.cc:463: Face Detection: Using graph runner thread pool.
01-23 21:59:04.227   901  1417 W Lyric   : fe_node.cc:793: frontend Failed to get pdaf calibration data
01-23 21:59:04.227   901  1417 I Lyric   : unified_zuma_front_end_controller.cc:1067: LMP DDS crop enabled: false, AutoCal crop enabled: false, YUV to framework enabled: false
01-23 21:59:04.227   901  1417 I Lyric   : per_camera_barrier_impl.cc:47: Blocker for FeControllerBlockCam1ToStartExp0#0 acquired
01-23 21:59:04.227   901  1417 I Lyric   : unified_zuma_front_end_controller.cc:1116: [CAM1] Ready to acquire driver context for sensor LESHEN, mode_index 2, csi-ch 6, at (4208x3072). With a normal lens at front position.
01-23 21:59:04.228   901  1417 I Lyric   : zuma_fe_driver.cc:948: Power Context acquired in FE driver.
01-23 21:59:04.228   901  1417 I Lyric   : zuma_fe_driver.cc:1101: [ISPFE] Enabling the device
01-23 21:59:04.228   901  1416 I Lyric   : whi_rectiface_controller.cc:72: camera_hal_id 1 active array 4208 3072
01-23 21:59:04.228   901  1418 I native  : I0000 00:00:1769227144.228229    1418 pipeline_manager.cc:119] Pipeline override succeeded. Pipelinetype is overridden to: DSP_TPU
01-23 21:59:04.228   901  1418 I native  : I0000 00:00:1769227144.228333    1418 mlpipe.cc:155] Mlpipe: Init mlpipe with model type: MCSSD_V3 pipeline type: DSP_TPU
01-23 21:59:04.228  1141  1141 D AOC     : A3:MSG: usf_sensor.cc, 1784: USF: Received start sampling request for LSM6DSV Accelerometer (active:6).
01-23 21:59:04.229   901  1418 I native  : I0000 00:00:1769227144.228995    1418 gxp_host_late_binding.cc:428] GXP Runtime: App version 1.68. Android libgxp.so version 1.68
