01-23 21:49:43.689  1505  1960 W InputDispatcher: Not sending touch gesture to 13ccc55 ActivityRecordInputSink com.mobileinvoice.ocr/.MainActivity because it has config NO_INPUT_CHANNEL
01-23 21:49:43.698  1505  1960 W InputDispatcher: Not sending touch gesture to 13ccc55 ActivityRecordInputSink com.mobileinvoice.ocr/.MainActivity because it has config NO_INPUT_CHANNEL
01-23 21:49:43.707  1505  1960 W InputDispatcher: Not sending touch gesture to 13ccc55 ActivityRecordInputSink com.mobileinvoice.ocr/.MainActivity because it has config NO_INPUT_CHANNEL
01-23 21:49:43.891  1505  1949 D ActivityManager: freezing 12766 com.google.android.photopicker
01-23 21:49:43.897  1505  2010 D InetDiagMessage: Destroyed 0 sockets, proto=IPPROTO_TCP, family=AF_INET, states=14
01-23 21:49:43.899  1505  2010 D InetDiagMessage: Destroyed 0 sockets, proto=IPPROTO_TCP, family=AF_INET6, states=14
01-23 21:49:43.899  1505  2010 D InetDiagMessage: Destroyed live tcp sockets for uids={10270} in 5ms
01-23 21:49:44.185  1141  1141 D AOC     : A3:MSG: tmd3733_device.cc, 4358: USF: TMD3733: R/C:0.27 2D->0C d_lux:-1.0 c_lux:11.0/-1.0 c_coeff:0.58/-1.00
01-23 21:49:44.186  1141  1141 D AOC     : A3:MSG: tmd3733_device.cc, 4361: USF: TMD3733:  w:0.00 C:4.49 d_leak:0.1 c_leak:0.0 lux:11.0 leak:0.0
01-23 21:49:44.191   895  2698 I bthal.activity: bt_power: LeAdvStat: 21:49:42:377 - 21:49:44:190, duration: 1813, le_adv_count: 8, total_le_adv_count: 580262, total_event_count: 18
01-23 21:49:44.325   950   950 I WifiHAL : Creating message to get link statistics; iface = 47
01-23 21:49:44.373  2294  2706 W BluetoothRemoteDevices: Address type mismatch for XX:XX:XX:XX:8D:94, new type: 1
01-23 21:49:44.426   950   950 I WifiHAL : index: 0 per_rate_size 32, data_rem_len 1152
01-23 21:49:44.426   950   950 I WifiHAL : index: 1 per_rate_size 32, data_rem_len 1120
01-23 21:49:44.426   950   950 I WifiHAL : index: 2 per_rate_size 32, data_rem_len 1088
01-23 21:49:44.426   950   950 I WifiHAL : index: 3 per_rate_size 32, data_rem_len 1056
01-23 21:49:44.426   950   950 I WifiHAL : index: 4 per_rate_size 32, data_rem_len 1024
01-23 21:49:44.426   950   950 I WifiHAL : index: 5 per_rate_size 32, data_rem_len 992
01-23 21:49:44.426   950   950 I WifiHAL : index: 6 per_rate_size 32, data_rem_len 960
01-23 21:49:44.426   950   950 I WifiHAL : index: 7 per_rate_size 32, data_rem_len 928
01-23 21:49:44.426   950   950 I WifiHAL : index: 8 per_rate_size 32, data_rem_len 896
01-23 21:49:44.426   950   950 I WifiHAL : index: 9 per_rate_size 32, data_rem_len 864
01-23 21:49:44.426   950   950 I WifiHAL : index: 10 per_rate_size 32, data_rem_len 832
01-23 21:49:44.426   950   950 I WifiHAL : index: 11 per_rate_size 32, data_rem_len 800
01-23 21:49:44.426   950   950 I WifiHAL : index: 12 per_rate_size 32, data_rem_len 768
01-23 21:49:44.426   950   950 I WifiHAL : index: 13 per_rate_size 32, data_rem_len 736
01-23 21:49:44.426   950   950 I WifiHAL : index: 14 per_rate_size 32, data_rem_len 704
01-23 21:49:44.426   950   950 I WifiHAL : index: 15 per_rate_size 32, data_rem_len 672
01-23 21:49:44.426   950   950 I WifiHAL : index: 16 per_rate_size 32, data_rem_len 640
01-23 21:49:44.426   950   950 I WifiHAL : index: 17 per_rate_size 32, data_rem_len 608
01-23 21:49:44.426   950   950 I WifiHAL : index: 18 per_rate_size 32, data_rem_len 576
01-23 21:49:44.426   950   950 I WifiHAL : index: 19 per_rate_size 32, data_rem_len 544
01-23 21:49:44.426   950   950 I WifiHAL : index: 20 per_rate_size 32, data_rem_len 512
01-23 21:49:44.426   950   950 I WifiHAL : index: 21 per_rate_size 32, data_rem_len 480
01-23 21:49:44.426   950   950 I WifiHAL : index: 22 per_rate_size 32, data_rem_len 448
01-23 21:49:44.426   950   950 I WifiHAL : index: 23 per_rate_size 32, data_rem_len 416
01-23 21:49:44.426   950   950 I WifiHAL : index: 24 per_rate_size 32, data_rem_len 384
01-23 21:49:44.426   950   950 I WifiHAL : index: 25 per_rate_size 32, data_rem_len 352
01-23 21:49:44.426   950   950 I WifiHAL : index: 26 per_rate_size 32, data_rem_len 320
01-23 21:49:44.426   950   950 I WifiHAL : index: 27 per_rate_size 32, data_rem_len 288
01-23 21:49:44.426   950   950 I WifiHAL : index: 28 per_rate_size 32, data_rem_len 256
01-23 21:49:44.426   950   950 I WifiHAL : index: 29 per_rate_size 32, data_rem_len 224
01-23 21:49:44.426   950   950 I WifiHAL : index: 30 per_rate_size 32, data_rem_len 192
01-23 21:49:44.426   950   950 I WifiHAL : index: 31 per_rate_size 32, data_rem_len 160
01-23 21:49:44.426   950   950 I WifiHAL : index: 32 per_rate_size 32, data_rem_len 128
01-23 21:49:44.426   950   950 I WifiHAL : index: 33 per_rate_size 32, data_rem_len 96
01-23 21:49:44.426   950   950 I WifiHAL : index: 34 per_rate_size 32, data_rem_len 64
01-23 21:49:44.426   950   950 I WifiHAL : index: 35 per_rate_size 32, data_rem_len 32
01-23 21:49:44.427   950   950 E libbinder.IPCThreadState: binder thread pool (1 threads) starved for 102 ms
01-23 21:49:44.429   950   950 I WifiHAL : Getting cached scan results, iface handle = 0xb4000077f3523650
01-23 21:49:44.429   950   950 E WifiHAL : Creating message to get cached scan results
01-23 21:49:44.435   950   950 I WifiHAL : In GetCachedScanResultsCommand::handleResponse
01-23 21:49:44.452  8002  8024 D AidlBufferPool: bufferpool2 0xb40000775d60e358 : 5(19200 size) total buffers - 4(15360 size) used buffers - 197607/197612 (recycle/alloc) - 328/395215 (fetch/transfer)
01-23 21:49:44.488  1505  2010 D ConnectivityService: NetReassign [no changes] [c 6] [a 2] [i 4]
01-23 21:49:45.178  1113  8032 D AidlBufferPool: bufferpool2 0xb40000773c418538 : 3(9000 size) total buffers - 1(3000 size) used buffers - 197636/197645 (recycle/alloc) - 24/197643 (fetch/transfer)
01-23 21:49:45.187  1141  1141 D AOC     : A3:MSG: tmd3733_device.cc, 4358: USF: TMD3733: R/C:0.36 0C->1CD d_lux:8.7 c_lux:10.4/-1.0 c_coeff:0.83/-1.00
01-23 21:49:45.187  1141  1141 D AOC     : A3:MSG: tmd3733_device.cc, 4361: USF: TMD3733:  w:0.65 C:3.00 d_leak:0.1 c_leak:0.0 lux:9.8 leak:0.0
01-23 21:49:45.255 15565 15577 I pixel-thermal: disp_therm:27.385 raw data: disp_therm:27385 
01-23 21:49:45.439   895  2698 I bthal.activity: bt_power: LeAdvStat: 21:49:44:360 - 21:49:45:439, duration: 1078, le_adv_count: 4, total_le_adv_count: 580266, total_event_count: 4
01-23 21:49:45.670  2294  2706 W BluetoothRemoteDevices: Address type mismatch for XX:XX:XX:XX:8D:94, new type: 1
01-23 21:49:45.791  2294  2706 W BluetoothRemoteDevices: Address type mismatch for XX:XX:XX:XX:8D:94, new type: 1
01-23 21:49:46.150   505   615 D DisplayModeController: setDesiredMode 4619827677550801152 {mode={fps=60.00 Hz, modePtr={id=0, vsyncRate=60.00 Hz, peakRefreshRate=60.00 Hz}}, emitEvent=false, force=false}
01-23 21:49:46.159   511  3652 D hwc-display: setActiveConfigWithConstraints:: PrimaryDisplay config(36) test(0)
01-23 21:49:46.159   511  3652 I hwc-display: [PrimaryDisplay] setActiveConfigWithConstraints: config(36)
01-23 21:49:46.187  1141  1141 D AOC     : A3:MSG: tmd3733_device.cc, 3186: USF: TMD3733: vsync_delay_usec: 13000
01-23 21:49:46.225  1141  1141 D AOC     : A3:MSG: tmd3733_device.cc, 4358: USF: TMD3733: R/C:0.59 1CD->2D d_lux:29.9 c_lux:-1.0/-1.0 c_coeff:-1.00/-1.00
01-23 21:49:46.226  1141  1141 D AOC     : A3:MSG: tmd3733_device.cc, 4361: USF: TMD3733:  w:0.00 C:14.74 d_leak:0.1 c_leak:0.0 lux:29.9 leak:0.1
01-23 21:49:46.791   895  2698 I bthal.activity: bt_power: LeAdvStat: 21:49:45:666 - 21:49:46:790, duration: 1124, le_adv_count: 5, total_le_adv_count: 580271, total_event_count: 5
01-23 21:49:47.087  2294  2706 W BluetoothRemoteDevices: Address type mismatch for XX:XX:XX:XX:8D:94, new type: 1
01-23 21:49:47.233  1141  1141 D AOC     : A3:MSG: tmd3733_device.cc, 4358: USF: TMD3733: R/C:0.49 2D->1CD d_lux:24.8 c_lux:21.4/-1.0 c_coeff:0.50/-1.00
01-23 21:49:47.233  1141  1141 D AOC     : A3:MSG: tmd3733_device.cc, 4361: USF: TMD3733:  w:0.01 C:10.24 d_leak:0.1 c_leak:0.0 lux:24.8 leak:0.1
01-23 21:49:47.278   505   615 D DisplayModeController: setDesiredMode 4619827677550801152 {mode={fps=120.00 Hz, modePtr={id=1, vsyncRate=120.00 Hz, peakRefreshRate=120.00 Hz}}, emitEvent=true, force=false}
01-23 21:49:47.296   511  3652 D hwc-display: setActiveConfigWithConstraints:: PrimaryDisplay config(37) test(0)
01-23 21:49:47.296   511  3652 I hwc-display: [PrimaryDisplay] setActiveConfigWithConstraints: config(37)
01-23 21:49:47.320  1141  1141 D AOC     : A3:MSG: tmd3733_device.cc, 3186: USF: TMD3733: vsync_delay_usec: 5800
01-23 21:49:47.322   934  8062 D AidlBufferPool: bufferpool2 0xb400007e2f3eb2b8 : 6(23562816 size) total buffers - 5(19635680 size) used buffers - 27876/27998 (recycle/alloc) - 871/27992 (fetch/transfer)
01-23 21:49:47.477   950   950 I WifiHAL : Creating message to get link statistics; iface = 47
01-23 21:49:47.524   950   950 I WifiHAL : index: 0 per_rate_size 32, data_rem_len 1152
01-23 21:49:47.524   950   950 I WifiHAL : index: 1 per_rate_size 32, data_rem_len 1120
01-23 21:49:47.524   950   950 I WifiHAL : index: 2 per_rate_size 32, data_rem_len 1088
01-23 21:49:47.524   950   950 I WifiHAL : index: 3 per_rate_size 32, data_rem_len 1056
01-23 21:49:47.524   950   950 I WifiHAL : index: 4 per_rate_size 32, data_rem_len 1024
01-23 21:49:47.524   950   950 I WifiHAL : index: 5 per_rate_size 32, data_rem_len 992
01-23 21:49:47.524   950   950 I WifiHAL : index: 6 per_rate_size 32, data_rem_len 960
01-23 21:49:47.524   950   950 I WifiHAL : index: 7 per_rate_size 32, data_rem_len 928
01-23 21:49:47.524   950   950 I WifiHAL : index: 8 per_rate_size 32, data_rem_len 896
01-23 21:49:47.524   950   950 I WifiHAL : index: 9 per_rate_size 32, data_rem_len 864
01-23 21:49:47.524   950   950 I WifiHAL : index: 10 per_rate_size 32, data_rem_len 832
01-23 21:49:47.524   950   950 I WifiHAL : index: 11 per_rate_size 32, data_rem_len 800
01-23 21:49:47.524   950   950 I WifiHAL : index: 12 per_rate_size 32, data_rem_len 768
01-23 21:49:47.524   950   950 I WifiHAL : index: 13 per_rate_size 32, data_rem_len 736
01-23 21:49:47.524   950   950 I WifiHAL : index: 14 per_rate_size 32, data_rem_len 704
01-23 21:49:47.524   950   950 I WifiHAL : index: 15 per_rate_size 32, data_rem_len 672
01-23 21:49:47.524   950   950 I WifiHAL : index: 16 per_rate_size 32, data_rem_len 640
01-23 21:49:47.524   950   950 I WifiHAL : index: 17 per_rate_size 32, data_rem_len 608
01-23 21:49:47.524   950   950 I WifiHAL : index: 18 per_rate_size 32, data_rem_len 576
01-23 21:49:47.524   950   950 I WifiHAL : index: 19 per_rate_size 32, data_rem_len 544
01-23 21:49:47.524   950   950 I WifiHAL : index: 20 per_rate_size 32, data_rem_len 512
01-23 21:49:47.524   950   950 I WifiHAL : index: 21 per_rate_size 32, data_rem_len 480
01-23 21:49:47.524   950   950 I WifiHAL : index: 22 per_rate_size 32, data_rem_len 448
01-23 21:49:47.524   950   950 I WifiHAL : index: 23 per_rate_size 32, data_rem_len 416
01-23 21:49:47.524   950   950 I WifiHAL : index: 24 per_rate_size 32, data_rem_len 384
01-23 21:49:47.525   950   950 I WifiHAL : index: 25 per_rate_size 32, data_rem_len 352
01-23 21:49:47.525   950   950 I WifiHAL : index: 26 per_rate_size 32, data_rem_len 320
01-23 21:49:47.525   950   950 I WifiHAL : index: 27 per_rate_size 32, data_rem_len 288
01-23 21:49:47.525   950   950 I WifiHAL : index: 28 per_rate_size 32, data_rem_len 256
01-23 21:49:47.525   950   950 I WifiHAL : index: 29 per_rate_size 32, data_rem_len 224
01-23 21:49:47.525   950   950 I WifiHAL : index: 30 per_rate_size 32, data_rem_len 192
01-23 21:49:47.525   950   950 I WifiHAL : index: 31 per_rate_size 32, data_rem_len 160
01-23 21:49:47.525   950   950 I WifiHAL : index: 32 per_rate_size 32, data_rem_len 128
01-23 21:49:47.525   950   950 I WifiHAL : index: 33 per_rate_size 32, data_rem_len 96
01-23 21:49:47.525   950   950 I WifiHAL : index: 34 per_rate_size 32, data_rem_len 64
01-23 21:49:47.525   950   950 I WifiHAL : index: 35 per_rate_size 32, data_rem_len 32
01-23 21:49:47.526   950   950 I WifiHAL : Getting cached scan results, iface handle = 0xb4000077f3523650
01-23 21:49:47.526   950   950 E WifiHAL : Creating message to get cached scan results
01-23 21:49:47.533   950   950 I WifiHAL : In GetCachedScanResultsCommand::handleResponse
01-23 21:49:47.582  1505  2010 D ConnectivityService: NetReassign [no changes] [c 4] [a 2] [i 4]
01-23 21:49:47.746  1075  1097 I WPKTRT  : process_address_event: fdfe:5e6c:2e69:98de:c497:7ff:fee3:90ae added to wlan0
01-23 21:49:47.746  1075  1097 I WPKTRT  : process_address_event: fdfe:5e6c:2e69:98de:5664:1fca:4e5b:9d56 added to wlan0
01-23 21:49:47.746  1075  1097 I WPKTRT  : process_address_event: 2607:fb91:3c85:56:c497:7ff:fee3:90ae added to wlan0
01-23 21:49:47.746  1075  1097 I WPKTRT  : process_address_event: 2607:fb91:3c85:56:80dd:e640:201b:1c79 added to wlan0
01-23 21:49:47.749  2314 11898 W AlarmManager: Unrecognized alarm listener com.android.networkstack.android.net.ip.IpClientLinkObserver$Dhcp6PdPreferredPrefixAlarmListener@11f19df
01-23 21:49:47.750  2314 11898 W AlarmManager: Unrecognized alarm listener com.android.networkstack.android.net.ip.IpClientLinkObserver$Dhcp6PdPreferredPrefixAlarmListener@11f19df
01-23 21:49:47.756  2314 11898 D ApfFilter: (wlan0): Adding RA fe80::1aa5:ffff:fec2:72ca -> ff02::1 180s fdfe:5e6c:2e69:98de::/64 3600s/3600s 2607:fb91:3c85:56::/64 300s/300s DNS 180s fe80::1aa5:ffff:fec2:72ca RIO 180s ::/0 
01-23 21:49:47.753  2314  2314 W IpClient.wlan0: type=1400 audit(0.0:99861): avc:  denied  { search } for  name="net" dev="sysfs" ino=31976 scontext=u:r:network_stack:s0 tcontext=u:object_r:sysfs_net:s0 tclass=dir permissive=0
01-23 21:49:47.760  2314 11898 E ProcfsParsingUtils: failed to read /sys/class/net/wlan0/mtu
01-23 21:49:47.760  2314 11898 E ProcfsParsingUtils: java.nio.file.AccessDeniedException: /sys/class/net/wlan0/mtu
01-23 21:49:47.760  2314 11898 E ProcfsParsingUtils: 	at sun.nio.fs.UnixFileSystemProvider.newByteChannel(UnixFileSystemProvider.java:220)
01-23 21:49:47.760  2314 11898 E ProcfsParsingUtils: 	at java.nio.file.Files.newByteChannel(Files.java:371)
01-23 21:49:47.760  2314 11898 E ProcfsParsingUtils: 	at java.nio.file.Files.newByteChannel(Files.java:422)
01-23 21:49:47.760  2314 11898 E ProcfsParsingUtils: 	at java.nio.file.spi.FileSystemProvider.newInputStream(FileSystemProvider.java:420)
01-23 21:49:47.760  2314 11898 E ProcfsParsingUtils: 	at java.nio.file.Files.newInputStream(Files.java:156)
01-23 21:49:47.760  2314 11898 E ProcfsParsingUtils: 	at java.nio.file.Files.newBufferedReader(Files.java:2844)
01-23 21:49:47.760  2314 11898 E ProcfsParsingUtils: 	at com.android.networkstack.com.android.net.module.util.ProcfsParsingUtils.readFile(ProcfsParsingUtils.java:75)
01-23 21:49:47.760  2314 11898 E ProcfsParsingUtils: 	at com.android.networkstack.com.android.net.module.util.ProcfsParsingUtils.getInterfaceMtu(ProcfsParsingUtils.java:350)
01-23 21:49:47.760  2314 11898 E ProcfsParsingUtils: 	at com.android.networkstack.android.net.apf.ApfFilter$Dependencies.getInterfaceMtu(ApfFilter.java:823)
01-23 21:49:47.760  2314 11898 E ProcfsParsingUtils: 	at com.android.networkstack.android.net.apf.ApfFilter.installNewProgram(ApfFilter.java:4004)
01-23 21:49:47.760  2314 11898 E ProcfsParsingUtils: 	at com.android.networkstack.android.net.apf.ApfFilter.processRa(ApfFilter.java:4215)
01-23 21:49:47.760  2314 11898 E ProcfsParsingUtils: 	at com.android.networkstack.android.net.apf.ApfFilter$RaPacketReader.handlePacket(ApfFilter.java:374)
01-23 21:49:47.760  2314 11898 E ProcfsParsingUtils: 	at com.android.networkstack.android.net.apf.ApfFilter$RaPacketReader.handlePacket(ApfFilter.java:358)
01-23 21:49:47.760  2314 11898 E ProcfsParsingUtils: 	at com.android.networkstack.com.android.net.module.util.FdEventsReader.handleInput(FdEventsReader.java:277)
01-23 21:49:47.760  2314 11898 E ProcfsParsingUtils: 	at com.android.networkstack.com.android.net.module.util.FdEventsReader.lambda$createAndRegisterFd$0(FdEventsReader.java:233)
01-23 21:49:47.760  2314 11898 E ProcfsParsingUtils: 	at com.android.networkstack.com.android.net.module.util.FdEventsReader.$r8$lambda$jjSC4hVD2AlVH3T-DbWnF2T3fK8(FdEventsReader.java:0)
01-23 21:49:47.760  2314 11898 E ProcfsParsingUtils: 	at com.android.networkstack.com.android.net.module.util.FdEventsReader$$ExternalSyntheticLambda0.onFileDescriptorEvents(R8$$SyntheticClass:0)
01-23 21:49:47.760  2314 11898 E ProcfsParsingUtils: 	at android.os.MessageQueue.dispatchEvents(MessageQueue.java:647)
01-23 21:49:47.760  2314 11898 E ProcfsParsingUtils: 	at android.os.MessageQueue.nativePollOnce(Native Method)
01-23 21:49:47.760  2314 11898 E ProcfsParsingUtils: 	at android.os.MessageQueue.nextConcurrent(MessageQueue.java:923)
01-23 21:49:47.760  2314 11898 E ProcfsParsingUtils: 	at android.os.MessageQueue.next(MessageQueue.java:1110)
01-23 21:49:47.760  2314 11898 E ProcfsParsingUtils: 	at android.os.Looper.loopOnce(Looper.java:197)
01-23 21:49:47.760  2314 11898 E ProcfsParsingUtils: 	at android.os.Looper.loop(Looper.java:349)
01-23 21:49:47.760  2314 11898 E ProcfsParsingUtils: 	at android.os.HandlerThread.run(HandlerThread.java:100)
01-23 21:49:47.770   950   950 E WifiHAL : Setting APF program, halHandle = 0xb4000077f3523650
01-23 21:49:47.770   950   950 E WifiHAL : Set apf filter for iface = wlan0
01-23 21:49:47.770   950   950 I WifiHAL : createRequest: APF set program request
01-23 21:49:47.770   950   950 I WifiHAL : mProgramLen : 1966
01-23 21:49:48.162   895  2698 I bthal.activity: bt_power: LeAdvStat: 21:49:47:082 - 21:49:48:161, duration: 1079, le_adv_count: 3, total_le_adv_count: 580274, total_event_count: 3
01-23 21:49:48.244  1141  1141 D AOC     : A3:MSG: tmd3733_device.cc, 4358: USF: TMD3733: R/C:0.55 1CD->2D d_lux:14.2 c_lux:-1.0/-1.0 c_coeff:-1.00/-1.00
01-23 21:49:48.244  1141  1141 D AOC     : A3:MSG: tmd3733_device.cc, 4361: USF: TMD3733:  w:0.00 C:6.25 d_leak:0.1 c_leak:0.0 lux:14.2 leak:0.1
01-23 21:49:48.645  2294  2706 W BluetoothRemoteDevices: Address type mismatch for XX:XX:XX:XX:8D:94, new type: 1
01-23 21:49:48.796   505   615 D DisplayModeController: setDesiredMode 4619827677550801152 {mode={fps=60.00 Hz, modePtr={id=0, vsyncRate=60.00 Hz, peakRefreshRate=60.00 Hz}}, emitEvent=false, force=false}
01-23 21:49:48.803   511   605 D hwc-display: setActiveConfigWithConstraints:: PrimaryDisplay config(36) test(0)
01-23 21:49:48.804   511   605 I hwc-display: [PrimaryDisplay] setActiveConfigWithConstraints: config(36)
01-23 21:49:48.829  1141  1141 D AOC     : A3:MSG: tmd3733_device.cc, 3186: USF: TMD3733: vsync_delay_usec: 13000
01-23 21:49:49.253  1141  1141 D AOC     : A3:MSG: tmd3733_device.cc, 4358: USF: TMD3733: R/C:0.27 2D->0C d_lux:-1.0 c_lux:11.0/-1.0 c_coeff:0.58/-1.00
01-23 21:49:49.254  1141  1141 D AOC     : A3:MSG: tmd3733_device.cc, 4361: USF: TMD3733:  w:0.00 C:4.49 d_leak:0.1 c_leak:0.0 lux:11.0 leak:0.0
01-23 21:49:49.555  8934 21244 I NearbyMediums: Found Fast Ble Advertisements :
01-23 21:49:49.555  8934 21244 I NearbyMediums: BleAdvertisement { version=2, socketVersion=2, isFast=true, serviceIdHash=null, data=[ 0x23 0x33 0x45 0x4c 0x44 0x11 0x34 0x11 0x89 0x0b 0x7a 0xf3 0x4a 0xb5 0x76 0x11 0x78 0x47 0x9f 0x4b 0xb9 0x8d 0x30 ], deviceToken=[ 0xd2 0x08 ], rxAdvertisement=null } : 1 times.
01-23 21:49:49.555  8934 21244 I NearbyMediums: BleAdvertisement { version=2, socketVersion=2, isFast=true, serviceIdHash=null, data=[ 0x23 0x45 0x32 0x4c 0x47 0x11 0x32 0x95 0x91 0x9d 0x23 0xb3 0x44 0x8c 0x08 0xec 0x63 0xa9 0xc7 0x05 0xb3 0x6e 0xc8 ], deviceToken=[ 0x35 0x1b ], rxAdvertisement=null } : 1 times.
01-23 21:49:49.555  8934 21244 I NearbyMediums: Total 2 fast advertisements from 2 unique advertisers.
01-23 21:49:49.556  8934 21244 I NearbyMediums: Found BLE GATT Advertisements :
01-23 21:49:49.556  8934 21244 I NearbyMediums: BleAdvertisement { version=2, socketVersion=2, isFast=false, serviceIdHash=[ 0xfc 0x9f 0x5e ], data=[ 0x23 0xfc 0x9f 0x5e 0x50 0x37 0x37 0x4e 0x1c 0x06 0x4c 0x3d 0xf4 0x83 0xf3 0xf8 0x86 0x15 0x09 0xb4 0xa2 0xb1 0x16 0x2f 0x93 0x3e 0x0a 0x42 0x72 0x79 0x61 0x6e 0x27 0x73 0x20 0x50 0x43 0x50 0x2e 0x91 0x24 0x18 0x93 0x00 0x00 ], deviceToken=[ 0x5f 0xfe ], rxAdvertisement=null } : 6 times.
01-23 21:49:49.556  8934 21244 I NearbyMediums: Total 6 GATT advertisements from 1 unique advertisers.
01-23 21:49:49.556  8934 21244 I NearbyMediums: Current Tracked Scanning Clients are : {NearbyConnections.EnvironmentMonitor, NearbySharing, NearbyConnections.TxAdvertisement}
01-23 21:49:49.572  8002  8024 D AidlBufferPool: bufferpool2 0xb40000775d60e358 : 5(19200 size) total buffers - 4(15360 size) used buffers - 197863/197868 (recycle/alloc) - 328/395727 (fetch/transfer)
01-23 21:49:49.642   895  2698 I bthal.activity: bt_power: LeAdvStat: 21:49:48:641 - 21:49:49:642, duration: 1001, le_adv_count: 2, total_le_adv_count: 580276, total_event_count: 2
01-23 21:49:49.947  2294  2706 W BluetoothRemoteDevices: Address type mismatch for XX:XX:XX:XX:8D:94, new type: 1
01-23 21:49:50.267  1141  1141 D AOC     : A3:MSG: tmd3733_device.cc, 4358: USF: TMD3733: R/C:0.59 0C->2D d_lux:51.6 c_lux:-1.0/-1.0 c_coeff:-1.00/-1.00
01-23 21:49:50.267  1141  1141 D AOC     : A3:MSG: tmd3733_device.cc, 4361: USF: TMD3733:  w:0.00 C:24.75 d_leak:0.1 c_leak:0.0 lux:51.6 leak:0.1
01-23 21:49:50.298  1113  8032 D AidlBufferPool: bufferpool2 0xb40000773c418538 : 3(9000 size) total buffers - 1(3000 size) used buffers - 197892/197901 (recycle/alloc) - 24/197899 (fetch/transfer)
01-23 21:49:50.572   950   950 I WifiHAL : Creating message to get link statistics; iface = 47
01-23 21:49:50.615 15565 15577 I pixel-thermal: VIRTUAL-SKIN-MODEL: model_input: [29056.00 28878.00 30592.00 26869.00 26893.00 27338.00 29168.00 30859.00 ]
01-23 21:49:50.616 15565 15577 I native  : I0000 00:00:1769226590.615718   15577 thermal_tflite_wrapper.cc:261] ThermalTfliteInvoke
01-23 21:49:50.616 15565 15577 I pixel-thermal: VIRTUAL-SKIN-MODEL: model_output: [27707.8 ]
01-23 21:49:50.616 15565 15577 I pixel-thermal: VIRTUAL-SKIN-MODEL: predicted_value: [27707.8 ]
01-23 21:49:50.616 15565 15577 I pixel-thermal: VIRTUAL-SKIN-CPU-MID:27.7211 raw data: VIRTUAL-SKIN:27721.1 VIRTUAL-SKIN-CPU-MID:27721.1 VIRTUAL-SKIN-LEGACY:28128.8 VIRTUAL-SKIN-LEGACY-MODEL-DIFF:421.018 VIRTUAL-SKIN-LEGACY-SHUTDOWN:0 VIRTUAL-SKIN-MODEL:27707.8 VIRTUAL-SKIN-MODEL-CLAMPED:27707.8 VIRTUAL-SKIN-MODEL-LEGACY-DIFF:-421.018 VIRTUAL-SKIN-MODEL-UPDATED:27721.1 VIRTUAL-SKIN-MODEL-UPPER-CLAMPED:27707.8 VIRTUAL-SKIN-SUB-0:27122.3 VIRTUAL-SKIN-SUB-1:27795.2 VIRTUAL-SKIN-SUB-2:27881 VIRTUAL-SKIN-SUB-3:28128.8 VIRTUAL-SKIN-SUB-4:27635.1 VT_LEGACY_WEIGHT:0 VT_MODEL_WEIGHT:1 battery:26900 btmspkr_therm:26893 charging_therm:30592 disp_therm:27338 north_therm:29168 quiet_therm:28878 rfpa_therm:29056 soc_therm:30859 usb_pwr_therm:26869 
01-23 21:49:50.625 15565 15577 I pixel-thermal: VIRTUAL-SKIN-SOC:27.7211 raw data: VIRTUAL-SKIN:27721.1 VIRTUAL-SKIN-SOC:27721.1 
01-23 21:49:50.626 15565 15577 I pixel-thermal: VIRTUAL-SKIN-DISPLAY:27.7211 raw data: VIRTUAL-SKIN:27721.1 VIRTUAL-SKIN-DISPLAY:27721.1 
01-23 21:49:50.626 15565 15577 I pixel-thermal: CPU_THROTTLE_SEVERE:0 raw data: CPU_THROTTLE_SEVERE:0 
01-23 21:49:50.626 15565 15577 I pixel-thermal: VIRTUAL-SKIN:27.7211 raw data: VIRTUAL-SKIN:27721.1 
01-23 21:49:50.626 15565 15577 I pixel-thermal: VIRTUAL-SKIN-HINT:27.7211 raw data: VIRTUAL-SKIN:27721.1 VIRTUAL-SKIN-HINT:27721.1 
01-23 21:49:50.626 15565 15577 I pixel-thermal: VIRTUAL-SKIN-CPU-LIGHT-ODPM:27.7211 raw data: VIRTUAL-SKIN:27721.1 VIRTUAL-SKIN-CPU-LIGHT-ODPM:27721.1 
01-23 21:49:50.626 15565 15577 I pixel-thermal: VIRTUAL-SKIN-CPU-ODPM:27.7211 raw data: VIRTUAL-SKIN:27721.1 VIRTUAL-SKIN-CPU-ODPM:27721.1 
01-23 21:49:50.627 15565 15577 I pixel-thermal: VIRTUAL-SKIN-ODPM-MODEL: model_input: [29056.00 28878.00 30592.00 26869.00 26893.00 27338.00 29168.00 30859.00 26900.00 508.79 17.05 202.91 79.58 21.85 48.49 ]
01-23 21:49:50.627 15565 15577 I native  : I0000 00:00:1769226590.627146   15577 thermal_tflite_wrapper.cc:261] ThermalTfliteInvoke
01-23 21:49:50.627 15565 15577 I pixel-thermal: VIRTUAL-SKIN-ODPM-MODEL: model_output: [26927.9 ]
01-23 21:49:50.627 15565 15577 I pixel-thermal: VIRTUAL-SKIN-ODPM-MODEL: predicted_value: [26927.9 ]
01-23 21:49:50.628 15565 15577 I pixel-thermal: VIRTUAL-SKIN-SPEAKER-MODEL: model_input: [26900.00 26893.00 30592.00 27338.00 29168.00 28878.00 29056.00 30859.00 26869.00 ]
01-23 21:49:50.628 15565 15577 I native  : I0000 00:00:1769226590.628324   15577 thermal_tflite_wrapper.cc:261] ThermalTfliteInvoke
01-23 21:49:50.628 15565 15577 I pixel-thermal: VIRTUAL-SKIN-SPEAKER-MODEL: model_output: [26477.3 ]
01-23 21:49:50.628 15565 15577 I pixel-thermal: VIRTUAL-SKIN-SPEAKER-MODEL: predicted_value: [26477.3 ]
01-23 21:49:50.628 15565 15577 I pixel-thermal: STATS-UPDATOR:0 raw data: EXTREME-SOC-CONDITION-CHECK:0 MAIN_SOC_POWER:600.784 MODEL_CAMERA_PWR:17.0467 MODEL_DISPLAY_PWR:202.91 MODEL_MISC_PWR:508.791 MODEL_MODEM_PWR:79.5784 MODEL_RFFE_PWR:21.8452 MODEL_WLAN_BT_PWR:48.4876 NORTH_THERM-UNDER-THRESHOLD:1 NORTH_THERM-VSKIN-DIFF-DURING-NORTH_THERM-OVER-THRESHOLD:-998553 NORTH_THERM-VSKIN-DIFF-DURING-VSKIN-OVER-52:-998553 QUIET_THERM-UNDER-THRESHOLD:1 QUIET_THERM-VSKIN-DIFF-DURING-QUIET_THERM-OVER-THRESHOLD:-998843 QUIET_THERM-VSKIN-DIFF-DURING-VSKIN-OVER-52:-998843 RFPA_THERM-UNDER-THRESHOLD:1 RFPA_THERM-VSKIN-DIFF-DURING-RFPA_THERM-OVER-THRESHOLD:-998665 RFPA_THERM-VSKIN-DIFF-DURING-VSKIN-OVER-52:-998665 SOC_THERM-UNDER-THRESHOLD:1 SOC_THERM-VSKIN-DIFF-DURING-SOC_THERM-OVER-THRESHOLD:-996862 SOC_THERM-VSKIN-DIFF-DURING-VSKIN-OVER-52:-996862 STATS-UPDATOR:0 TPU_35S:0 VIRTUAL-SKIN:27721.1 VIRTUAL-SKIN-LEGACY:28128.8 VIRTUAL-SKIN-MODEL:27707.8 VIRTUAL-SKIN-MODEL-LEGACY-DIFF:-421.018 VIRTUAL-SKIN-ODPM-MODEL:26927.9 VIRTUAL-SKIN-SPEAKER-MODEL:26477.3 VSKIN-SKIN-UNDER-52:1 battery:26900 btmspkr_therm:26893 charging_therm:30592 disp_therm:27338 north_therm:29168 quiet_therm:28878 rfpa_therm:29056 soc_therm:30859 usb_pwr_therm:26869 
01-23 21:49:50.628 15565 15577 I pixel-thermal: VIRTUAL-SKIN-CPU-HIGH:27.7211 raw data: VIRTUAL-SKIN:27721.1 VIRTUAL-SKIN-CPU-HIGH:27721.1 
01-23 21:49:50.628 15565 15577 I pixel-thermal: cellular-emergency:27.7211 raw data: VIRTUAL-SKIN:27721.1 cellular-emergency:27721.1 
01-23 21:49:50.675   950   950 I WifiHAL : index: 0 per_rate_size 32, data_rem_len 1152
01-23 21:49:50.675   950   950 I WifiHAL : index: 1 per_rate_size 32, data_rem_len 1120
01-23 21:49:50.675   950   950 I WifiHAL : index: 2 per_rate_size 32, data_rem_len 1088
01-23 21:49:50.675   950   950 I WifiHAL : index: 3 per_rate_size 32, data_rem_len 1056
01-23 21:49:50.675   950   950 I WifiHAL : index: 4 per_rate_size 32, data_rem_len 1024
01-23 21:49:50.675   950   950 I WifiHAL : index: 5 per_rate_size 32, data_rem_len 992
01-23 21:49:50.675   950   950 I WifiHAL : index: 6 per_rate_size 32, data_rem_len 960
01-23 21:49:50.675   950   950 I WifiHAL : index: 7 per_rate_size 32, data_rem_len 928
01-23 21:49:50.675   950   950 I WifiHAL : index: 8 per_rate_size 32, data_rem_len 896
01-23 21:49:50.675   950   950 I WifiHAL : index: 9 per_rate_size 32, data_rem_len 864
01-23 21:49:50.675   950   950 I WifiHAL : index: 10 per_rate_size 32, data_rem_len 832
01-23 21:49:50.675   950   950 I WifiHAL : index: 11 per_rate_size 32, data_rem_len 800
01-23 21:49:50.675   950   950 I WifiHAL : index: 12 per_rate_size 32, data_rem_len 768
01-23 21:49:50.675   950   950 I WifiHAL : index: 13 per_rate_size 32, data_rem_len 736
01-23 21:49:50.675   950   950 I WifiHAL : index: 14 per_rate_size 32, data_rem_len 704
01-23 21:49:50.675   950   950 I WifiHAL : index: 15 per_rate_size 32, data_rem_len 672
01-23 21:49:50.675   950   950 I WifiHAL : index: 16 per_rate_size 32, data_rem_len 640
01-23 21:49:50.675   950   950 I WifiHAL : index: 17 per_rate_size 32, data_rem_len 608
01-23 21:49:50.675   950   950 I WifiHAL : index: 18 per_rate_size 32, data_rem_len 576
01-23 21:49:50.675   950   950 I WifiHAL : index: 19 per_rate_size 32, data_rem_len 544
01-23 21:49:50.675   950   950 I WifiHAL : index: 20 per_rate_size 32, data_rem_len 512
01-23 21:49:50.675   950   950 I WifiHAL : index: 21 per_rate_size 32, data_rem_len 480
01-23 21:49:50.675   950   950 I WifiHAL : index: 22 per_rate_size 32, data_rem_len 448
01-23 21:49:50.675   950   950 I WifiHAL : index: 23 per_rate_size 32, data_rem_len 416
01-23 21:49:50.675   950   950 I WifiHAL : index: 24 per_rate_size 32, data_rem_len 384
01-23 21:49:50.675   950   950 I WifiHAL : index: 25 per_rate_size 32, data_rem_len 352
01-23 21:49:50.675   950   950 I WifiHAL : index: 26 per_rate_size 32, data_rem_len 320
01-23 21:49:50.675   950   950 I WifiHAL : index: 27 per_rate_size 32, data_rem_len 288
01-23 21:49:50.675   950   950 I WifiHAL : index: 28 per_rate_size 32, data_rem_len 256
01-23 21:49:50.675   950   950 I WifiHAL : index: 29 per_rate_size 32, data_rem_len 224
01-23 21:49:50.675   950   950 I WifiHAL : index: 30 per_rate_size 32, data_rem_len 192
01-23 21:49:50.675   950   950 I WifiHAL : index: 31 per_rate_size 32, data_rem_len 160
01-23 21:49:50.675   950   950 I WifiHAL : index: 32 per_rate_size 32, data_rem_len 128
01-23 21:49:50.675   950   950 I WifiHAL : index: 33 per_rate_size 32, data_rem_len 96
01-23 21:49:50.675   950   950 I WifiHAL : index: 34 per_rate_size 32, data_rem_len 64
01-23 21:49:50.675   950   950 I WifiHAL : index: 35 per_rate_size 32, data_rem_len 32
01-23 21:49:50.677   950   950 E libbinder.IPCThreadState: binder thread pool (1 threads) starved for 105 ms
01-23 21:49:50.677   950  3004 I WifiHAL : Getting cached scan results, iface handle = 0xb4000077f3523650
01-23 21:49:50.677   950  3004 E WifiHAL : Creating message to get cached scan results
01-23 21:49:50.685   950  3004 I WifiHAL : In GetCachedScanResultsCommand::handleResponse
01-23 21:49:50.727  1505  2010 D ConnectivityService: NetReassign [no changes] [c 3] [a 1] [i 2]
01-23 21:49:51.019   895  2698 I bthal.activity: bt_power: LeAdvStat: 21:49:49:896 - 21:49:51:019, duration: 1123, le_adv_count: 4, total_le_adv_count: 580280, total_event_count: 4
01-23 21:49:51.288  1141  1141 D AOC     : A3:MSG: tmd3733_device.cc, 4358: USF: TMD3733: R/C:0.00 2D->0C d_lux:-1.0 c_lux:9.0/-1.0 c_coeff:0.95/-1.00
01-23 21:49:51.289  1141  1141 D AOC     : A3:MSG: tmd3733_device.cc, 4361: USF: TMD3733:  w:0.00 C:2.24 d_leak:0.1 c_leak:0.0 lux:9.0 leak:0.0
01-23 21:49:51.357   505   615 D DisplayModeController: setDesiredMode 4619827677550801152 {mode={fps=120.00 Hz, modePtr={id=1, vsyncRate=120.00 Hz, peakRefreshRate=120.00 Hz}}, emitEvent=true, force=false}
01-23 21:49:51.373  2294  2706 W BluetoothRemoteDevices: Address type mismatch for XX:XX:XX:XX:8D:94, new type: 1
01-23 21:49:51.375   511   605 D hwc-display: setActiveConfigWithConstraints:: PrimaryDisplay config(37) test(0)
01-23 21:49:51.375   511   605 I hwc-display: [PrimaryDisplay] setActiveConfigWithConstraints: config(37)
01-23 21:49:51.399  1141  1141 D AOC     : A3:MSG: tmd3733_device.cc, 3186: USF: TMD3733: vsync_delay_usec: 5800
01-23 21:49:52.272 15565 15577 I pixel-thermal: disp_therm:27.338 raw data: disp_therm:27338 
01-23 21:49:52.298  1141  1141 D AOC     : A3:MSG: tmd3733_device.cc, 4358: USF: TMD3733: R/C:0.64 0C->2D d_lux:14.9 c_lux:-1.0/-1.0 c_coeff:-1.00/-1.00
01-23 21:49:52.298  1141  1141 D AOC     : A3:MSG: tmd3733_device.cc, 4361: USF: TMD3733:  w:0.00 C:6.75 d_leak:0.1 c_leak:0.0 lux:14.9 leak:0.1
01-23 21:49:52.372   895  2698 I bthal.activity: bt_power: LeAdvStat: 21:49:51:265 - 21:49:52:372, duration: 1107, le_adv_count: 4, total_le_adv_count: 580284, total_event_count: 4
01-23 21:49:52.419   934  8062 D AidlBufferPool: bufferpool2 0xb400007e2f3eb2b8 : 6(23562816 size) total buffers - 5(19635680 size) used buffers - 27899/28021 (recycle/alloc) - 879/28015 (fetch/transfer)
01-23 21:49:52.680  2294  2706 W BluetoothRemoteDevices: Address type mismatch for XX:XX:XX:XX:8D:94, new type: 1
01-23 21:49:52.812  2294  2706 W BluetoothRemoteDevices: Address type mismatch for XX:XX:XX:XX:8D:94, new type: 1
01-23 21:49:52.818  2316  2578 D TemperatureStateSource: sequence=27423 actualDelay=10001
01-23 21:49:52.819  2316  2578 D TemperatureStateSource: Reading temperature: sequence=27424
01-23 21:49:52.825 15565 15565 I pixel-thermal: CPU_THROTTLE_SEVERE:0 raw data: CPU_THROTTLE_SEVERE:0 
01-23 21:49:52.825 15565 15565 I pixel-thermal: VIRTUAL-SKIN:27.7158 raw data: VIRTUAL-SKIN:27715.8 VIRTUAL-SKIN-LEGACY:28128.8 VIRTUAL-SKIN-LEGACY-MODEL-DIFF:421.018 VIRTUAL-SKIN-LEGACY-SHUTDOWN:0 VIRTUAL-SKIN-MODEL:27707.8 VIRTUAL-SKIN-MODEL-CLAMPED:27707.8 VIRTUAL-SKIN-MODEL-LEGACY-DIFF:-421.018 VIRTUAL-SKIN-MODEL-UPDATED:27715.8 VIRTUAL-SKIN-MODEL-UPPER-CLAMPED:27707.8 VIRTUAL-SKIN-SUB-0:27122.3 VIRTUAL-SKIN-SUB-1:27795.2 VIRTUAL-SKIN-SUB-2:27881 VIRTUAL-SKIN-SUB-3:28128.8 VIRTUAL-SKIN-SUB-4:27635.1 VT_LEGACY_WEIGHT:0 VT_MODEL_WEIGHT:1 battery:26900 btmspkr_therm:26893 charging_therm:30592 disp_therm:27338 north_therm:29168 quiet_therm:28878 rfpa_therm:29056 soc_therm:30859 usb_pwr_therm:26869 
01-23 21:49:52.825  2316  2578 D TemperatureStateSource: getDeviceTemperatures: sequence=27424 deviceTemperatureType=3 temperatureSource=0 temperatures=[27.715786]
01-23 21:49:52.825  2316  2578 D BusinessScope: Enqueuing the block
01-23 21:49:52.826  2316  2578 D TemperatureStateSource: sequence=27424 waitTime=10000
01-23 21:49:52.826  2316  2498 D BusinessScope: Start running the #57113 block
01-23 21:49:52.827 15565 15565 I pixel-thermal: CPU_THROTTLE_SEVERE:0 raw data: CPU_THROTTLE_SEVERE:0 
01-23 21:49:52.827 15565 15565 I pixel-thermal: VIRTUAL-SKIN:27.7158 raw data: VIRTUAL-SKIN:27715.8 
01-23 21:49:52.828  2316  2498 I TemperatureStateSource: temperature was set
01-23 21:49:52.829  2316  2498 D BusinessScope: Enqueuing the block
01-23 21:49:52.829  2316  2498 D ImpulseStateSource: Notify clients: 28551
01-23 21:49:52.829  2316  2498 D BusinessScope: Finish running the #57113 block
01-23 21:49:52.829  2316  2498 D BusinessScope: Start running the #57114 block
01-23 21:49:52.830  2316  2578 D ImpulseConnection: bindService: com.google.android.apps.turbo
01-23 21:49:52.835  1505  2071 D BackgroundInstallControlService: Package event received: 0
01-23 21:49:52.838  1505 27845 D ActivityManager: sync unfroze 24950 com.google.android.apps.turbo for 6
01-23 21:49:52.844  1505  2071 D BackgroundInstallControlService: Package event received: 0
01-23 21:49:52.847  2316  2316 D ImpulseConnection: onServiceConnected: ComponentInfo{com.google.android.apps.turbo/com.google.android.apps.turbo.adaptiveplatform.impulse.ImpulseClientService} service is null false
01-23 21:49:52.848  1505 27845 W ProcessStats: Tracking association SourceState{e5399d2 com.google.android.pixelsystemservice/10251 ImpFg #633243} whose proc state 5 is better than process ProcessState{b121144 com.google.android.apps.turbo/10135 pkg=com.google.android.apps.turbo} proc state 14 (15 skipped)
01-23 21:49:52.852  2316  2477 D BusinessScope: Finish running the #57114 block
01-23 21:49:52.863 24950 18712 W Turbo.DeviceHealthLeversManagerImpl: applyLeversWithMaintenanceWindow: ignore the same request
01-23 21:49:52.875   505   615 D DisplayModeController: setDesiredMode 4619827677550801152 {mode={fps=60.00 Hz, modePtr={id=0, vsyncRate=60.00 Hz, peakRefreshRate=60.00 Hz}}, emitEvent=false, force=false}
01-23 21:49:52.884   511   605 D hwc-display: setActiveConfigWithConstraints:: PrimaryDisplay config(36) test(0)
01-23 21:49:52.884   511   605 I hwc-display: [PrimaryDisplay] setActiveConfigWithConstraints: config(36)
01-23 21:49:52.907  1141  1141 D AOC     : A3:MSG: tmd3733_device.cc, 3186: USF: TMD3733: vsync_delay_usec: 13000
01-23 21:49:53.311  1141  1141 D AOC     : A3:MSG: tmd3733_device.cc, 4358: USF: TMD3733: R/C:0.49 2D->1CD d_lux:21.0 c_lux:18.8/-1.0 c_coeff:0.50/-1.00
01-23 21:49:53.312  1141  1141 D AOC     : A3:MSG: tmd3733_device.cc, 4361: USF: TMD3733:  w:0.04 C:8.99 d_leak:0.1 c_leak:0.0 lux:20.9 leak:0.1
01-23 21:49:53.720   950  3004 I WifiHAL : Creating message to get link statistics; iface = 47
01-23 21:49:53.730   902   940 I CHRE    : @ 559066.356: [ImuCal] [GYRO_RPS] (s0, c0) Offset | Temp [C] | Quality: -0.000037, 0.001497, -0.003088 | 29.41 | 4
01-23 21:49:53.730   902   940 I CHRE    : @ 559066.356: [ImuCal] [GYRO_RPS] (s0) Temp Sensitivity: -0.000033, 0.000068, 0.000040
01-23 21:49:53.730   902   940 I CHRE    : @ 559066.356: [ImuCal] [GYRO_RPS] (s0) Temp Intercept: 0.000977, -0.000485, -0.004230
01-23 21:49:53.811   895  2698 I bthal.activity: bt_power: LeAdvStat: 21:49:52:676 - 21:49:53:811, duration: 1134, le_adv_count: 7, total_le_adv_count: 580291, total_event_count: 7
01-23 21:49:53.826   950  3004 I WifiHAL : index: 0 per_rate_size 32, data_rem_len 1152
01-23 21:49:53.826   950  3004 I WifiHAL : index: 1 per_rate_size 32, data_rem_len 1120
01-23 21:49:53.826   950  3004 I WifiHAL : index: 2 per_rate_size 32, data_rem_len 1088
01-23 21:49:53.826   950  3004 I WifiHAL : index: 3 per_rate_size 32, data_rem_len 1056
01-23 21:49:53.826   950  3004 I WifiHAL : index: 4 per_rate_size 32, data_rem_len 1024
01-23 21:49:53.826   950  3004 I WifiHAL : index: 5 per_rate_size 32, data_rem_len 992
01-23 21:49:53.826   950  3004 I WifiHAL : index: 6 per_rate_size 32, data_rem_len 960
01-23 21:49:53.826   950  3004 I WifiHAL : index: 7 per_rate_size 32, data_rem_len 928
01-23 21:49:53.826   950  3004 I WifiHAL : index: 8 per_rate_size 32, data_rem_len 896
01-23 21:49:53.826   950  3004 I WifiHAL : index: 9 per_rate_size 32, data_rem_len 864
01-23 21:49:53.826   950  3004 I WifiHAL : index: 10 per_rate_size 32, data_rem_len 832
01-23 21:49:53.826   950  3004 I WifiHAL : index: 11 per_rate_size 32, data_rem_len 800
01-23 21:49:53.826   950  3004 I WifiHAL : index: 12 per_rate_size 32, data_rem_len 768
01-23 21:49:53.826   950  3004 I WifiHAL : index: 13 per_rate_size 32, data_rem_len 736
01-23 21:49:53.827   950  3004 I WifiHAL : index: 14 per_rate_size 32, data_rem_len 704
01-23 21:49:53.827   950  3004 I WifiHAL : index: 15 per_rate_size 32, data_rem_len 672
01-23 21:49:53.827   950  3004 I WifiHAL : index: 16 per_rate_size 32, data_rem_len 640
01-23 21:49:53.827   950  3004 I WifiHAL : index: 17 per_rate_size 32, data_rem_len 608
01-23 21:49:53.827   950  3004 I WifiHAL : index: 18 per_rate_size 32, data_rem_len 576
01-23 21:49:53.827   950  3004 I WifiHAL : index: 19 per_rate_size 32, data_rem_len 544
01-23 21:49:53.827   950  3004 I WifiHAL : index: 20 per_rate_size 32, data_rem_len 512
01-23 21:49:53.827   950  3004 I WifiHAL : index: 21 per_rate_size 32, data_rem_len 480
01-23 21:49:53.827   950  3004 I WifiHAL : index: 22 per_rate_size 32, data_rem_len 448
01-23 21:49:53.827   950  3004 I WifiHAL : index: 23 per_rate_size 32, data_rem_len 416
01-23 21:49:53.827   950  3004 I WifiHAL : index: 24 per_rate_size 32, data_rem_len 384
01-23 21:49:53.827   950  3004 I WifiHAL : index: 25 per_rate_size 32, data_rem_len 352
01-23 21:49:53.827   950  3004 I WifiHAL : index: 26 per_rate_size 32, data_rem_len 320
01-23 21:49:53.827   950  3004 I WifiHAL : index: 27 per_rate_size 32, data_rem_len 288
01-23 21:49:53.827   950  3004 I WifiHAL : index: 28 per_rate_size 32, data_rem_len 256
01-23 21:49:53.827   950  3004 I WifiHAL : index: 29 per_rate_size 32, data_rem_len 224
01-23 21:49:53.827   950  3004 I WifiHAL : index: 30 per_rate_size 32, data_rem_len 192
01-23 21:49:53.827   950  3004 I WifiHAL : index: 31 per_rate_size 32, data_rem_len 160
01-23 21:49:53.827   950  3004 I WifiHAL : index: 32 per_rate_size 32, data_rem_len 128
01-23 21:49:53.827   950  3004 I WifiHAL : index: 33 per_rate_size 32, data_rem_len 96
01-23 21:49:53.827   950  3004 I WifiHAL : index: 34 per_rate_size 32, data_rem_len 64
01-23 21:49:53.827   950  3004 I WifiHAL : index: 35 per_rate_size 32, data_rem_len 32
01-23 21:49:53.828   950  3004 E libbinder.IPCThreadState: binder thread pool (1 threads) starved for 107 ms
01-23 21:49:53.829   950  3004 I WifiHAL : Getting cached scan results, iface handle = 0xb4000077f3523650
01-23 21:49:53.829   950  3004 E WifiHAL : Creating message to get cached scan results
01-23 21:49:53.838   950  3004 I WifiHAL : In GetCachedScanResultsCommand::handleResponse
01-23 21:49:53.843   511   618 I hwc-display: Display Temperature : 27°C
01-23 21:49:53.894  1505  2010 D ConnectivityService: NetReassign [no changes] [c 5] [a 3] [i 5]
01-23 21:49:53.952   505   615 D DisplayModeController: setDesiredMode 4619827677550801152 {mode={fps=120.00 Hz, modePtr={id=1, vsyncRate=120.00 Hz, peakRefreshRate=120.00 Hz}}, emitEvent=true, force=false}
01-23 21:49:53.969   511   605 D hwc-display: setActiveConfigWithConstraints:: PrimaryDisplay config(37) test(0)
01-23 21:49:53.970   511   605 I hwc-display: [PrimaryDisplay] setActiveConfigWithConstraints: config(37)
01-23 21:49:53.991  1141  1141 D AOC     : A3:MSG: tmd3733_device.cc, 3186: USF: TMD3733: vsync_delay_usec: 5800
01-23 21:49:54.333  1141  1141 D AOC     : A3:MSG: tmd3733_device.cc, 4358: USF: TMD3733: R/C:0.61 1CD->2D d_lux:42.1 c_lux:-1.0/-1.0 c_coeff:-1.00/-1.00
01-23 21:49:54.334  1141  1141 D AOC     : A3:MSG: tmd3733_device.cc, 4361: USF: TMD3733:  w:0.00 C:19.49 d_leak:0.1 c_leak:0.0 lux:42.1 leak:0.1
01-23 21:49:54.692  8002  8024 D AidlBufferPool: bufferpool2 0xb40000775d60e358 : 5(19200 size) total buffers - 4(15360 size) used buffers - 198119/198124 (recycle/alloc) - 328/396239 (fetch/transfer)
01-23 21:49:55.227   895  2698 I bthal.activity: bt_power: LeAdvStat: 21:49:54:110 - 21:49:55:227, duration: 1116, le_adv_count: 2, total_le_adv_count: 580293, total_event_count: 2
01-23 21:49:55.338  1141  1141 D AOC     : A3:MSG: tmd3733_device.cc, 4358: USF: TMD3733: R/C:0.27 2D->0C d_lux:-1.0 c_lux:11.1/-1.0 c_coeff:0.66/-1.00
01-23 21:49:55.339  1141  1141 D AOC     : A3:MSG: tmd3733_device.cc, 4361: USF: TMD3733:  w:0.00 C:4.00 d_leak:0.1 c_leak:0.0 lux:11.1 leak:0.0
01-23 21:49:55.397  1113  8032 D AidlBufferPool: bufferpool2 0xb40000773c418538 : 3(9000 size) total buffers - 1(3000 size) used buffers - 198147/198156 (recycle/alloc) - 24/198154 (fetch/transfer)
01-23 21:49:55.469   505   615 D DisplayModeController: setDesiredMode 4619827677550801152 {mode={fps=60.00 Hz, modePtr={id=0, vsyncRate=60.00 Hz, peakRefreshRate=60.00 Hz}}, emitEvent=false, force=false}
01-23 21:49:55.478   511  3652 D hwc-display: setActiveConfigWithConstraints:: PrimaryDisplay config(36) test(0)
01-23 21:49:55.478   511  3652 I hwc-display: [PrimaryDisplay] setActiveConfigWithConstraints: config(36)
01-23 21:49:55.501  1141  1141 D AOC     : A3:MSG: tmd3733_device.cc, 3186: USF: TMD3733: vsync_delay_usec: 13000
01-23 21:49:56.360  1141  1141 D AOC     : A3:MSG: tmd3733_device.cc, 4358: USF: TMD3733: R/C:0.59 0C->2D d_lux:51.0 c_lux:-1.0/-1.0 c_coeff:-1.00/-1.00
01-23 21:49:56.361  1141  1141 D AOC     : A3:MSG: tmd3733_device.cc, 4361: USF: TMD3733:  w:0.00 C:24.50 d_leak:0.1 c_leak:0.0 lux:51.0 leak:0.1
01-23 21:49:56.656   895  2698 I bthal.activity: bt_power: LeAdvStat: 21:49:55:532 - 21:49:56:656, duration: 1123, le_adv_count: 3, total_le_adv_count: 580296, total_event_count: 3
01-23 21:49:56.668 25073 29465 I egdc    : (REDACTED) appOpsListener %s %s
01-23 21:49:56.668 25073 29465 I egdc    : (REDACTED) Ignoring irrelevant audio permission changes for package %s
01-23 21:49:56.881   950  3004 I WifiHAL : Creating message to get link statistics; iface = 47
01-23 21:49:56.989   950  3004 I WifiHAL : index: 0 per_rate_size 32, data_rem_len 1152
01-23 21:49:56.989   950  3004 I WifiHAL : index: 1 per_rate_size 32, data_rem_len 1120
01-23 21:49:56.989   950  3004 I WifiHAL : index: 2 per_rate_size 32, data_rem_len 1088
01-23 21:49:56.989   950  3004 I WifiHAL : index: 3 per_rate_size 32, data_rem_len 1056
01-23 21:49:56.989   950  3004 I WifiHAL : index: 4 per_rate_size 32, data_rem_len 1024
01-23 21:49:56.989   950  3004 I WifiHAL : index: 5 per_rate_size 32, data_rem_len 992
01-23 21:49:56.989   950  3004 I WifiHAL : index: 6 per_rate_size 32, data_rem_len 960
01-23 21:49:56.989   950  3004 I WifiHAL : index: 7 per_rate_size 32, data_rem_len 928
01-23 21:49:56.989   950  3004 I WifiHAL : index: 8 per_rate_size 32, data_rem_len 896
01-23 21:49:56.989   950  3004 I WifiHAL : index: 9 per_rate_size 32, data_rem_len 864
01-23 21:49:56.989   950  3004 I WifiHAL : index: 10 per_rate_size 32, data_rem_len 832
01-23 21:49:56.989   950  3004 I WifiHAL : index: 11 per_rate_size 32, data_rem_len 800
01-23 21:49:56.989   950  3004 I WifiHAL : index: 12 per_rate_size 32, data_rem_len 768
01-23 21:49:56.989   950  3004 I WifiHAL : index: 13 per_rate_size 32, data_rem_len 736
01-23 21:49:56.989   950  3004 I WifiHAL : index: 14 per_rate_size 32, data_rem_len 704
01-23 21:49:56.990   950  3004 I WifiHAL : index: 15 per_rate_size 32, data_rem_len 672
01-23 21:49:56.990   950  3004 I WifiHAL : index: 16 per_rate_size 32, data_rem_len 640
01-23 21:49:56.990   950  3004 I WifiHAL : index: 17 per_rate_size 32, data_rem_len 608
01-23 21:49:56.990   950  3004 I WifiHAL : index: 18 per_rate_size 32, data_rem_len 576
01-23 21:49:56.990   950  3004 I WifiHAL : index: 19 per_rate_size 32, data_rem_len 544
01-23 21:49:56.990   950  3004 I WifiHAL : index: 20 per_rate_size 32, data_rem_len 512
01-23 21:49:56.990   950  3004 I WifiHAL : index: 21 per_rate_size 32, data_rem_len 480
01-23 21:49:56.990   950  3004 I WifiHAL : index: 22 per_rate_size 32, data_rem_len 448
01-23 21:49:56.990   950  3004 I WifiHAL : index: 23 per_rate_size 32, data_rem_len 416
01-23 21:49:56.990   950  3004 I WifiHAL : index: 24 per_rate_size 32, data_rem_len 384
01-23 21:49:56.990   950  3004 I WifiHAL : index: 25 per_rate_size 32, data_rem_len 352
01-23 21:49:56.990   950  3004 I WifiHAL : index: 26 per_rate_size 32, data_rem_len 320
01-23 21:49:56.990   950  3004 I WifiHAL : index: 27 per_rate_size 32, data_rem_len 288
01-23 21:49:56.990   950  3004 I WifiHAL : index: 28 per_rate_size 32, data_rem_len 256
01-23 21:49:56.990   950  3004 I WifiHAL : index: 29 per_rate_size 32, data_rem_len 224
01-23 21:49:56.990   950  3004 I WifiHAL : index: 30 per_rate_size 32, data_rem_len 192
01-23 21:49:56.990   950  3004 I WifiHAL : index: 31 per_rate_size 32, data_rem_len 160
01-23 21:49:56.990   950  3004 I WifiHAL : index: 32 per_rate_size 32, data_rem_len 128
01-23 21:49:56.990   950  3004 I WifiHAL : index: 33 per_rate_size 32, data_rem_len 96
01-23 21:49:56.990   950  3004 I WifiHAL : index: 34 per_rate_size 32, data_rem_len 64
01-23 21:49:56.990   950  3004 I WifiHAL : index: 35 per_rate_size 32, data_rem_len 32
01-23 21:49:56.991   950  3004 E libbinder.IPCThreadState: binder thread pool (1 threads) starved for 109 ms
01-23 21:49:56.992   950  3004 I WifiHAL : Getting cached scan results, iface handle = 0xb4000077f3523650
01-23 21:49:56.992   950  3004 E WifiHAL : Creating message to get cached scan results
01-23 21:49:56.998   950  3004 I WifiHAL : In GetCachedScanResultsCommand::handleResponse
01-23 21:49:57.051  1505  2010 D ConnectivityService: NetReassign [no changes] [c 5] [a 2] [i 4]
01-23 21:49:57.391  1141  1141 D AOC     : A3:MSG: tmd3733_device.cc, 4358: USF: TMD3733: R/C:0.27 2D->0C d_lux:-1.0 c_lux:9.6/-1.0 c_coeff:0.91/-1.00
01-23 21:49:57.391  1141  1141 D AOC     : A3:MSG: tmd3733_device.cc, 4361: USF: TMD3733:  w:0.00 C:2.50 d_leak:0.1 c_leak:0.0 lux:9.6 leak:0.0
01-23 21:49:57.627 15565 15577 I pixel-thermal: VIRTUAL-SKIN-MODEL: model_input: [29012.00 28723.00 30281.00 26729.00 26940.00 27361.00 29056.00 30325.00 ]
01-23 21:49:57.628 15565 15577 I native  : I0000 00:00:1769226597.628055   15577 thermal_tflite_wrapper.cc:261] ThermalTfliteInvoke
01-23 21:49:57.628 15565 15577 I pixel-thermal: VIRTUAL-SKIN-MODEL: model_output: [27584.9 ]
01-23 21:49:57.628 15565 15577 I pixel-thermal: VIRTUAL-SKIN-MODEL: predicted_value: [27584.9 ]
01-23 21:49:57.629 15565 15577 I pixel-thermal: VIRTUAL-SKIN-CPU-MID:27.6634 raw data: VIRTUAL-SKIN:27663.4 VIRTUAL-SKIN-CPU-MID:27663.4 VIRTUAL-SKIN-LEGACY:28027 VIRTUAL-SKIN-LEGACY-MODEL-DIFF:442.09 VIRTUAL-SKIN-LEGACY-SHUTDOWN:0 VIRTUAL-SKIN-MODEL:27584.9 VIRTUAL-SKIN-MODEL-CLAMPED:27584.9 VIRTUAL-SKIN-MODEL-LEGACY-DIFF:-442.09 VIRTUAL-SKIN-MODEL-UPDATED:27663.4 VIRTUAL-SKIN-MODEL-UPPER-CLAMPED:27584.9 VIRTUAL-SKIN-SUB-0:26945.9 VIRTUAL-SKIN-SUB-1:27758.6 VIRTUAL-SKIN-SUB-2:27761.2 VIRTUAL-SKIN-SUB-3:28027 VIRTUAL-SKIN-SUB-4:27568.9 VT_LEGACY_WEIGHT:0 VT_MODEL_WEIGHT:1 battery:26900 btmspkr_therm:26940 charging_therm:30281 disp_therm:27361 north_therm:29056 quiet_therm:28723 rfpa_therm:29012 soc_therm:30325 usb_pwr_therm:26729 
01-23 21:49:57.637 15565 15577 I pixel-thermal: VIRTUAL-SKIN-SOC:27.6634 raw data: VIRTUAL-SKIN:27663.4 VIRTUAL-SKIN-SOC:27663.4 
01-23 21:49:57.637 15565 15577 I pixel-thermal: VIRTUAL-SKIN-DISPLAY:27.6634 raw data: VIRTUAL-SKIN:27663.4 VIRTUAL-SKIN-DISPLAY:27663.4 
01-23 21:49:57.637 15565 15577 I pixel-thermal: CPU_THROTTLE_SEVERE:0 raw data: CPU_THROTTLE_SEVERE:0 
01-23 21:49:57.637 15565 15577 I pixel-thermal: VIRTUAL-SKIN:27.6634 raw data: VIRTUAL-SKIN:27663.4 
01-23 21:49:57.637 15565 15577 I pixel-thermal: VIRTUAL-SKIN-HINT:27.6634 raw data: VIRTUAL-SKIN:27663.4 VIRTUAL-SKIN-HINT:27663.4 
01-23 21:49:57.637 15565 15577 I pixel-thermal: VIRTUAL-SKIN-CPU-LIGHT-ODPM:27.6634 raw data: VIRTUAL-SKIN:27663.4 VIRTUAL-SKIN-CPU-LIGHT-ODPM:27663.4 
01-23 21:49:57.637 15565 15577 I pixel-thermal: VIRTUAL-SKIN-CPU-ODPM:27.6634 raw data: VIRTUAL-SKIN:27663.4 VIRTUAL-SKIN-CPU-ODPM:27663.4 
01-23 21:49:57.637 15565 15577 I pixel-thermal: VIRTUAL-SKIN-ODPM-MODEL: model_input: [29012.00 28723.00 30281.00 26729.00 26940.00 27361.00 29056.00 30325.00 26900.00 508.58 17.07 203.14 79.32 21.82 48.12 ]
01-23 21:49:57.638 15565 15577 I native  : I0000 00:00:1769226597.638008   15577 thermal_tflite_wrapper.cc:261] ThermalTfliteInvoke
01-23 21:49:57.638 15565 15577 I pixel-thermal: VIRTUAL-SKIN-ODPM-MODEL: model_output: [26762 ]
01-23 21:49:57.638 15565 15577 I pixel-thermal: VIRTUAL-SKIN-ODPM-MODEL: predicted_value: [26762 ]
