01-23 21:59:04.229  1081 13651 D Camera3-Device: Set real time priority for request queue thread (tid 22287)
01-23 21:59:04.229  1081 13651 D Camera3-Utils: Set regular priority for thread (tid 13651)
01-23 21:59:04.229   901  1418 I native  : I0000 00:00:1769227144.229261    1418 gxp_host_late_binding.cc:865] Loaded libgxp.so
01-23 21:59:04.229   901  1817 I Lyric   : direct_channel_motion_sensor_data_streamer.cc:467: accelerometer direct channel created.
01-23 21:59:04.229   901  1417 I Lyric   : zuma_fe_resetter.cc:157: FrontEnd: SW Reset begins.
01-23 21:59:04.230   901  1862 I Lyric   : graph_runner_deferring_work_queue.cc:181: Registering all threads took 2753011 ns.
01-23 21:59:04.230   901 21073 I GCH_CameraDeviceSession: ProcessCaptureRequest: [sbc] Stream 0 1st req arrived, notify SBC Manager.
01-23 21:59:04.230  1081 22286 D CameraService: startCameraStreamingOps: Start data delivery for uid 10136
01-23 21:59:04.230   901  1416 I Lyric   : rgbp_driver.cc:449: Ip version: 0x1050001
01-23 21:59:04.230   901  1416 I Lyric   : mcfp_driver.cc:804: Ip version: 0x10050000
01-23 21:59:04.230   901  1416 I Lyric   : yuvp_driver.cc:529: Ip version: 0x1050001
01-23 21:59:04.230   901  1416 I Lyric   : zuma_be_core_driver_impl.cc:541: Successfully powered up BeCore block.
01-23 21:59:04.231 15565 15565 I pixel-thermal: CPU_THROTTLE_SEVERE:0 raw data: CPU_THROTTLE_SEVERE:0 
01-23 21:59:04.231   901  1417 I Lyric   : zuma_fe_resetter.cc:168: FrontEnd: SW Reset done: rstctl_status = 0x0
01-23 21:59:04.231 15565 15565 I pixel-thermal: VIRTUAL-SKIN:26.6049 raw data: VIRTUAL-SKIN:26604.9 
01-23 21:59:04.231   926   926 D usf_sensor_hal: device orientation: Enter Batch. Period = 5000000, latency = 0.
01-23 21:59:04.231   901  1417 I Lyric   : zuma_lmp_driver.cc:356: Configuring global system CSRs
01-23 21:59:04.231   901  1417 I Lyric   : zuma_csis_core_driver.cc:197: CSIS Core: ebuf_free_byte_size: 0x75800, ebuf_fifo_intf0_ctl0: 0x967b5c2e
01-23 21:59:04.231   901 21073 I Lyric   : retiming_node.cc:1381: ******** dpm: Front(hal id: 1) change DPM mode from Undefined to Normal, is virtual transition: 0, framework request id 0, frame number: 0
01-23 21:59:04.232   901  1416 I Lyric   : raw_to_yuv_node.cc:756: Starting node raw_to_yuv with Pipeline (ID: (instance_id: 140675), IPs: [ RawToYuv TnrMerge ], Max Outputs: 1, IPConnections: [ {producer: RawToYuv, consumer: TnrMerge, connection_type: votf}, ], Usecase: Realtime) on camera 1
01-23 21:59:04.232   901  1416 I Lyric   : raw_to_yuv_node.cc:761: Also starting node raw_to_yuv with throttled Pipeline (ID: (instance_id: 140672), IPs: [ RawToYuv ], Max Outputs: 1, IPConnections: [ ], Usecase: Realtime) on camera 1
01-23 21:59:04.232  3931 12662 I gaze    : Created preview session.
01-23 21:59:04.233   901  1416 I Lyric   : zuma_votf_c2serv.cc:19: chip revision = 9, votf ip = TNR, register block id = 2
01-23 21:59:04.233   901  1416 I Lyric   : zuma_votf_c2serv.cc:23: num write dma = 0, num read dma = 2, process lines = 32
01-23 21:59:04.233   901  1416 I Lyric   : zuma_votf_c2serv.cc:19: chip revision = 9, votf ip = MCSC, register block id = 3
01-23 21:59:04.233   901  1416 I Lyric   : zuma_votf_c2serv.cc:23: num write dma = 0, num read dma = 4, process lines = 1
01-23 21:59:04.233   901  1416 I Lyric   : zuma_votf_c2serv.cc:19: chip revision = 9, votf ip = GDC0, register block id = 4
01-23 21:59:04.233   901  1416 I Lyric   : zuma_votf_c2serv.cc:23: num write dma = 2, num read dma = 0, process lines = 64
01-23 21:59:04.233   901  1416 I Lyric   : zuma_votf_c2serv.cc:19: chip revision = 9, votf ip = GDC1, register block id = 5
01-23 21:59:04.233   901  1416 I Lyric   : zuma_votf_c2serv.cc:23: num write dma = 2, num read dma = 0, process lines = 64
01-23 21:59:04.233   901  1416 I Lyric   : zuma_votf_c2serv.cc:19: chip revision = 9, votf ip = RGBP, register block id = 0
01-23 21:59:04.233   901  1416 I Lyric   : zuma_votf_c2serv.cc:23: num write dma = 1, num read dma = 0, process lines = 1
01-23 21:59:04.233   901  1416 I Lyric   : zuma_votf_c2serv.cc:19: chip revision = 9, votf ip = YUVP, register block id = 1
01-23 21:59:04.233   901  1416 I Lyric   : zuma_votf_c2serv.cc:23: num write dma = 2, num read dma = 0, process lines = 1
01-23 21:59:04.233   901  1416 I Lyric   : zuma_votf_c2serv.cc:19: chip revision = 9, votf ip = GSE, register block id = 6
01-23 21:59:04.233   901  1416 I Lyric   : zuma_votf_c2serv.cc:23: num write dma = 0, num read dma = 2, process lines = 1
01-23 21:59:04.234  1141  1141 D AOC     : A3:MSG: usf_sensor.cc, 2402: USF: Received reconfig sampling request for Device Orientation.
01-23 21:59:04.234   901  1817 I Lyric   : binder_environment_sensor_reader.cc:79: Enabled BinderEnvironmentSensorReader, type: device_orientation
01-23 21:59:04.234   901  1817 I Lyric   : motion_sensor_controller_proxy.cc:471: Start to create all sensor readers, enable direct channel: 1, support async query: 1
01-23 21:59:04.234   926  1687 I sensor-suez: Vendor atom [id = 100243] reported.
01-23 21:59:04.234  1141  1141 D AOC     : A3:MSG: vsc_sensor.cc, 37: VSC: [Device Orientation] enable: period 5000000, latency = 0
01-23 21:59:04.234   901  1416 I Lyric   : slc_driver.cc:58: SLC setup: pid = 7 : StrItf_YUVP_to_TNR : 3 ways (buf fd 284)
01-23 21:59:04.236   901  1416 I Lyric   : slc_driver.cc:58: SLC setup: pid = 4 : GTNR iVOTF : 4 ways (buf fd 341)
01-23 21:59:04.236   901  1416 I Lyric   : slc_driver.cc:58: SLC setup: pid = 8 : GTNR Prev : 2 ways (buf fd 346)
01-23 21:59:04.236   901  1416 W Lyric   : zuma_gtnr_merge_driver_context.cc:149: Zuma GTNR Merge context is inherently async, but the requirement is set to sync. This will be ignored.
01-23 21:59:04.237   901  1416 I Lyric   : zuma_gtnr_merge_driver.cc:410: Successfully performed GTNR Merge SW reset.
01-23 21:59:04.237   901  1416 I Lyric   : sequence_helper.cc:221: Ip version: 0x0, common ctrl version: 0x55
01-23 21:59:04.237   901  1416 I Lyric   : zuma_gtnr_merge_driver.cc:203: Successfully powered up GTNR Merge device.
01-23 21:59:04.237   901  1416 I Lyric   : zuma_gtnr_merge_driver.cc:215: [CMU GTNR MERGE] pll_con0_mux(0x1cc00600): 16
01-23 21:59:04.237   901  1416 I Lyric   : tnr_merge_node.cc:417: Starting node tnr_merge with Pipeline (ID: (instance_id: 140675), IPs: [ RawToYuv TnrMerge ], Max Outputs: 1, IPConnections: [ {producer: RawToYuv, consumer: TnrMerge, connection_type: votf}, ], Usecase: Realtime) on camera 1
01-23 21:59:04.237   901 22294 I native  : I0000 00:00:1769227144.237776   22294 node_export.cc:200] CatNodeCreate(RectifaceNode) took 0.566772 ms
01-23 21:59:04.238   901  1417 I Lyric   : mesh_warp_node.cc:444: Starting node preview_mesh_warp with Pipeline (ID: (instance_id: 140676), IPs: [ MeshWarp Scaler ], Max Outputs: 1, IPConnections: [ {producer: MeshWarp, consumer: Scaler, connection_type: votf}, ], Usecase: Realtime) on camera 1
01-23 21:59:04.238   901  1417 I G3ACoordinator: awb_session_config_parser_lyric.cc:245: sensor_mode ptr [0xb400007aac68e9f8], sobek_enabled [false], post_process [0]
01-23 21:59:04.238   901  1417 I G3ACoordinator: awb_session_config_parser_lyric.cc:285: Map sensor mode property: sobek_enabled [false], hdr_mode [0]
01-23 21:59:04.238   901  1417 I G3ACoordinator: awb_session_config_parser_lyric.cc:210: Map sensor name [LESHEN] binning_factor [2 2] mode_index [2] to GCam sensor ID [1]
01-23 21:59:04.238   901 22294 I native  : I0000 00:00:1769227144.238534   22294 node_export.cc:200] CatNodeCreate(EisNode) took 0.680094 ms
01-23 21:59:04.238   901  1417 I G3ACoordinator: awb_session_config_parser_lyric.cc:145: Fail to read calibration data for camera[front normal]]. Use the default LED decision in tuning!
01-23 21:59:04.238   901  1417 I G3ACoordinator: awb_engine.cc:439: Use lut file ghawb_para_lut_front_normal.binarypb
01-23 21:59:04.238   901  1417 I G3ACoordinator: awb_engine.cc:492: Camera 1 Initial decision [1.4636703 1 2.5307395] CCT [2686] CCM[ccm=(1.5764464 -0.5063137 -0.0701327 -0.26311415 1.321754 -0.05863983 -0.06444894 -0.50736773 1.5718167) offset=(0 0 0) color_space_type=(1 -> 1)]
01-23 21:59:04.238   901  1417 E GHAWB   : Skin Stats Analyzer: skin_stats_analyzer.cc:26] SetTuning: Disable SkinStatsAnalyzer in tuning
01-23 21:59:04.238   901  1417 E GHAWB   : Edge Stats Analyzer: edge_stats_analyzer.cc:34] SetTuning: Disable EdgeStatsAnalyzer in tuning
01-23 21:59:04.238   901 22294 I native  : I0000 00:00:1769227144.238961   22294 eis_node.cc:1672] Contizoom calibration file: /data/vendor/camera/auto_calibration.combined.proto
01-23 21:59:04.239   901 22294 I native  : I0000 00:00:1769227144.239044   22294 cpu_feature_extractor.cc:123] Extracting FREAK descriptors.
01-23 21:59:04.239   901  1416 I Lyric   : slc_driver.cc:58: SLC setup: pid = 6 : StrItf_GDC0_to_MCSC : 3 ways (buf fd 358)
01-23 21:59:04.239   901  1418 I native  : I0000 00:00:1769227144.239120    1418 gxp_device.cc:761] Loaded GXP library : 
01-23 21:59:04.239   901  1418 I native  : I0000 00:00:1769227144.239182    1418 gxp_device.cc:762]  - Name: mcssd_dsp_gxp_lib.lib
01-23 21:59:04.239   901  1418 I native  : I0000 00:00:1769227144.239190    1418 gxp_device.cc:763]  - Handle: 0xefc40880
01-23 21:59:04.239   901 22294 I native  : I0000 00:00:1769227144.239194   22294 brute_force_feature_matching.cc:57] Number of bins each image dimension is divided into: 5
01-23 21:59:04.239   901  1418 I native  : I0000 00:00:1769227144.239202    1418 gxp_device.cc:767]  - Functions: postprocess
01-23 21:59:04.239   901 22294 I native  : I0000 00:00:1769227144.239203   22294 continuous_zoom_image_homography.cc:1368] ContinuousZoomImageHomography enable_temporal_feature_matching OFF
01-23 21:59:04.239   901  1417 I tflite  : Replacing 7 out of 11 node(s) with delegate (TfLiteXNNPackDelegate) node, yielding 7 partitions for subgraph 0.
01-23 21:59:04.239   901 22299 I Lyric   : lwis_event_thread.cc:209: LwEv:TnrAl event thread is starting . . .
01-23 21:59:04.239   901  1417 W G3ACoordinator: awb_engine.cc:523: Failed to register data types in data manager.
01-23 21:59:04.239   901  1417 I G3ACoordinator: awb_engine.cc:526: [2, 1] AwbEngine_2_1 initialized
01-23 21:59:04.240   901  1417 I G3ACoordinator: ae_session_config_parser_lyric.cc:201: ispfe_raw_input_resolution [width:2104, height:1536]
01-23 21:59:04.240   901  1417 I G3ACoordinator: ae_session_config_parser_lyric.cc:260: Map sensor mode property: sobek_enabled = false, g3a_session_info.hdr_mode = 0, sensor_mode_property 0
01-23 21:59:04.240   901  1417 I G3ACoordinator: ae_session_config_parser_lyric.cc:272: Map sensor name [LESHEN], binning_factor [2, 2] and mode_index [2] to GCam sensor ID [1]
01-23 21:59:04.240   901  1417 I G3ACoordinator: ae_session_config_parser_lyric.cc:372: Pre-LSC AE stats status: disabled
01-23 21:59:04.240   901  1417 I G3ACoordinator: ae_engine.cc:379: session_type 0
01-23 21:59:04.240   901  1417 I G3ACoordinator: ae_engine.cc:2912: GABC fatp_enable_ = 0
01-23 21:59:04.240   901  1417 I G3ACoordinator: ae_engine.cc:453: [0, 1] AeEngine_0_1 initialized
01-23 21:59:04.240   901 22294 I native  : I0000 00:00:1769227144.240308   22294 eis_node.cc:1339] eis_align_mode_ = 0
01-23 21:59:04.240   901  1416 I Lyric   : gdc_driver.cc:185: GDC Version: 16.5.0
01-23 21:59:04.240   901  1417 W Lyric   : auto_exposure_node.cc:1095: ae failed to acquire eco context: UNAVAILABLE: Not able to create valid eco proxy client
01-23 21:59:04.240   901  1416 I Lyric   : mcsc_driver.cc:439: [CMU MCSC] pll_con0_mux(0x1d000610): 16
01-23 21:59:04.240   901 12685 W Lyric   : three_a_request_node.cc:132: 17 calls in 1310 sec(s): ThreeARequestNode: Error getting  metadata entry [ANDROID_CONTROL_AF_REGIONS]: INVALID_ARGUMENT: Metadata doesn't have the entry for ANDROID_CONTROL_AF_REGIONS
01-23 21:59:04.240   901  1416 I Lyric   : common_scaler_driver.cc:505: zuma-mcsc: successfully powered up, version: 16.5.0
01-23 21:59:04.240   901 12685 I Lyric   : three_a_request_node.cc:670: three_a_request: updating 3A max FPS to 30
01-23 21:59:04.240   901  1416 I Lyric   : scaler_node.cc:481: Starting node preview_scaler with Pipeline (ID: (instance_id: 140676), IPs: [ MeshWarp Scaler ], Max Outputs: 1, IPConnections: [ {producer: MeshWarp, consumer: Scaler, connection_type: votf}, ], Usecase: Realtime) on camera 1
01-23 21:59:04.240   901  1417 I G3ACoordinator: auto_scene_detection_engine.cc:548: [9, 1] AutoSceneDetectionEngine_9_1 initialized
01-23 21:59:04.241   901  1867 W Lyric   : auto_exposure_node.cc:875: 3 calls in 807 sec(s): ae, failed to fetch display data on frame id: 0, status: INTERNAL: No cached display data.
01-23 21:59:04.241   901  1416 I Lyric   : page_release_controller.cc:108: Disabling page releasing.
01-23 21:59:04.241   901  1417 I native  : I0000 00:00:1769227144.241093    1417 node_export.cc:200] CatNodeCreate(HdrnetV2Node) took 0.17395 ms
01-23 21:59:04.241   901  1867 I G3ACoordinator: ae_input_parser_lyric.cc:1977: Starter frame: rel_frame_num [-3]
01-23 21:59:04.241   901  1867 W G3ACoordinator: data_manager.cc:154: [5, 26, 9000] can't be found
01-23 21:59:04.241   901  1867 I G3ACoordinator: ae_engine.cc:539: Starter Frames
01-23 21:59:04.241   901  1867 E GABC    : GABC-SensitivityDistribution: sensitivity_distribution.cc:907] Load: Tuning not found or Invalid Lens type received:  camera position: 2, lens type: 0
01-23 21:59:04.241   901  1864 I Lyric   : conditional_dpm_node.cc:70: conditional_dpm turn to dpm mode: Normal, framte number: 0
01-23 21:59:04.242   901 12684 I G3ACoordinator: awb_input_parser_lyric.cc:1142: Starter frame: rel_frame_num [-3]
01-23 21:59:04.242   901 12685 I Lyric   : dpm_bandwidth_controller_v2.cc:1035: Update minimum MIF clock to 1000000000 number of active sensor: 1
01-23 21:59:04.242   901 12685 I Lyric   : dpm_bandwidth_controller_v2.cc:1091: Update minimum INT clock to 200000000 number of active sensor: 1
01-23 21:59:04.242   901 12685 I Lyric   : multisensor_controller.cc:819: Front StartStreaming, waiting on barrier
01-23 21:59:04.242   901 12684 I G3ACoordinator: awb_engine.cc:1937: Load tuning with previous:Primary :  Usecase: 1 Sensor mode: -1 Viridian value: -1 Camera position: 2 Camera lens_type: 0 Camera spectrum: -1 Partial Usecases: {} current:Primary :  Usecase: 13 Sensor mode: -1 Viridian value: -1 Camera position: 2 Camera lens_type: 0 Camera spectrum: -1 Partial Usecases: {}
01-23 21:59:04.242   901 12684 E GHAWB   : Skin Stats Analyzer: skin_stats_analyzer.cc:26] SetTuning: Disable SkinStatsAnalyzer in tuning
01-23 21:59:04.242   901 12685 I Lyric   : multisensor_controller.cc:861: camera Front start prepare spend : 17.497us
01-23 21:59:04.242   901 12684 E GHAWB   : Edge Stats Analyzer: edge_stats_analyzer.cc:34] SetTuning: Disable EdgeStatsAnalyzer in tuning
01-23 21:59:04.242   901  1859 I G3ACoordinator: auto_scene_detection_input_parser_lyric.cc:731: Starter frame: rel_frame_num [-3]
01-23 21:59:04.242   901 12684 I tflite  : Replacing 7 out of 11 node(s) with delegate (TfLiteXNNPackDelegate) node, yielding 7 partitions for subgraph 0.
01-23 21:59:04.243   901  1867 W Lyric   : tuning_node.cc:185: 16 calls in 1310 sec(s): Cannot get main scaler output size from scaler request node
01-23 21:59:04.243   901  1865 W Lyric   : dysco_node.cc:173: LscStats payload is missing in frame 0 due to frame drop!
01-23 21:59:04.243   901  1418 I aion_buffer: AIonInit
01-23 21:59:04.243   901 12684 I G3ACoordinator: ae_input_parser_lyric.cc:1977: Starter frame: rel_frame_num [-2]
01-23 21:59:04.243   901 12684 I G3ACoordinator: ae_engine.cc:539: Starter Frames
01-23 21:59:04.243   901  1865 I Lyric   : dysco_controller_impl.cc:649: No fresh Dysco controller state found in cache for camera Front
01-23 21:59:04.243   901  1867 I Lyric   : unified_zuma_front_end_controller.cc:750: [CAM1] Updating power mode from Standby to Normal on frame 0
01-23 21:59:04.244   901  1867 I Lyric   : zuma_fe_driver.cc:838: [ISPFE] Acquiring context. Sensor: LESHEN
01-23 21:59:04.244   901  1867 I Lyric   : switchboard.cc:333: Booked resources: BookedResourceMap below:
01-23 21:59:04.244   901  1867 I Lyric   :   Resource type Bayer OTF at index 3,
01-23 21:59:04.244   901  1867 I Lyric   :   Resource type Image LoCH at index 0,
01-23 21:59:04.244   901  1867 I Lyric   : zuma_csis_core_context.cc:396: [CAM1] Created Zuma CSIS Core context for sensor LESHEN with size: {width: 2104, height: 1536}
01-23 21:59:04.244   901  1867 I Lyric   : zuma_csis_phy_link_context.cc:165: Zuma CsisPhyLinkContext_6 sensor with image size: {width: 2104, height: 1536}, format: raw_10
01-23 21:59:04.244   901  1867 I Lyric   : zuma_csis_phy_link_context.cc:1322: Zuma CsisPhyLinkContext_6 Rx CTLE enable: 0, is CPHY: 0, mipi rate: 1105Msps
01-23 21:59:04.244   901  1867 I Lyric   : zuma_csis_phy_link_context.cc:198: Zuma CsisPhyLinkContext_6 Disable Rx CTLE settings NcCoef: 0x0, CntRout: 0x5, BiasCon: 0x8, RselCnt: 0xa, CapCnt: 0xe
01-23 21:59:04.244   901  1867 I Lyric   : zuma_fc_bayer_context.cc:45: FC bayer context 3 for camera 1 created, sensor output size: {width: 2104, height: 1536} bayer output size: 2104 x 1536
01-23 21:59:04.244   901  1867 I Lyric   : zuma_lmp_line_buffer.h:50: For LMP bayer context index 3, requested width 2104 compared to last used width -1, after allocation, the available linebuffer size is 16584
01-23 21:59:04.244   901  1867 I Lyric   : zuma_lmp_bayer_context.cc:62: Created Zuma LMP context with bayer size: 2104 x 1536 for sensor output stream 2104 x 1536
01-23 21:59:04.244   901  1860 I G3ACoordinator: awb_input_parser_lyric.cc:1142: Starter frame: rel_frame_num [-2]
01-23 21:59:04.244   901  1490 I Lyric   : zuma_fe_pdma_driver.cc:153: [FEIRQ] FE PDMA event 608 #1, timestamp: 559614640968250, name: IspFe.pdma_rstctl.Context0SwResetDone
01-23 21:59:04.244   901  1867 I Lyric   : test_pattern_calculator.h:64: TpgSync clock: 465000 KHz, fps: 60
01-23 21:59:04.244   901  1867 I Lyric   : image_logical_channel.cc:116: CSIS Core: ImgLoch_0 size: {width: 2104, height: 1536} auto_rec hblanking: 14584 auto_rec vblanking: 4283640
01-23 21:59:04.244   901  1867 I Lyric   : zuma_csis_phy_link_context.cc:243: Zuma CsisPhyLinkContext_6 Camera ID(1) Initialized
01-23 21:59:04.244   901  1867 I Lyric   : zuma_csis_phy_link_context.cc:955: Zuma CsisPhyLinkContext_6 IspConfigCh0 with virtual channel: 0, parallel mode: 0, size: {width: 2104, height: 1536}, format: raw_10
01-23 21:59:04.244   901  1867 I Lyric   : zuma_csis_phy_link_context.cc:955: Zuma CsisPhyLinkContext_6 IspConfigCh1 with virtual channel: 0, parallel mode: 2, size: {width: 2104, height: 1}, format: 8_bit_data
01-23 21:59:04.244   901  1418 I native  : I0000 00:00:1769227144.244880    1418 mlpipe.cc:199] Initialization returned true
01-23 21:59:04.245   901  1860 I G3ACoordinator: ae_input_parser_lyric.cc:1977: Starter frame: rel_frame_num [-1]
01-23 21:59:04.245   901  1860 I G3ACoordinator: ae_engine.cc:539: Starter Frames
01-23 21:59:04.245   901  1867 I Lyric   : zuma_csis_phy_link_context.cc:251: Zuma CsisPhyLinkContext_6 enabled
01-23 21:59:04.245   901  1867 I Lyric   : frame_override_helper.cc:17: [CAM1][ISPFE] FrameOverrideHelper is calculating setting_effective_frame_override with a margin of 0
01-23 21:59:04.245   901  1867 I Lyric   : fe_programming_async.cc:93: Creating FeProgrammingAsync with context_info.indices: {bayer_context_index = [3], pdaf_context_index = nullopt, image_loch_indices = [0], pdaf_loch_indices = [], vc_loch_index = nullopt, rdma_indices = []}, context_info.acquired: {csis_phy_link = true, lmp_bayer = true, lmp_pdaf = false, fc_bayer = true, fc_pdaf = false, csis_image_wdmas = [], csis_pd_wdmas = [], csis_vc_wdma = false, csis_rdmas = []}, sof drift correction: 0
01-23 21:59:04.245   901  1867 I Lyric   : zuma_fe_utils.cc:386: ISP-FE Bandwidth Formula V1.1
01-23 21:59:04.245   901  1867 I Lyric   : zuma_fe_utils.cc:409: ISP-FE Clock Formula V1.7
01-23 21:59:04.245   901  1867 I Lyric   : zuma_fe_driver.cc:1312: ISP-FE Qos Update: context(0), csi clock: 111000000, lmp clock: 60083040
01-23 21:59:04.245   901 12684 I G3ACoordinator: awb_input_parser_lyric.cc:1142: Starter frame: rel_frame_num [-1]
01-23 21:59:04.245   901  1867 I Lyric   : zuma_fe_driver.cc:1367: ISP-FE Qos Update: clock frequency: 111000000, write bandwidth: 305662080, read bandwidth: 0
01-23 21:59:04.246   901  1867 I Lyric   : unified_zuma_front_end_controller.cc:209: [CAM1] Acquired driver context for exposure 0.
01-23 21:59:04.246   901  1867 I Lyric   : per_camera_barrier_impl.cc:47: Blocker for FeControllerBlockCam1ToStop#0 acquired
01-23 21:59:04.246   901  1867 E Lyric   : software_fence.cc:40: Resetting unsignaled fence unnamed
01-23 21:59:04.246   901  1867 I Lyric   : common_fe.cc:1023: LocalToneMappingDataV1 payload is dropped.
01-23 21:59:04.246   901  1867 I Lyric   : fe_node.cc:2668: frontend HalPixelFormat for FrontEndNode RAW16_BAYER_SBWC
01-23 21:59:04.246   901  1867 I Lyric   : unified_zuma_front_end_controller.cc:322: [CAM1] The first sensor frame number is changed from -1 to 1 for exposure index 0.
01-23 21:59:04.246   505   615 D DisplayModeController: setDesiredMode 4619827677550801152 {mode={fps=120.00 Hz, modePtr={id=1, vsyncRate=120.00 Hz, peakRefreshRate=120.00 Hz}}, emitEvent=true, force=false}
01-23 21:59:04.247   901  1867 I Lyric   : fe_programming_async.cc:572: [CAM1][ISPFE] Submitting config for sensor frame # 1 (abs 0)) to execute immediately
01-23 21:59:04.247   901  1867 I Lyric   : register_sets.cc:171: ISPFE RegisterUpdate Expression events: IspFe.fc_bayer.Context3FcRegUpdated 
01-23 21:59:04.247   901  1867 I Lyric   : fe_programming_async.cc:1035: [CAM1][ISPFE] Releasing sensor start blocker with status OK
01-23 21:59:04.247   901  1867 I Lyric   : per_camera_barrier_impl.cc:58: Blocker for FeControllerBlockCam1ToStartExp0#0 released with status: OK with lwis fence, which will be waited at sensor start transaction in kernel
01-23 21:59:04.247   901  1867 I Lyric   : fe_programming_async.cc:710: [CAM1][ISPFE] Submitted SensorStartBlocker transaction id 36765
01-23 21:59:04.247   901 12685 I Lyric   : multisensor_controller.cc:867: camera Front start wait for barrier spend : 4.942912ms
01-23 21:59:04.247   901  1867 I Lyric   : fe_programming_async.cc:649: [CAM1][ISPFE] Submitted config for sensor frame # 1 (abs 0) with transaction id 36766
01-23 21:59:04.247   901  1489 I Lyric   : fe_programming_async_event_handler.cc:113: [FEIRQ] Received event IspFe.fe_programming.Context0SubmitProgrammingSuccess. Count: 1. Timestamp: 559614643767159 ns.
01-23 21:59:04.247   901 12685 I Lyric   : sensor_generic_driver.cc:1285:  event thread started.
01-23 21:59:04.247   901  1859 I G3ACoordinator: auto_scene_detection_input_parser_lyric.cc:731: Starter frame: rel_frame_num [-2]
01-23 21:59:04.247   901 12685 I Lyric   : sensor_generic_driver.cc:1475: LESHEN stream on, size: {width: 2104, height: 1536}, frame rate range: [15, 60], sensor ispfe sync in kernel with ispfe-side completion fence request id: 0
01-23 21:59:04.247   901 12685 I Lyric   : per_camera_barrier_impl.cc:47: Blocker for MultiSensorController_Stop acquired
01-23 21:59:04.247   901  1859 I G3ACoordinator: auto_scene_detection_input_parser_lyric.cc:731: Starter frame: rel_frame_num [-1]
01-23 21:59:04.247   901  1489 I Lyric   : fe_programming_async_event_handler.cc:113: [FEIRQ] Received event IspFe.fe_programming.Context0SensorStartBlockerSuccess. Count: 1. Timestamp: 559614644091215 ns.
01-23 21:59:04.247   901  1489 I Lyric   : image_logical_channel.cc:261: CSIS Core: Setting loch_en for ImgLoch_0
01-23 21:59:04.247   901 22303 I Lyric   : sensor_generic_driver.cc:1160: LESHEN stream on success. Transaction delay: 186.401us
01-23 21:59:04.248   901  1867 W Lyric   : dysco_node.cc:173: LscStats payload is missing in frame 1 due to frame drop!
01-23 21:59:04.248   901  1867 I Lyric   : dysco_controller_impl.cc:649: No fresh Dysco controller state found in cache for camera Front
01-23 21:59:04.248   901 12685 I Lyric   : common_fe.cc:1023: LocalToneMappingDataV1 payload is dropped.
01-23 21:59:04.248   901  1865 W Lyric   : dysco_node.cc:173: LscStats payload is missing in frame 2 due to frame drop!
01-23 21:59:04.248   901  1865 I Lyric   : dysco_controller_impl.cc:649: No fresh Dysco controller state found in cache for camera Front
01-23 21:59:04.250   901 12685 I Lyric   : common_fe.cc:1023: LocalToneMappingDataV1 payload is dropped.
01-23 21:59:04.263   511  3652 D hwc-display: setActiveConfigWithConstraints:: PrimaryDisplay config(37) test(0)
01-23 21:59:04.263   511  3652 I hwc-display: [PrimaryDisplay] setActiveConfigWithConstraints: config(37)
01-23 21:59:04.265   901  1490 I Lyric   : zuma_csis_phy_link_driver.cc:220: [FEIRQ] CsisPhyLink context 6 event 2305843009213699458 name: IspFe.csis_int1.Context6FrameStart count: 1 timestamp: 559614662275216
01-23 21:59:04.266   901  1490 I Lyric   : zuma_csis_phy_link_driver.cc:220: [FEIRQ] CsisPhyLink context 6 event 2305843009213699840 name: IspFe.csis_fs_int.Context6FrameStartCh0 count: 1 timestamp: 559614662306181
01-23 21:59:04.266   901  1490 I Lyric   : dpm_bandwidth_controller_v2.cc:931: Current CLOCK_FAMILY_INTCAM clock 664000
01-23 21:59:04.266   901  1490 I Lyric   : dpm_bandwidth_controller_v2.cc:931: Current CLOCK_FAMILY_MIF clock 3744000
01-23 21:59:04.266   901  1490 I Lyric   : dpm_bandwidth_controller_v2.cc:931: Current CLOCK_FAMILY_INT clock 1066000
01-23 21:59:04.266   901  1490 I Lyric   : dpm_bandwidth_controller_v2.cc:931: Current CLOCK_FAMILY_CAM clock 111000
01-23 21:59:04.266   901  1490 I Lyric   : dpm_bandwidth_controller_v2.cc:931: Current CLOCK_FAMILY_TNR clock 664000
01-23 21:59:04.266   901  1490 I Lyric   : zuma_csis_phy_link_driver.cc:220: [FEIRQ] CsisPhyLink context 6 event 2305843009213699841 name: IspFe.csis_fs_int.Context6FrameStartCh1 count: 1 timestamp: 559614662323637
01-23 21:59:04.266   901  1490 I Lyric   : zuma_csis_core_driver.cc:260: [FEIRQ] CSIS Core context 0: event IspFe.csis_core_cmn_ctl.Loch0 #1, category: 8, count: 1, timestamp: 559614662416777
01-23 21:59:04.266   901 22303 I Lyric   : sensor_generic_driver.cc:1001: LESHEN 1st SOF arrived. Delay from stream on: 18.704671ms Delay from stream on transaction: 18.243042ms (Delay - exposure time): 1.58127325ms
01-23 21:59:04.266   901  1489 I Lyric   : fe_programming_async_event_handler.cc:113: [FEIRQ] Received event IspFe.fe_programming.Context0SofSyncSuccess. Count: 1. Timestamp: 559614662388782 ns.
01-23 21:59:04.267   926  1687 I sensor-suez: Vendor atom [id = 100245] reported.
01-23 21:59:04.280   901  1490 I Lyric   : zuma_csis_core_driver.cc:260: [FEIRQ] CSIS Core context 0: event IspFe.csis_core_img_proc.LogicalChannel0Eof #1, category: 11, count: 1, timestamp: 559614676785917
01-23 21:59:04.280   901  1490 I Lyric   : zuma_lmp_driver.cc:455: [FEIRQ] Lmp bayer context 3, event 2305843009213694817, name: IspFe.lmp_bayer.Context3Eof, count: 1, timestamp: 559614676989978
01-23 21:59:04.281   901  1864 W Lyric   : face_detection_node.cc:779: 3 calls in 805 sec(s): Face Detection: processing stage skipped due to controller IO frame drop
01-23 21:59:04.281   901  1867 I Lyric   : refine_gmv_node.cc:216: refine_gmv power mode changed from Undefined to Normal at frame 0
01-23 21:59:04.281   901  1865 E native  : E0000 00:00:1769227144.281503    1865 frame_series.h:63] No valid frame assigned. Do nothing.
01-23 21:59:04.284   901  1867 I Lyric   : common_fe.cc:1023: LocalToneMappingDataV1 payload is dropped.
01-23 21:59:04.288   901  1865 I Lyric   : centralized_power_throttle_controller.cc:556: camera thermal status: TNR denoise bypass for camera 1 at frame 0 matching condition: FrameMatch_0 temperature: 27.8884 temperature rate: nan
01-23 21:59:04.288   901 12685 W Lyric   : tnr_align_node.cc:758: 13 calls in 1310 sec(s): Segmentation is enabled but the mask is dropped at frame number = 0
01-23 21:59:04.288   901 12685 W Lyric   : tnr_align_node.cc:334: No valid previous gaussian pyramid to use for frame 0(multicam_frame_number=0)
01-23 21:59:04.288   901  1865 I Lyric   : raw_to_yuv_node.cc:1299: HalImageFormat for YUV output: HalImageFormat{ pixel_format = YCBCR_420_SPN_10B_SBWC_L40, stride_alignment = 32, num_buffers = 1 }
01-23 21:59:04.289   901  1864 I Lyric   : whi_rectiface_controller.cc:965: Bypass rectiface algo processing for the first frame
01-23 21:59:04.290   901 12685 I Lyric   : tnr_merge_node.cc:1002: TNR merge decide to switch dpm_mode from -1 to 4 on frame : 0 exposure frame num : 0 gain = 107.011 camera id : 1
01-23 21:59:04.291   901  1483 I Lyric   : zuma_be_core_event_handler_impl.cc:76: Received Hw event: BeCore.RgbpInt0.FrameEnd counter 1, timestamp: 559614687882231
01-23 21:59:04.291   901  1483 I Lyric   : zuma_be_core_event_handler_impl.cc:76: Received Hw event: BeCore.YuvpInt0.FrameEnd counter 1, timestamp: 559614687933785
01-23 21:59:04.292   901 12685 I Lyric   : mesh_warp_node.cc:849: HalPixelFormat for MeshWarpNode YCBCR_420_SPN_10B_SBWC_L40
01-23 21:59:04.292   901  1867 I Lyric   : scaler_node.cc:1017: The 0th output HalPixelFormat for preview_scaler YCBCR_420_888 resolution: 640x480
01-23 21:59:04.293  1141  1141 D AOC     : A3:MSG: tmd3733_device.cc, 3186: USF: TMD3733: vsync_delay_usec: 5800
01-23 21:59:04.294   901 22291 I GCH_AidlCameraDeviceSession: ProcessBatchCaptureResult: First frame done
01-23 21:59:04.294   901 22291 I Lyric   : camera_latency_analyzer.cc:99: [CLA] Cam1-Open
01-23 21:59:04.294   901 22291 I Lyric   : camera_latency_analyzer.cc:101: [CLA] (Cam1-Open) Open latency: 12.2532
01-23 21:59:04.294   901 22291 I Lyric   : camera_latency_analyzer.cc:101: [CLA] (Cam1-Open) <-- IDLE --> latency: 9.03446
01-23 21:59:04.294   901 22291 I Lyric   : camera_latency_analyzer.cc:101: [CLA] (Cam1-Open) ConfigureStream latency: 29.6928
01-23 21:59:04.294   901 22291 I Lyric   : camera_latency_analyzer.cc:101: [CLA] (Cam1-Open) <-- IDLE --> latency: 2.94548
01-23 21:59:04.294   901 22291 I Lyric   : camera_latency_analyzer.cc:101: [CLA] (Cam1-Open) First frame latency: 63.4164
01-23 21:59:04.294   901 22291 I Lyric   : camera_latency_analyzer.cc:101: [CLA] (Cam1-Open) Overall latency: 117.382
01-23 21:59:04.294   901 22291 I Lyric   : camera_latency_analyzer.cc:101: [CLA] (Cam1-Open) HAL Total latency: 105.349
01-23 21:59:04.307   901  1490 I Lyric   : zuma_csis_phy_link_driver.cc:220: [FEIRQ] CsisPhyLink context 6 event 2305843009213699457 name: IspFe.csis_int1.Context6FrameEnd count: 1 timestamp: 559614703912464
01-23 21:59:04.307   901  1490 I Lyric   : zuma_csis_phy_link_driver.cc:220: [FEIRQ] CsisPhyLink context 6 event 2305843009213700224 name: IspFe.csis_fe_int.Context6FrameEndCh0 count: 1 timestamp: 559614704008411
01-23 21:59:04.307   901  1490 I Lyric   : zuma_csis_phy_link_driver.cc:220: [FEIRQ] CsisPhyLink context 6 event 2305843009213700225 name: IspFe.csis_fe_int.Context6FrameEndCh1 count: 1 timestamp: 559614704054757
01-23 21:59:04.322   901  1859 I Lyric   : face_detection_engine_face_ssd.cc:324: Face Detection: Face ssd module update the fps cap from 30 to 15
01-23 21:59:04.325   901  1865 I Lyric   : centralized_power_throttle_controller.cc:556: camera thermal status: TNR denoise no throttle for camera 1 at frame 1 matching condition: Defaulted temperature: 27.8884 temperature rate: nan
01-23 21:59:04.325   901  1865 I Lyric   : raw_to_yuv_node.cc:1151: ITP decide to switch dma_sync from 0 to 1 on raw frame num : 1 exposure frame num 1 gain = 107.011 power mode = 0 camera id : 1
01-23 21:59:04.327   901 12685 I Lyric   : tnr_merge_node.cc:1002: TNR merge decide to switch dpm_mode from 4 to 0 on frame : 1 exposure frame num : 1 gain = 107.011 camera id : 1
01-23 21:59:04.328   901 12685 I Lyric   : tnr_merge_node.cc:1357: HalPixelFormat for TnrMergeNode YCBCR_420_SPN_10B_SBWC_L40
01-23 21:59:04.328   901 12685 I Lyric   : tnr_merge_node.cc:1414: HalImageFormat for TnrMergeNode feedback HalImageFormat{ pixel_format = YCBCR_420_SPN_10B_SBWC_L40, stride_alignment = 64, num_buffers = 1 }
01-23 21:59:04.328   901 12685 I Lyric   : zuma_gtnr_merge_node_to_driver_io_converter.cc:181: Force sharpen only process at controller level, due to: FAILED_PRECONDITION: Invalid feedback image, force sharpen only process!
01-23 21:59:04.328   901  1864 I native  : I0000 00:00:1769227144.327942    1864 rectiface_node.cc:2156] LiveRectiface: focal_length (mm) = 2.74
01-23 21:59:04.329   901  1864 I native  : I0000 00:00:1769227144.329445    1864 rectiface_node.cc:2158] LiveRectiface: sensor_width (mm) = 4.71296
01-23 21:59:04.329   901  1864 I native  : I0000 00:00:1769227144.329468    1864 rectiface_node.cc:2160] LiveRectiface: sensor_aspect_ratio (h/w) = 0.730038
01-23 21:59:04.329   901  1864 I native  : I0000 00:00:1769227144.329474    1864 rectiface_node.cc:2162] LiveRectiface: FOV (deg) = 93.5964
01-23 21:59:04.329   901  1864 I native  : I0000 00:00:1769227144.329643    1864 live_rectiface_processor.cc:272] Use golden calibration.
01-23 21:59:04.329   901  1864 W native  : W0000 00:00:1769227144.329725    1864 plane.cc:308] Memory re-allocation.
01-23 21:59:04.329   901  1864 W native  : W0000 00:00:1769227144.329828    1864 plane.cc:308] Memory re-allocation.
01-23 21:59:04.329   901  1864 W native  : W0000 00:00:1769227144.329912    1864 plane.cc:308] Memory re-allocation.
01-23 21:59:04.329   901  1864 W native  : W0000 00:00:1769227144.329959    1864 plane.cc:308] Memory re-allocation.
01-23 21:59:04.330   901  1864 I native  : I0000 00:00:1769227144.330056    1864 rectiface_node.cc:1383] Live rectiface init status: enabled.
01-23 21:59:04.371   901 12685 W Lyric   : tnr_merge_node.cc:1219: TNR merge uses the previous initial image frame instead of merge feedback for denoise for frame/batch: 2 in context 0xb400007afc5ba238
01-23 21:59:04.413   901  1864 W native  : W0000 00:00:1769227144.412956    1864 gyro.cc:313] Invalid timestamp 559614795404730, which might be expected at beginning/end of a video and should not be per-frame
01-23 21:59:04.448  1137  1180 I Darwinn : [/dev/edgetpu][core0] 559609.304308s: INF leader_app.cc:340 - Firmware Build Label: zpr_tpu_20250512.0.0
01-23 21:59:04.448  1137  1180 I Darwinn : [/dev/edgetpu][core0] 559609.346232s: INF leader_app.cc:340 - Firmware Build Label: zpr_tpu_20250512.0.0
01-23 21:59:04.453   901  1862 W native  : W0000 00:00:1769227144.453686    1862 gyro.cc:313] Invalid timestamp 559614837666408, which might be expected at beginning/end of a video and should not be per-frame
01-23 21:59:04.496   901  1862 W native  : W0000 00:00:1769227144.496516    1862 gyro.cc:313] Invalid timestamp 559614879928046, which might be expected at beginning/end of a video and should not be per-frame
01-23 21:59:04.539   901  1864 W native  : W0000 00:00:1769227144.539585    1864 gyro.cc:313] Invalid timestamp 559614922189724, which might be expected at beginning/end of a video and should not be per-frame
01-23 21:59:04.580   901  1864 W native  : W0000 00:00:1769227144.580895    1864 gyro.cc:313] Invalid timestamp 559614964451361, which might be expected at beginning/end of a video and should not be per-frame
01-23 21:59:04.624   901  1864 W native  : W0000 00:00:1769227144.623953    1864 gyro.cc:313] Invalid timestamp 559615006713039, which might be expected at beginning/end of a video and should not be per-frame
01-23 21:59:04.665   901  1864 W native  : W0000 00:00:1769227144.665465    1864 gyro.cc:313] Invalid timestamp 559615048974677, which might be expected at beginning/end of a video and should not be per-frame
01-23 21:59:04.707   901  1862 W native  : W0000 00:00:1769227144.707824    1862 gyro.cc:313] Invalid timestamp 559615091236315, which might be expected at beginning/end of a video and should not be per-frame
01-23 21:59:04.737  3931 12662 I AiAiAttention: (REDACTED) Max frames per check reached: %s
01-23 21:59:04.737  3931 12662 I AiAiAttention: (REDACTED) reportSuccess: %s
01-23 21:59:04.737  3931 12662 I AiAiAttention: (REDACTED) maxDistancedSquared: %s
01-23 21:59:04.740   926   926 D usf_sensor_hal: accelerometer: Enter Batch. Period = 200000000, latency = 2000000000.
01-23 21:59:04.746  1141  1141 D AOC     : A3:MSG: usf_sensor.cc, 2402: USF: Received reconfig sampling request for LSM6DSV Accelerometer.
01-23 21:59:04.746   926   926 D usf_sensor_hal: IMU temperature: Enter Batch. Period = 533334000, latency = 2000000000.
01-23 21:59:04.748  1141  1141 D AOC     : A3:MSG: usf_sensor.cc, 2402: USF: Received reconfig sampling request for LSM6DSV Temperature.
01-23 21:59:04.749   926  1687 I sensor-suez: Vendor atom [id = 100243] reported.
01-23 21:59:04.749   901  1862 I native  : I0000 00:00:1769227144.749518    1862 tripod_detector.cc:71] Enter tripod mode.
01-23 21:59:04.750   901  1862 W native  : W0000 00:00:1769227144.750021    1862 gyro.cc:313] Invalid timestamp 559615133497993, which might be expected at beginning/end of a video and should not be per-frame
01-23 21:59:04.750  3931 12662 I AiAiAttention: (REDACTED) completed in %s ms using %s frames; %s frames had face detected, %s frames had gaze detected, %s frames had gaze on screen.
01-23 21:59:04.750  3931 12662 I AiAiAttention: Last face: yaw=%.1f, tilt=%.1f, roll=%.1f
01-23 21:59:04.750  1505  2494 V AttentionDetector: onSuccess: 0, ID: 97
01-23 21:59:04.751  3931 12662 I gaze    : Trying to close camera
01-23 21:59:04.751  3931 12662 I AiAiAttention: completeOrCancelWithReason
01-23 21:59:04.751  1081 13651 D Camera2ClientBase: Camera 1: start to disconnect
01-23 21:59:04.751  1081 13651 D Camera2ClientBase: Camera 1: serializationLock acquired
01-23 21:59:04.751  1081 13651 D Camera2ClientBase: Camera 1: Shutting down
01-23 21:59:04.751  1081 13651 D Camera2ClientBase: Camera 1: start to cacheDump
01-23 21:59:04.757   901 18080 I Lyric   : camera_device_session_hwl_impl.cc:1127: Flush entered, camera_id: 1
01-23 21:59:04.757   901 18080 I Lyric   : camera_powerhal_impl.cc:187: SetPowerBoost Trigger CAMERA_LAUNCH for 200ms
01-23 21:59:04.758   901 18080 I Lyric   : camera_device_session_manager_base.cc:1303: Attempting to flush graph:top_graph_for_camera_Front
01-23 21:59:04.759   901 12685 I Lyric   : retiming_node.cc:571: Front(hal id: 1), Reporting image frame drop to framework for stream id: 0, request id: 11
01-23 21:59:04.760   901 12684 W Lyric   : sensor_node.cc:763: sensor SensorNode producing drops due to frame request drop on frame 15
01-23 21:59:04.760   901 12685 W Lyric   : tnr_align_node.cc:545: 4 calls in 805 sec(s): TnrAlignNode producing alignment and noise frame drops for batch with first frame number: 12 due to error: DATA_LOSS: missing request_settings; Produced 1 alignment and noise frame drops since started. The corresponding image frame(s) will still be processed without denoising in TNR merge.
01-23 21:59:04.760   901  1865 W Lyric   : tnr_merge_node.cc:567: TnrMergeNode producing frame drops from context 0xb400007afc5ba238 starting at frame number: 12 due to error: FAILED_PRECONDITION: Cannot correctly sharpen TNR image without GTM when tone mapping is supposed to be available.; TNR merge failed to get tuning data in context 0xb400007afc5ba238
01-23 21:59:04.760   901  1865 W Lyric   : tnr_merge_node.cc:567: TnrMergeNode producing frame drops from context 0xb400007afc5ba238 starting at frame number: 13 due to error: FAILED_PRECONDITION: Cannot correctly sharpen TNR image without GTM when tone mapping is supposed to be available.; TNR merge failed to get tuning data in context 0xb400007afc5ba238
01-23 21:59:04.760   901  1865 I Lyric   : camera_device_session_manager_base.cc:1159: Reporting metadata frame drop for camera: Front, request id: 15, partial result count: 1
01-23 21:59:04.760   901 12685 W Lyric   : tnr_merge_node.cc:567: TnrMergeNode producing frame drops from context 0xb400007afc5ba238 starting at frame number: 14 due to error: FAILED_PRECONDITION: Cannot correctly sharpen TNR image without GTM when tone mapping is supposed to be available.; TNR merge failed to get tuning data in context 0xb400007afc5ba238
01-23 21:59:04.760   901  1867 W Lyric   : mesh_warp_node.cc:734: preview_mesh_warp Request frame is drop, drop all output for frame 12
01-23 21:59:04.760   901  1865 W Lyric   : scaler_node.cc:813: 4 calls in 805 sec(s): preview_scaler Input is drop, drop all outputs for frame 12
01-23 21:59:04.760   901  1865 W Lyric   : scaler_node.cc:1079: 4 calls in 805 sec(s): FAILED_PRECONDITION: preview_scaler producing drops as all input frames are dropped
01-23 21:59:04.760   901 12685 I Lyric   : retiming_node.cc:571: Front(hal id: 1), Reporting image frame drop to framework for stream id: 0, request id: 12
01-23 21:59:04.760   901  1867 W Lyric   : mesh_warp_node.cc:734: preview_mesh_warp Request frame is drop, drop all output for frame 13
01-23 21:59:04.760   901 12685 I Lyric   : retiming_node.cc:571: Front(hal id: 1), Reporting image frame drop to framework for stream id: 0, request id: 13
01-23 21:59:04.760   901 12685 W Lyric   : mesh_warp_node.cc:734: preview_mesh_warp Request frame is drop, drop all output for frame 14
01-23 21:59:04.760   901 12685 I Lyric   : retiming_node.cc:571: Front(hal id: 1), Reporting image frame drop to framework for stream id: 0, request id: 14
01-23 21:59:04.760   901  1867 I Lyric   : camera_device_session_manager_base.cc:1159: Reporting metadata frame drop for camera: Front, request id: 12, partial result count: 2
01-23 21:59:04.761   901 12685 I Lyric   : camera_device_session_manager_base.cc:1159: Reporting metadata frame drop for camera: Front, request id: 13, partial result count: 2
01-23 21:59:04.761   901 12685 I Lyric   : camera_device_session_manager_base.cc:1159: Reporting metadata frame drop for camera: Front, request id: 14, partial result count: 2
01-23 21:59:04.761   901 12685 W Lyric   : tuning_node.cc:620: preview scaler request port frame drop
01-23 21:59:04.761   901 12685 W Lyric   : tuning_node.cc:652: Frame drops on pre_scaler_request
01-23 21:59:04.761   901 12685 W Lyric   : tuning_node.cc:1013: 1 calls in 1643 sec(s): TuningNode is using cached tuning point because: exposure_config_frame is dropae_frame_data is invalid ae_data_frame is drop awb_data_frame is drop
01-23 21:59:04.761   901 18080 I Lyric   : fe_node.cc:1024: frontend flush at flush_mark 15 output frame stats (ignores fence-signaled drops): {process_input_count = 0, dropped_all_outputs = 0, valid_ae = 0, valid_pre_lsc_ae = 0, valid_uae = 0, valid_awb = 0, valid_histogram = 0, valid_flicker = 0, valid_motion = 0, valid_cdaf = 0, valid_pdaf = 0, valid_align = 0, valid_alias_map = 0, valid_gaussian_pyramid = 0, valid_scaled_rgb_stats = 0, valid_scaled_yuv_stats = 0, valid_lsc = 0, valid_bilateral_grid = 0, valid_scaled_rgb = 0, valid_scaled_yuv = 0, valid_cam_data_dump = 0, valid_pixel_patch = 0}
01-23 21:59:04.761   901 18080 I Lyric   : unified_zuma_front_end_controller.cc:427: [CAM1] Flushing at Normal mode
01-23 21:59:04.761   901 18080 I Lyric   : per_camera_barrier_impl.cc:47: Blocker for FeControllerBlockCam1ToStop#1ForFlush acquired
01-23 21:59:04.761   901 18080 I Lyric   : inflight_config_queue.cc:151: [CAM1][ISPFE] Flushing 2 pending configs. Queue: last completed: (sensor frame # 13 (abs 12), id: 36778) pending: (sensor frame # 14 (abs 13), id: 36779), (sensor frame # 15 (abs 14), id: 36780), 
01-23 21:59:04.761   901 18080 I Lyric   : fe_programming_async.cc:385: [CAM1][ISPFE] Rewinding PDMA write pointer to end of sensor frame # 13 (abs 12) commands. Write pointer: 208
01-23 21:59:04.761   901 18080 I Lyric   : frame_images_queue_handler.cc:140: [CAM1] Bayer[0] Canceled sensor frames 14 15 Flushed [CAM1] Bayer[0] frame
01-23 21:59:04.761   901 18080 I Lyric   : lmp_pipeline.cc:585: [Bayer3][CAM1] Removed obsolete lmp frame (not frame 13) 14 15
01-23 21:59:04.761   901 18080 I Lyric   : zuma_lmp_context.cc:117: Flushing Lmp context bayer
01-23 21:59:04.761   901 18080 I Lyric   : lmp_pipeline.cc:494: [Bayer3][CAM1] Drain(timeout=184.596531ms) entered. Number of frames in the queue is 1
01-23 21:59:04.761   901 18080 I Lyric   : lmp_pipeline.cc:511: [Bayer3][CAM1] Waiting for pipeline to drain. There are 1 pending transactions for frames: sensor frame numbers: [13], abs frame numbers: [12]
01-23 21:59:04.786   901 18080 I Lyric   : lmp_pipeline.cc:523: [Bayer3][CAM1] Pipeline drained.
01-23 21:59:04.786   901 18080 I Lyric   : zuma_lmp_context.cc:120: Done flushing Lmp context bayer
01-23 21:59:04.786   901 18080 I Lyric   : zuma_csis_core_context.cc:957: [CAM1] Waiting for 0 bayer[0] images: none for 33ms
01-23 21:59:04.786   901 18080 I Lyric   : zuma_csis_core_context.cc:966: [CAM1] Flush is done
01-23 21:59:04.786   901 18080 I Lyric   : unified_zuma_front_end_controller.cc:562: [CAM1] Sensor isn't waiting on the barrier, skip re-acquiring the blocker
01-23 21:59:04.786   901 18080 I Lyric   : unified_zuma_front_end_controller.cc:483: [CAM1] Flushed.
01-23 21:59:04.786   901 18080 I Lyric   : per_camera_barrier_impl.cc:58: Blocker for FeControllerBlockCam1ToStop#1ForFlush released with status: OK without lwis fence.
01-23 21:59:04.786   901 18080 I Lyric   : unified_zuma_front_end_controller.cc:519: [CAM1] Sensor isn't waiting on the barrier, skip re-acquiring the blocker
01-23 21:59:04.786   901 12685 I Lyric   : fe_node.cc:2724: frontend received incomplete request at frame number: 15, request dropped: 1, sensor_image dropped: 1, sensor_properties dropped: 1, tuning point dropped: 1
01-23 21:59:04.786   901 12685 I Lyric   : fe_node.cc:1598: frontend Finished processing an incomplete_request at frame 15 when flush_mark is at frame 15 power mode is Normal
01-23 21:59:04.786   901 18080 I Lyric   : zuma_backend_pipeline_context.cc:1933: Flushing backend pipeline Pipeline (ID: (instance_id: 140675), IPs: [ RawToYuv TnrMerge ], Max Outputs: 1, IPConnections: [ {producer: RawToYuv, consumer: TnrMerge, connection_type: votf}, ], Usecase: Realtime) took 10 us, with flush HW = false
01-23 21:59:04.786   901 18080 I Lyric   : zuma_backend_pipeline_context.cc:1933: Flushing backend pipeline Pipeline (ID: (instance_id: 140672), IPs: [ RawToYuv ], Max Outputs: 1, IPConnections: [ ], Usecase: Realtime) took 3 us, with flush HW = false
01-23 21:59:04.786   901 18080 I Lyric   : zuma_backend_pipeline_context.cc:1933: Flushing backend pipeline Pipeline (ID: (instance_id: 140675), IPs: [ RawToYuv TnrMerge ], Max Outputs: 1, IPConnections: [ {producer: RawToYuv, consumer: TnrMerge, connection_type: votf}, ], Usecase: Realtime) took 1 us, with flush HW = false
01-23 21:59:04.786   901  1867 W Lyric   : tnr_merge_node.cc:567: TnrMergeNode producing frame drops from context 0xb400007afc5ba238 starting at frame number: 15 due to error: INVALID_ARGUMENT: TNR merge tuning frame is dropped.; TNR merge failed to get tuning data in context 0xb400007afc5ba238
01-23 21:59:04.786   901  1862 W Lyric   : face_detection_node.cc:633: 3 calls in 805 sec(s): Face Detection: producing frame drops due to request frame drop
01-23 21:59:04.786   901  1865 I Lyric   : sensor_node.cc:627: sensor Missing sensor results for frame 15
01-23 21:59:04.786   901 18080 I Lyric   : zuma_backend_pipeline_context.cc:1933: Flushing backend pipeline Pipeline (ID: (instance_id: 140676), IPs: [ MeshWarp Scaler ], Max Outputs: 1, IPConnections: [ {producer: MeshWarp, consumer: Scaler, connection_type: votf}, ], Usecase: Realtime) took 4 us, with flush HW = false
01-23 21:59:04.786   901 12685 W Lyric   : mesh_warp_node.cc:734: preview_mesh_warp Request frame is drop, drop all output for frame 15
01-23 21:59:04.786   901 18080 I Lyric   : zuma_backend_pipeline_context.cc:1933: Flushing backend pipeline Pipeline (ID: (instance_id: 140676), IPs: [ MeshWarp Scaler ], Max Outputs: 1, IPConnections: [ {producer: MeshWarp, consumer: Scaler, connection_type: votf}, ], Usecase: Realtime) took 2 us, with flush HW = false
01-23 21:59:04.786   901 18080 I Lyric   : auto_exposure_node.cc:1159: {type: Node, name: top_graph_for_camera_Front.ae, class_name: AutoExposureNode}: AE input statistics: {process_input_count = 16, dropped_requests = 1, stats_not_ready_count = 0, motion_stats_not_ready_count = 0, segmentation_mask_not_ready_count = 0, stage_detection_result_not_ready_count = 0, saliency_data_not_ready_count = 0, valid_flash_state = 0, valid_exposure_timestamp = 12, valid_sensor_properties = 12, valid_motion_stats = 0, valid_wb_config = 14, valid_color_correction = 14}
01-23 21:59:04.786   901 12685 I Lyric   : retiming_node.cc:571: Front(hal id: 1), Reporting image frame drop to framework for stream id: 0, request id: 15
01-23 21:59:04.786   901  1867 I Lyric   : camera_device_session_manager_base.cc:1159: Reporting metadata frame drop for camera: Front, request id: 15, partial result count: 2
01-23 21:59:04.786   901 22291 I GCH_CameraDeviceSession: UpdatePendingRequest: [sbc] All inflight requests/streams cleared. Notified SBC for flushing.
01-23 21:59:04.786   901 18080 I Lyric   : retiming_node.cc:1692: Front(hal id: 1), Over the past 492.767945ms there were 15 responses sent and 10 of them had no error. FPS: 30.4403 Non-error FPS: 20.2935
01-23 21:59:04.787   901 18080 I Lyric   : camera_device_session_manager_base.cc:1354: Finished flushing graph:top_graph_for_camera_Front
01-23 21:59:04.787  1081 22286 D CameraService: finishCameraStreamingOps: finishDataDelivery for uid 10136
01-23 21:59:04.787   901 22293 E GCH_PendingRequestsTracker: TrackReturnedAcquiredBuffers: stream 0 should not have any pending acquired buffers.
01-23 21:59:04.787   901 22293 I GCH_CameraDeviceSession: operator(): [sbc] Flushed buf[0xb400007bfc5f1e10] bid[1] strm[0] frm[xx]
01-23 21:59:04.787  1081 13651 I Camera3-Device: disconnectImpl: E
01-23 21:59:04.787  1081 13651 I CameraLatencyHistogram: ProcessCaptureRequest latency histogram (16) samples:
