01-23 21:50:03.644  1141  1141 D AOC     : A3:MSG: vsc_controller.cc, 602: VSC: [Rotation Vector Sensor] stopSensorEvents: sensor 0x10001
01-23 21:50:03.644  1141  1141 D AOC     : A3:MSG: vsc_controller.cc, 602: VSC: [Rotation Vector Sensor] stopSensorEvents: sensor 0x10004
01-23 21:50:03.644  1141  1141 D AOC     : A3:MSG: vsc_controller.cc, 602: VSC: [Rotation Vector Sensor] stopSensorEvents: sensor 0x10002
01-23 21:50:03.645  1141  1141 D AOC     : A3:MSG: usf_sensor.cc, 1792: USF: Received stop sampling request for MMC5616 Magnetometer (active:1).
01-23 21:50:03.646  1141  1141 D AOC     : A3:MSG: mmc5616_device.cc, 448: USF: MMC56160: mmc5616_enable_measure odr = 10.
01-23 21:50:03.649   926  1687 I sensor-suez: Vendor atom [id = 100242] reported.
01-23 21:50:03.649   926  1687 I sensor-suez: Vendor atom [id = 100243] reported.
01-23 21:50:03.649  1141  1141 D AOC     : A3:MSG: usf_sensor_client.cc, 499: USF: Stopping stale sample stream with sampling ID: 88366
01-23 21:50:03.649  8934 21262 I HeterodyneSyncer: (REDACTED) Syncing with Heterodyne. Reason: %s
01-23 21:50:03.650   926  1633 D usf_sensor_hal: linear acceleration: Enter Activate. Enable = 0.
01-23 21:50:03.651  1141  1141 D AOC     : A3:MSG: usf_sensor.cc, 1792: USF: Received stop sampling request for Linear Acceleration Sensor (active:0).
01-23 21:50:03.653  1141  1141 D AOC     : A3:MSG: vsc_sensor.cc, 68: VSC: [Linear Acceleration Sensor] disable.
01-23 21:50:03.656  1141  1141 D AOC     : A3:MSG: vsc_controller.cc, 602: VSC: [Linear Acceleration Sensor] stopSensorEvents: sensor 0x10001
01-23 21:50:03.656  1141  1141 D AOC     : A3:MSG: usf_sensor.cc, 1792: USF: Received stop sampling request for MMC5616 Magnetometer (active:0).
01-23 21:50:03.656  1141  1141 D AOC     : A3:MSG: usf_sensor.cc, 2354: USF: Sampling configuration 88366 not found.
01-23 21:50:03.656  1141  1141 D AOC     : A3:MSG: usf_sensor.cc, 1792: USF: Received stop sampling request for LSM6DSV Accelerometer (active:4).
01-23 21:50:03.658  1141  1141 D AOC     : A3:MSG: lsm6dsv_device.cc, 732: USF: Lsm6dsvDevice: Sensor 0: Enabled 1, odr_index 5, period_ns 20000000.
01-23 21:50:03.658  1141  1141 D AOC     : A3:MSG: lsm6dsv_fifo.cc, 755: USF: Lsm6dsvFifo: ODR: XL/G/T/TS: 60/240/15/30 WM: 1 Intr: 240.
01-23 21:50:03.658  1141  1141 D AOC     : A3:MSG: lsm6dsv_device.cc, 641: USF: Lsm6dsvDevice: Fifo was disabled for 377523ns.
01-23 21:50:03.660  1141  1141 D AOC     : A3:MSG: vsc_controller.cc, 602: VSC: [Linear Acceleration Sensor] stopSensorEvents: sensor 0x10004
01-23 21:50:03.662  1141  1141 D AOC     : A3:MSG: usf_sensor.cc, 1792: USF: Received stop sampling request for LSM6DSV Gyroscope (active:1).
01-23 21:50:03.663  1141  1141 D AOC     : A3:MSG: lsm6dsv_device.cc, 732: USF: Lsm6dsvDevice: Sensor 1: Enabled 1, odr_index 5, period_ns 20000000.
01-23 21:50:03.664  1141  1141 D AOC     : A3:MSG: lsm6dsv_fifo.cc, 755: USF: Lsm6dsvFifo: ODR: XL/G/T/TS: 60/60/15/7 WM: 6 Intr: 24.
01-23 21:50:03.664  1141  1141 D AOC     : A3:MSG: lsm6dsv_device.cc, 641: USF: Lsm6dsvDevice: Fifo was disabled for 739421ns.
01-23 21:50:03.667   926  1687 I sensor-suez: Vendor atom [id = 100242] reported.
01-23 21:50:03.667   926  1687 I sensor-suez: Vendor atom [id = 100243] reported.
01-23 21:50:03.667  1141  1141 D AOC     : A3:MSG: usf_sensor_client.cc, 499: USF: Stopping stale sample stream with sampling ID: 88364
01-23 21:50:03.667  1141  1141 D AOC     : A3:MSG: usf_sensor_client.cc, 499: USF: Stopping stale sample stream with sampling ID: 88363
01-23 21:50:03.667  1141  1141 D AOC     : A3:MSG: usf_sensor.cc, 1792: USF: Received stop sampling request for LSM6DSV Gyroscope (active:0).
01-23 21:50:03.668  1141  1141 D AOC     : A3:MSG: usf_sensor_client.cc, 499: USF: Stopping stale sample stream with sampling ID: 88364
01-23 21:50:03.668  1141  1141 D AOC     : A3:MSG: usf_sensor.cc, 2354: USF: Sampling configuration 88364 not found.
01-23 21:50:03.669  1141  1141 D AOC     : A3:MSG: usf_sensor.cc, 1792: USF: Received stop sampling request for LSM6DSV Accelerometer (active:3).
01-23 21:50:03.669  1141  1141 D AOC     : A3:MSG: usf_sensor.cc, 2354: USF: Sampling configuration 88363 not found.
01-23 21:50:03.671  1141  1141 D AOC     : A3:MSG: usf_sensor.cc, 1792: USF: Received stop sampling request for LSM6DSV Gyroscope (active:0).
01-23 21:50:03.671  1141  1141 D AOC     : A3:MSG: usf_sensor.cc, 2354: USF: Sampling configuration 88364 not found.
01-23 21:50:03.974  2294  2706 W BluetoothRemoteDevices: Address type mismatch for XX:XX:XX:XX:8D:94, new type: 1
01-23 21:50:04.468  1141  1141 D AOC     : A3:MSG: tmd3733_device.cc, 4358: USF: TMD3733: R/C:0.46 0C->1CD d_lux:16.1 c_lux:13.1/-1.0 c_coeff:0.50/-1.00
01-23 21:50:04.470  1141  1141 D AOC     : A3:MSG: tmd3733_device.cc, 4361: USF: TMD3733:  w:0.19 C:6.25 d_leak:0.1 c_leak:0.0 lux:15.5 leak:0.1
01-23 21:50:04.640 15565 15577 I pixel-thermal: VIRTUAL-SKIN-CPU-MID:27.632 raw data: VIRTUAL-SKIN:27632 VIRTUAL-SKIN-CPU-MID:27632 
01-23 21:50:04.648 15565 15577 I pixel-thermal: VIRTUAL-SKIN-SOC:27.632 raw data: VIRTUAL-SKIN:27632 VIRTUAL-SKIN-SOC:27632 
01-23 21:50:04.648 15565 15577 I pixel-thermal: VIRTUAL-SKIN-DISPLAY:27.632 raw data: VIRTUAL-SKIN:27632 VIRTUAL-SKIN-DISPLAY:27632 
01-23 21:50:04.648 15565 15577 I pixel-thermal: CPU_THROTTLE_SEVERE:0 raw data: CPU_THROTTLE_SEVERE:0 
01-23 21:50:04.648 15565 15577 I pixel-thermal: VIRTUAL-SKIN:27.632 raw data: VIRTUAL-SKIN:27632 
01-23 21:50:04.648 15565 15577 I pixel-thermal: VIRTUAL-SKIN-HINT:27.632 raw data: VIRTUAL-SKIN:27632 VIRTUAL-SKIN-HINT:27632 
01-23 21:50:04.649 15565 15577 I pixel-thermal: VIRTUAL-SKIN-CPU-LIGHT-ODPM:27.632 raw data: VIRTUAL-SKIN:27632 VIRTUAL-SKIN-CPU-LIGHT-ODPM:27632 
01-23 21:50:04.649 15565 15577 I pixel-thermal: VIRTUAL-SKIN-CPU-ODPM:27.632 raw data: VIRTUAL-SKIN:27632 VIRTUAL-SKIN-CPU-ODPM:27632 
01-23 21:50:04.649 15565 15577 I pixel-thermal: VIRTUAL-SKIN-MODEL: model_input: [28990.00 29413.00 30459.00 26846.00 26846.00 27244.00 29034.00 30125.00 ]
01-23 21:50:04.649 15565 15577 I native  : I0000 00:00:1769226604.649585   15577 thermal_tflite_wrapper.cc:261] ThermalTfliteInvoke
01-23 21:50:04.650 15565 15577 I pixel-thermal: VIRTUAL-SKIN-MODEL: model_output: [27644 ]
01-23 21:50:04.650 15565 15577 I pixel-thermal: VIRTUAL-SKIN-MODEL: predicted_value: [27644 ]
01-23 21:50:04.650 15565 15577 I pixel-thermal: VIRTUAL-SKIN-ODPM-MODEL: model_input: [28990.00 29413.00 30459.00 26846.00 26846.00 27244.00 29034.00 30125.00 26900.00 510.22 17.11 203.02 79.18 21.84 48.79 ]
01-23 21:50:04.650 15565 15577 I native  : I0000 00:00:1769226604.650389   15577 thermal_tflite_wrapper.cc:261] ThermalTfliteInvoke
01-23 21:50:04.650 15565 15577 I pixel-thermal: VIRTUAL-SKIN-ODPM-MODEL: model_output: [26856.7 ]
01-23 21:50:04.650 15565 15577 I pixel-thermal: VIRTUAL-SKIN-ODPM-MODEL: predicted_value: [26856.7 ]
01-23 21:50:04.651 15565 15577 I pixel-thermal: VIRTUAL-SKIN-SPEAKER-MODEL: model_input: [26900.00 26846.00 30459.00 27244.00 29034.00 29413.00 28990.00 30125.00 26846.00 ]
01-23 21:50:04.651 15565 15577 I native  : I0000 00:00:1769226604.651168   15577 thermal_tflite_wrapper.cc:261] ThermalTfliteInvoke
01-23 21:50:04.651 15565 15577 I pixel-thermal: VIRTUAL-SKIN-SPEAKER-MODEL: model_output: [26258.6 ]
01-23 21:50:04.651 15565 15577 I pixel-thermal: VIRTUAL-SKIN-SPEAKER-MODEL: predicted_value: [26258.6 ]
01-23 21:50:04.651 15565 15577 I pixel-thermal: STATS-UPDATOR:0 raw data: EXTREME-SOC-CONDITION-CHECK:0 MAIN_SOC_POWER:610.641 MODEL_CAMERA_PWR:17.1122 MODEL_DISPLAY_PWR:203.022 MODEL_MISC_PWR:510.22 MODEL_MODEM_PWR:79.1843 MODEL_RFFE_PWR:21.8436 MODEL_WLAN_BT_PWR:48.7945 NORTH_THERM-UNDER-THRESHOLD:1 NORTH_THERM-VSKIN-DIFF-DURING-NORTH_THERM-OVER-THRESHOLD:-998598 NORTH_THERM-VSKIN-DIFF-DURING-VSKIN-OVER-52:-998598 QUIET_THERM-UNDER-THRESHOLD:1 QUIET_THERM-VSKIN-DIFF-DURING-QUIET_THERM-OVER-THRESHOLD:-998219 QUIET_THERM-VSKIN-DIFF-DURING-VSKIN-OVER-52:-998219 RFPA_THERM-UNDER-THRESHOLD:1 RFPA_THERM-VSKIN-DIFF-DURING-RFPA_THERM-OVER-THRESHOLD:-998642 RFPA_THERM-VSKIN-DIFF-DURING-VSKIN-OVER-52:-998642 SOC_THERM-UNDER-THRESHOLD:1 SOC_THERM-VSKIN-DIFF-DURING-SOC_THERM-OVER-THRESHOLD:-997507 SOC_THERM-VSKIN-DIFF-DURING-VSKIN-OVER-52:-997507 STATS-UPDATOR:0 TPU_35S:0 VIRTUAL-SKIN:27632 VIRTUAL-SKIN-LEGACY:28049.7 VIRTUAL-SKIN-MODEL:27644 VIRTUAL-SKIN-MODEL-LEGACY-DIFF:-464.842 VIRTUAL-SKIN-ODPM-MODEL:26856.7 VIRTUAL-SKIN-SPEAKER-MODEL:26258.6 VSKIN-SKIN-UNDER-52:1 battery:26900 btmspkr_therm:26846 charging_therm:30459 disp_therm:27244 north_therm:29034 quiet_therm:29413 rfpa_therm:28990 soc_therm:30125 usb_pwr_therm:26846 
01-23 21:50:04.651 15565 15577 I pixel-thermal: VIRTUAL-SKIN-CPU-HIGH:27.632 raw data: VIRTUAL-SKIN:27632 VIRTUAL-SKIN-CPU-HIGH:27632 
01-23 21:50:04.651 15565 15577 I pixel-thermal: cellular-emergency:27.632 raw data: VIRTUAL-SKIN:27632 cellular-emergency:27632 
01-23 21:50:04.932  8002  8024 D AidlBufferPool: bufferpool2 0xb40000775d60e358 : 5(19200 size) total buffers - 4(15360 size) used buffers - 198631/198636 (recycle/alloc) - 330/397263 (fetch/transfer)
01-23 21:50:04.973   895  2698 I bthal.activity: bt_power: LeAdvStat: 21:50:03:925 - 21:50:04:972, duration: 1047, le_adv_count: 4, total_le_adv_count: 580315, total_event_count: 4
01-23 21:50:05.271  2294  2706 W BluetoothRemoteDevices: Address type mismatch for XX:XX:XX:XX:8D:94, new type: 1
01-23 21:50:05.393  2294  2706 W BluetoothRemoteDevices: Address type mismatch for XX:XX:XX:XX:8D:94, new type: 1
01-23 21:50:05.393  1140  1140 W TracingMuxer: type=1400 audit(0.0:99864): avc:  denied  { write } for  name="traced_producer" dev="tmpfs" ino=1291 scontext=u:r:gxp_logging:s0 tcontext=u:object_r:traced_producer_socket:s0 tclass=sock_file permissive=0
01-23 21:50:05.486  1141  1141 D AOC     : A3:MSG: tmd3733_device.cc, 4358: USF: TMD3733: R/C:0.50 1CD->2D d_lux:28.8 c_lux:-1.0/-1.0 c_coeff:-1.00/-1.00
01-23 21:50:05.486  1141  1141 D AOC     : A3:MSG: tmd3733_device.cc, 4361: USF: TMD3733:  w:0.00 C:11.99 d_leak:0.1 c_leak:0.0 lux:28.8 leak:0.1
01-23 21:50:05.636  1113  8032 D AidlBufferPool: bufferpool2 0xb40000773c418538 : 3(9000 size) total buffers - 1(3000 size) used buffers - 198659/198668 (recycle/alloc) - 24/198666 (fetch/transfer)
01-23 21:50:05.696  1505  1949 D ActivityManager: freezing 20653 com.google.android.apps.photos
01-23 21:50:05.703  1505  2010 D InetDiagMessage: Destroyed 0 sockets, proto=IPPROTO_TCP, family=AF_INET, states=14
01-23 21:50:05.709  1505  2010 D InetDiagMessage: Destroyed 0 sockets, proto=IPPROTO_TCP, family=AF_INET6, states=14
01-23 21:50:05.710  1505  2010 D InetDiagMessage: Destroyed live tcp sockets for uids={10195} in 9ms
01-23 21:50:06.193   950  3004 I WifiHAL : Creating message to get link statistics; iface = 47
01-23 21:50:06.293 15565 15577 I pixel-thermal: disp_therm:27.244 raw data: disp_therm:27244 
01-23 21:50:06.297   950  3004 I WifiHAL : index: 0 per_rate_size 32, data_rem_len 1152
01-23 21:50:06.297   950  3004 I WifiHAL : index: 1 per_rate_size 32, data_rem_len 1120
01-23 21:50:06.297   950  3004 I WifiHAL : index: 2 per_rate_size 32, data_rem_len 1088
01-23 21:50:06.297   950  3004 I WifiHAL : index: 3 per_rate_size 32, data_rem_len 1056
01-23 21:50:06.297   950  3004 I WifiHAL : index: 4 per_rate_size 32, data_rem_len 1024
01-23 21:50:06.297   950  3004 I WifiHAL : index: 5 per_rate_size 32, data_rem_len 992
01-23 21:50:06.297   950  3004 I WifiHAL : index: 6 per_rate_size 32, data_rem_len 960
01-23 21:50:06.297   950  3004 I WifiHAL : index: 7 per_rate_size 32, data_rem_len 928
01-23 21:50:06.297   950  3004 I WifiHAL : index: 8 per_rate_size 32, data_rem_len 896
01-23 21:50:06.297   950  3004 I WifiHAL : index: 9 per_rate_size 32, data_rem_len 864
01-23 21:50:06.297   950  3004 I WifiHAL : index: 10 per_rate_size 32, data_rem_len 832
01-23 21:50:06.297   950  3004 I WifiHAL : index: 11 per_rate_size 32, data_rem_len 800
01-23 21:50:06.298   950  3004 I WifiHAL : index: 12 per_rate_size 32, data_rem_len 768
01-23 21:50:06.298   950  3004 I WifiHAL : index: 13 per_rate_size 32, data_rem_len 736
01-23 21:50:06.298   950  3004 I WifiHAL : index: 14 per_rate_size 32, data_rem_len 704
01-23 21:50:06.298   950  3004 I WifiHAL : index: 15 per_rate_size 32, data_rem_len 672
01-23 21:50:06.298   950  3004 I WifiHAL : index: 16 per_rate_size 32, data_rem_len 640
01-23 21:50:06.298   950  3004 I WifiHAL : index: 17 per_rate_size 32, data_rem_len 608
01-23 21:50:06.298   950  3004 I WifiHAL : index: 18 per_rate_size 32, data_rem_len 576
01-23 21:50:06.298   950  3004 I WifiHAL : index: 19 per_rate_size 32, data_rem_len 544
01-23 21:50:06.298   950  3004 I WifiHAL : index: 20 per_rate_size 32, data_rem_len 512
01-23 21:50:06.298   950  3004 I WifiHAL : index: 21 per_rate_size 32, data_rem_len 480
01-23 21:50:06.298   950  3004 I WifiHAL : index: 22 per_rate_size 32, data_rem_len 448
01-23 21:50:06.298   950  3004 I WifiHAL : index: 23 per_rate_size 32, data_rem_len 416
01-23 21:50:06.298   950  3004 I WifiHAL : index: 24 per_rate_size 32, data_rem_len 384
01-23 21:50:06.298   950  3004 I WifiHAL : index: 25 per_rate_size 32, data_rem_len 352
01-23 21:50:06.298   950  3004 I WifiHAL : index: 26 per_rate_size 32, data_rem_len 320
01-23 21:50:06.298   950  3004 I WifiHAL : index: 27 per_rate_size 32, data_rem_len 288
01-23 21:50:06.298   950  3004 I WifiHAL : index: 28 per_rate_size 32, data_rem_len 256
01-23 21:50:06.298   950  3004 I WifiHAL : index: 29 per_rate_size 32, data_rem_len 224
01-23 21:50:06.298   950  3004 I WifiHAL : index: 30 per_rate_size 32, data_rem_len 192
01-23 21:50:06.298   950  3004 I WifiHAL : index: 31 per_rate_size 32, data_rem_len 160
01-23 21:50:06.298   950  3004 I WifiHAL : index: 32 per_rate_size 32, data_rem_len 128
01-23 21:50:06.298   950  3004 I WifiHAL : index: 33 per_rate_size 32, data_rem_len 96
01-23 21:50:06.298   950  3004 I WifiHAL : index: 34 per_rate_size 32, data_rem_len 64
01-23 21:50:06.298   950  3004 I WifiHAL : index: 35 per_rate_size 32, data_rem_len 32
01-23 21:50:06.299   950  3004 E libbinder.IPCThreadState: binder thread pool (1 threads) starved for 106 ms
01-23 21:50:06.300   950   950 I WifiHAL : Getting cached scan results, iface handle = 0xb4000077f3523650
01-23 21:50:06.300   950   950 E WifiHAL : Creating message to get cached scan results
01-23 21:50:06.307   950   950 I WifiHAL : In GetCachedScanResultsCommand::handleResponse
01-23 21:50:06.357  1505  2010 D ConnectivityService: NetReassign [no changes] [c 4] [a 2] [i 4]
01-23 21:50:06.392   895  2698 I bthal.activity: bt_power: LeAdvStat: 21:50:05:263 - 21:50:06:391, duration: 1128, le_adv_count: 4, total_le_adv_count: 580319, total_event_count: 4
01-23 21:50:06.533  1141  1141 D AOC     : A3:MSG: tmd3733_device.cc, 4358: USF: TMD3733: R/C:0.47 2D->1CD d_lux:17.5 c_lux:15.1/-1.0 c_coeff:0.50/-1.00
01-23 21:50:06.533  1141  1141 D AOC     : A3:MSG: tmd3733_device.cc, 4361: USF: TMD3733:  w:0.12 C:7.25 d_leak:0.1 c_leak:0.0 lux:17.2 leak:0.1
01-23 21:50:06.631   934  2102 D AidlBufferPool: bufferpool2 0xb400007e2f3eb2b8 : 5(19635680 size) total buffers - 4(15708544 size) used buffers - 27922/28044 (recycle/alloc) - 888/28039 (fetch/transfer)
01-23 21:50:06.631   934  2102 D AidlBufferPoolAcc: evictor expired: 1, evicted: 1
01-23 21:50:07.554  1141  1141 D AOC     : A3:MSG: tmd3733_device.cc, 4358: USF: TMD3733: R/C:0.58 1CD->2D d_lux:44.0 c_lux:-1.0/-1.0 c_coeff:-1.00/-1.00
01-23 21:50:07.555  1141  1141 D AOC     : A3:MSG: tmd3733_device.cc, 4361: USF: TMD3733:  w:0.00 C:19.75 d_leak:0.1 c_leak:0.0 lux:44.0 leak:0.1
01-23 21:50:07.828   895  2698 I bthal.activity: bt_power: LeAdvStat: 21:50:06:710 - 21:50:07:828, duration: 1117, le_adv_count: 3, total_le_adv_count: 580322, total_event_count: 3
01-23 21:50:08.147  2294  2706 W BluetoothRemoteDevices: Address type mismatch for XX:XX:XX:XX:8D:94, new type: 1
01-23 21:50:08.568  1141  1141 D AOC     : A3:MSG: tmd3733_device.cc, 4358: USF: TMD3733: R/C:0.41 2D->1CD d_lux:12.7 c_lux:10.7/-1.0 c_coeff:0.54/-1.00
01-23 21:50:08.568  1141  1141 D AOC     : A3:MSG: tmd3733_device.cc, 4361: USF: TMD3733:  w:0.42 C:4.74 d_leak:0.1 c_leak:0.0 lux:11.9 leak:0.1
01-23 21:50:08.627  8934  8934 D BoundBrokerSvc: onUnbind: Intent { act=com.google.android.gms.common.telemetry.service.START dat=chimera-action:/... xflg=0x4 cmp=com.google.android.gms/.chimera.PersistentApiService }
01-23 21:50:08.719  8934 21262 I HeterodyneSyncer: (REDACTED) Sync completed. fetchReason: %s, fetchPackageName: %s, syncErrorType: %s, individual sync errors: %s.
01-23 21:50:08.768  8934 21262 E libbinder.IPCThreadState: Binder transaction failure. id: 126471846, BR_*: 29189, error: -22 (Invalid argument)
01-23 21:50:08.768  1505 18706 W ActivityManager: pid 8934 com.google.android.gms.persistent sent binder code 2 with flags 1 and got error -32
01-23 21:50:08.769  8934 21262 W FlagUpdateListenerRegis: Unable to invoke IFlagUpdateListener.onFlagUpdate. App: com.google.android.gms. Process: com.google.android.gms.unstable|93948998. Error: android.os.DeadObjectException. [CONTEXT service_id=51 ]
01-23 21:50:08.791 26218 21278 I 43-ServiceEntitlementIn: (REDACTED) [%s] onCreate
01-23 21:50:08.792 26218 21278 I 43-ServiceEntitlementIn: (REDACTED) [Ts.43-IntentOperation] Action : %s
01-23 21:50:08.793 26218 21278 I 43-ServiceEntitlementIn: (REDACTED) [%s] Action : %s
01-23 21:50:08.795 26218 21383 I 43-ServiceEntitlementIn: (REDACTED) [Ts.43-IntentOperation] Action : %s
01-23 21:50:08.795 26218 21383 I 43-ServiceEntitlementIn: (REDACTED) [%s] Action : %s
01-23 21:50:08.795 26218 21383 I 43-ServiceEntitlementIn: (REDACTED) [%s] onDestroy
01-23 21:50:08.925  8934 21262 I PkgUpdateTaskChimeraSvc: (REDACTED) Scheduling Phenotype config package catchup updates to be %d seconds from now (%d)
01-23 21:50:08.941  8934 21262 I HeterodyneSyncer: (REDACTED) Finished notifying packages after sync. syncLatency: %d
01-23 21:50:08.949 15565 15577 I pixel-thermal: north_therm:29.279 raw data: north_therm:29279 
01-23 21:50:08.951 15565 15577 I pixel-thermal: battery:26.9 raw data: battery:26900 
01-23 21:50:08.951 15565 15577 I pixel-thermal: rfpa_therm:29.079 raw data: rfpa_therm:29079 
01-23 21:50:08.951 15565 15577 I pixel-thermal: quiet_therm:29.101 raw data: quiet_therm:29101 
01-23 21:50:08.952 15565 15577 I pixel-thermal: Power rails total power: 966.07 mW for 60104 ms
01-23 21:50:08.952 15565 15577 I pixel-thermal: Power rails [S6M_LLDO1: 60.88 mW] [S4M_VDD_CPUCL0: 117.98 mW] [S3M_VDD_CPUCL2: 49.70 mW] [S1M_VDD_MIF: 51.04 mW] [S5M_VDD_INT: 20.91 mW] [S9M_VDD_CPUCL1_M: 18.39 mW] 
01-23 21:50:08.952 15565 15577 I pixel-thermal: Power rails [S2M_VDD_CPUCL1: 76.24 mW] [VSYS_PWR_CAMERA: 11.21 mW] [VSYS_PWR_DISPLAY: 219.32 mW] [L21S_VDD2L_MEM: 12.04 mW] [S8M_LLDO2: 48.45 mW] [S3S_LLDO1: 51.84 mW] 
01-23 21:50:08.952 15565 15577 I pixel-thermal: Power rails [VSYS_PWR_RFFE: 10.96 mW] [VSYS_PWR_WLAN_BT: 68.74 mW] [VSYS_PWR_MODEM: 24.43 mW] [L2S_PLL_MIPI_UFS: 24.05 mW] [S4S_VDD2H_MEM: 43.93 mW] [S9S_VDD_AOC: 14.86 mW] 
01-23 21:50:08.952 15565 15577 I pixel-thermal: Power rails [S2S_VDD_G3D: 11.31 mW] [S1S_VDD_CAM: 16.17 mW] [S7M_VDD_TPU: 0.00 mW] [L22S_UDFPS: 0.41 mW] [S12S_VDD_AUR: 6.81 mW] [S5S_VDDQ_MEM: 6.43 mW] 
01-23 21:50:08.952 15565 15577 I pixel-thermal: CDEV log dc_icl state:0 gxp-cooling state:0 thermal-uclamp-4 state:0 thermal-cpufreq-2 state:0 thermal-cpufreq-0 state:0 tpu_cooling state:0 usbc-port state:0 thermal-uclamp-0 state:0 fcc state:0 thermal-cpufreq-1 state:0 thermal-gpufreq-0 state:0 thermal-uclamp-7 state:0 
01-23 21:50:08.969  8934 21262 I HeterodyneSyncScheduler: (REDACTED) Scheduling adaptive one off task with window [%d, %d] in seconds
01-23 21:50:08.978  8934 21261 I NetworkScheduler.Stats: (REDACTED) Task %s/%s finished executing. cause:%s result: %s elapsed_millis: %s uptime_millis: %s exec_start_elapsed_seconds: %s
01-23 21:50:09.234   895  2698 I bthal.activity: bt_power: LeAdvStat: 21:50:08:099 - 21:50:09:234, duration: 1134, le_adv_count: 5, total_le_adv_count: 580327, total_event_count: 5
01-23 21:50:09.345   950   950 I WifiHAL : Creating message to get link statistics; iface = 47
01-23 21:50:09.399   950   950 I WifiHAL : index: 0 per_rate_size 32, data_rem_len 1152
01-23 21:50:09.399   950   950 I WifiHAL : index: 1 per_rate_size 32, data_rem_len 1120
01-23 21:50:09.399   950   950 I WifiHAL : index: 2 per_rate_size 32, data_rem_len 1088
01-23 21:50:09.399   950   950 I WifiHAL : index: 3 per_rate_size 32, data_rem_len 1056
01-23 21:50:09.399   950   950 I WifiHAL : index: 4 per_rate_size 32, data_rem_len 1024
01-23 21:50:09.399   950   950 I WifiHAL : index: 5 per_rate_size 32, data_rem_len 992
01-23 21:50:09.399   950   950 I WifiHAL : index: 6 per_rate_size 32, data_rem_len 960
01-23 21:50:09.399   950   950 I WifiHAL : index: 7 per_rate_size 32, data_rem_len 928
01-23 21:50:09.399   950   950 I WifiHAL : index: 8 per_rate_size 32, data_rem_len 896
01-23 21:50:09.399   950   950 I WifiHAL : index: 9 per_rate_size 32, data_rem_len 864
01-23 21:50:09.399   950   950 I WifiHAL : index: 10 per_rate_size 32, data_rem_len 832
01-23 21:50:09.399   950   950 I WifiHAL : index: 11 per_rate_size 32, data_rem_len 800
01-23 21:50:09.399   950   950 I WifiHAL : index: 12 per_rate_size 32, data_rem_len 768
01-23 21:50:09.399   950   950 I WifiHAL : index: 13 per_rate_size 32, data_rem_len 736
01-23 21:50:09.399   950   950 I WifiHAL : index: 14 per_rate_size 32, data_rem_len 704
01-23 21:50:09.399   950   950 I WifiHAL : index: 15 per_rate_size 32, data_rem_len 672
01-23 21:50:09.399   950   950 I WifiHAL : index: 16 per_rate_size 32, data_rem_len 640
01-23 21:50:09.399   950   950 I WifiHAL : index: 17 per_rate_size 32, data_rem_len 608
01-23 21:50:09.399   950   950 I WifiHAL : index: 18 per_rate_size 32, data_rem_len 576
01-23 21:50:09.399   950   950 I WifiHAL : index: 19 per_rate_size 32, data_rem_len 544
01-23 21:50:09.399   950   950 I WifiHAL : index: 20 per_rate_size 32, data_rem_len 512
01-23 21:50:09.399   950   950 I WifiHAL : index: 21 per_rate_size 32, data_rem_len 480
01-23 21:50:09.399   950   950 I WifiHAL : index: 22 per_rate_size 32, data_rem_len 448
01-23 21:50:09.400   950   950 I WifiHAL : index: 23 per_rate_size 32, data_rem_len 416
01-23 21:50:09.400   950   950 I WifiHAL : index: 24 per_rate_size 32, data_rem_len 384
01-23 21:50:09.400   950   950 I WifiHAL : index: 25 per_rate_size 32, data_rem_len 352
01-23 21:50:09.400   950   950 I WifiHAL : index: 26 per_rate_size 32, data_rem_len 320
01-23 21:50:09.400   950   950 I WifiHAL : index: 27 per_rate_size 32, data_rem_len 288
01-23 21:50:09.400   950   950 I WifiHAL : index: 28 per_rate_size 32, data_rem_len 256
01-23 21:50:09.400   950   950 I WifiHAL : index: 29 per_rate_size 32, data_rem_len 224
01-23 21:50:09.400   950   950 I WifiHAL : index: 30 per_rate_size 32, data_rem_len 192
01-23 21:50:09.400   950   950 I WifiHAL : index: 31 per_rate_size 32, data_rem_len 160
01-23 21:50:09.400   950   950 I WifiHAL : index: 32 per_rate_size 32, data_rem_len 128
01-23 21:50:09.400   950   950 I WifiHAL : index: 33 per_rate_size 32, data_rem_len 96
01-23 21:50:09.400   950   950 I WifiHAL : index: 34 per_rate_size 32, data_rem_len 64
01-23 21:50:09.400   950   950 I WifiHAL : index: 35 per_rate_size 32, data_rem_len 32
01-23 21:50:09.401   950   950 I WifiHAL : Getting cached scan results, iface handle = 0xb4000077f3523650
01-23 21:50:09.401   950   950 E WifiHAL : Creating message to get cached scan results
01-23 21:50:09.406   950   950 I WifiHAL : In GetCachedScanResultsCommand::handleResponse
01-23 21:50:09.461  1505  2010 D ConnectivityService: NetReassign [no changes] [c 3] [a 2] [i 5]
01-23 21:50:09.514  3061  3061 I pixelstats: MmMetrics: kernel: old PSI sysfs node.
01-23 21:50:09.562  8934 21291 I NearbyMediums: Found BLE GATT Advertisements :
01-23 21:50:09.562  8934 21291 I NearbyMediums: BleAdvertisement { version=2, socketVersion=2, isFast=false, serviceIdHash=[ 0xfc 0x9f 0x5e ], data=[ 0x23 0xfc 0x9f 0x5e 0x50 0x37 0x37 0x4e 0x1c 0x06 0x4c 0x3d 0xf4 0x83 0xf3 0xf8 0x86 0x15 0x09 0xb4 0xa2 0xb1 0x16 0x2f 0x93 0x3e 0x0a 0x42 0x72 0x79 0x61 0x6e 0x27 0x73 0x20 0x50 0x43 0x50 0x2e 0x91 0x24 0x18 0x93 0x00 0x00 ], deviceToken=[ 0x5f 0xfe ], rxAdvertisement=null } : 5 times.
01-23 21:50:09.562  8934 21291 I NearbyMediums: Total 5 GATT advertisements from 1 unique advertisers.
01-23 21:50:09.562  8934 21291 I NearbyMediums: Current Tracked Scanning Clients are : {NearbyConnections.EnvironmentMonitor, NearbySharing, NearbyConnections.TxAdvertisement}
01-23 21:50:09.565  8934 21273 I NearbyConnections: Processing lost BlePeripheral BlePeripheral{advertisement=BleAdvertisement { version=2, socketVersion=2, isFast=true, serviceIdHash=null, data=[ 0x23 0x33 0x45 0x4c 0x44 0x11 0x34 0x11 0x89 0x0b 0x7a 0xf3 0x4a 0xb5 0x76 0x11 0x78 0x47 0x9f 0x4b 0xb9 0x8d 0x30 ], deviceToken=[ 0xd2 0x08 ], rxAdvertisement=null }, dctAdvertisement=null, address=null, psm=0, deviceToken=<ByteString@247d6a7 size=2 contents="\322\b">, isSecondProfile=false, rxInstantConnectionAdv=null}.
01-23 21:50:09.565  8934 21273 I NearbyConnections: Lost BleEndpoint for BlePeripheral BlePeripheral{advertisement=BleAdvertisement { version=2, socketVersion=2, isFast=true, serviceIdHash=null, data=[ 0x23 0x33 0x45 0x4c 0x44 0x11 0x34 0x11 0x89 0x0b 0x7a 0xf3 0x4a 0xb5 0x76 0x11 0x78 0x47 0x9f 0x4b 0xb9 0x8d 0x30 ], deviceToken=[ 0xd2 0x08 ], rxAdvertisement=null }, dctAdvertisement=null, address=null, psm=0, deviceToken=<ByteString@247d6a7 size=2 contents="\322\b">, isSecondProfile=false, rxInstantConnectionAdv=null} (with EndpointId 3ELD and EndpointInfo [ 0x34 0x11 0x89 0x0b 0x7a 0xf3 0x4a 0xb5 0x76 0x11 0x78 0x47 0x9f 0x4b 0xb9 0x8d 0x30 ]).
01-23 21:50:09.569  8934 21273 I NearbyConnections: Unable to record lost endpoint due to null currentDiscoveryPhase
01-23 21:50:09.569  8934 21273 I NearbyConnections: ClientProxy(224730988) reporting onEndpointLost(3ELD)
01-23 21:50:09.572  8934 21388 I NearbySharing: NearbySharing Internal event EndpointLost(endpointId=3ELD)
01-23 21:50:09.573  1141  1141 D AOC     : A3:MSG: tmd3733_device.cc, 4358: USF: TMD3733: R/C:0.57 1CD->2D d_lux:50.8 c_lux:-1.0/-1.0 c_coeff:-1.00/-1.00
01-23 21:50:09.574  1141  1141 D AOC     : A3:MSG: tmd3733_device.cc, 4361: USF: TMD3733:  w:0.00 C:25.00 d_leak:0.1 c_leak:0.0 lux:50.8 leak:0.1
01-23 21:50:09.574  8934 21388 I NearbyConnections: Found BleAdvertisement [ 0x23 0x33 0x45 0x4c 0x44 0x11 0x34 0x11 0x89 0x0b 0x7a 0xf3 0x4a 0xb5 0x76 0x11 0x78 0x47 0x9f 0x4b 0xb9 0x8d 0x30 ] (with EndpointId 3ELD and EndpointInfo [ 0x34 0x11 0x89 0x0b 0x7a 0xf3 0x4a 0xb5 0x76 0x11 0x78 0x47 0x9f 0x4b 0xb9 0x8d 0x30 ])
01-23 21:50:09.575  8934 21388 I NearbyConnections: Unable to record discovered endpoint due to null currentDiscoveryPhase
01-23 21:50:09.575  8934 21388 I NearbyConnections: ClientProxy(224730988 0p:com.google.android.gms.nearby.sharing) reporting onEndpointFound(3ELD)
01-23 21:50:09.575  8934 21388 I NearbyConnections: ClientProxy(224730988) reporting onEndpointDistanceChanged(3ELD, UNKNOWN)
01-23 21:50:09.576  8934 21273 I NearbySharing: NearbySharing Internal event EndpointDiscovered(endpointId=3ELD)
01-23 21:50:10.052  8002  8024 D AidlBufferPool: bufferpool2 0xb40000775d60e358 : 5(19200 size) total buffers - 4(15360 size) used buffers - 198887/198892 (recycle/alloc) - 330/397775 (fetch/transfer)
01-23 21:50:10.571   895  2698 I bthal.activity: bt_power: LeAdvStat: 21:50:09:528 - 21:50:10:571, duration: 1042, le_adv_count: 2, total_le_adv_count: 580329, total_event_count: 2
01-23 21:50:10.587  1141  1141 D AOC     : A3:MSG: tmd3733_device.cc, 4358: USF: TMD3733: R/C:0.00 2D->0C d_lux:-1.0 c_lux:10.0/-1.0 c_coeff:0.87/-1.00
01-23 21:50:10.587  1141  1141 D AOC     : A3:MSG: tmd3733_device.cc, 4361: USF: TMD3733:  w:0.00 C:2.75 d_leak:0.1 c_leak:0.0 lux:10.0 leak:0.0
01-23 21:50:10.757  1113  8032 D AidlBufferPool: bufferpool2 0xb40000773c418538 : 3(9000 size) total buffers - 1(3000 size) used buffers - 198915/198924 (recycle/alloc) - 24/198922 (fetch/transfer)
01-23 21:50:10.865  2294  2706 W BluetoothRemoteDevices: Address type mismatch for XX:XX:XX:XX:8D:94, new type: 1
01-23 21:50:10.997  2294  2706 W BluetoothRemoteDevices: Address type mismatch for XX:XX:XX:XX:8D:94, new type: 1
