01-23 21:59:09.749  7663  7663 D StatsLog: LAUNCHER_ONSTOP
01-23 21:59:09.750  7663  7663 D StatsLog: LAUNCHER_GOOGLE_SEARCH_RESTORE_LIST_SIZE_AFTER_ACTIVITY_RESTART
01-23 21:59:09.750  7663  7663 D NexusLauncherModelDelegate: notifySmartspaceEvent: SmartspaceTargetEvent{mSmartspaceTarget=null, mSmartspaceActionId='null', mEventType=7}
01-23 21:59:09.751  7663  7663 D NexusLauncherModelDelegate: notifySmartspaceEvent: SmartspaceTargetEvent{mSmartspaceTarget=null, mSmartspaceActionId='null', mEventType=7}
01-23 21:59:09.751  7663  7728 D GmsPlayProvider: Forcefully shut down the binder channel
01-23 21:59:09.752   651  2176 E powerhal-libperfmgr: Error: shouldn't report duration during pause state.
01-23 21:59:09.754  1505  6150 I ImeTracker: com.google.android.apps.nexuslauncher:1fe69398: onFailed at PHASE_SERVER_UPDATE_CLIENT_VISIBILITY
01-23 21:59:09.755  7663 12722 I libbinder.IPCThreadState: oneway function results for code 2 on binder at 0xb400007517b6c950 will be dropped but finished with status UNKNOWN_TRANSACTION
01-23 21:59:09.758   651  2176 E powerhal-libperfmgr: Error: shouldn't report duration during pause state.
01-23 21:59:09.759  3931  4223 I AiAiEcho: (REDACTED) %s No tracked ambient data found for ID: %s; for event type: %d, skipping event processing.
01-23 21:59:09.759  3931  4223 I AiAiEcho: (REDACTED) %s No tracked ambient data found for ID: %s; for event type: %d, skipping event processing.
01-23 21:59:09.760  8934 22259 I NearbyMediums: Found Fast Ble Advertisements :
01-23 21:59:09.760  8934 22259 I NearbyMediums: BleAdvertisement { version=2, socketVersion=2, isFast=true, serviceIdHash=null, data=[ 0x23 0x43 0x51 0x52 0x57 0x11 0x34 0x42 0x88 0x95 0xf6 0xcd 0x29 0x53 0xdd 0x7d 0xfd 0x32 0x13 0xac 0x7f 0x6e 0x1a ], deviceToken=[ 0xd2 0x08 ], rxAdvertisement=null } : 2 times.
01-23 21:59:09.760  8934 22259 I NearbyMediums: Total 2 fast advertisements from 1 unique advertisers.
01-23 21:59:09.760  8934 22259 I NearbyMediums: Found BLE GATT Advertisements :
01-23 21:59:09.760  8934 22259 I NearbyMediums: BleAdvertisement { version=2, socketVersion=2, isFast=false, serviceIdHash=[ 0xfc 0x9f 0x5e ], data=[ 0x23 0xfc 0x9f 0x5e 0x50 0x37 0x37 0x4e 0x1c 0x06 0x4c 0x3d 0xf4 0x83 0xf3 0xf8 0x86 0x15 0x09 0xb4 0xa2 0xb1 0x16 0x2f 0x93 0x3e 0x0a 0x42 0x72 0x79 0x61 0x6e 0x27 0x73 0x20 0x50 0x43 0x50 0x2e 0x91 0x24 0x18 0x93 0x00 0x00 ], deviceToken=[ 0x5f 0xfe ], rxAdvertisement=null } : 3 times.
01-23 21:59:09.760  8934 22259 I NearbyMediums: Total 3 GATT advertisements from 1 unique advertisers.
01-23 21:59:09.760  8934 22259 I NearbyMediums: Current Tracked Scanning Clients are : {NearbyConnections.EnvironmentMonitor, NearbySharing, NearbyConnections.TxAdvertisement}
01-23 21:59:09.762  8934  8934 I PlayCloudSearchChimeraS: Stopping the server
01-23 21:59:09.762  8934  8934 I PlayCloudSearchLifeCycl: Stopping the GRPC server
01-23 21:59:09.762  1505  2071 D BackgroundInstallControlService: Package event received: 0
01-23 21:59:09.765   651  2176 E powerhal-libperfmgr: Error: shouldn't report duration during pause state.
01-23 21:59:09.775   651  2176 E powerhal-libperfmgr: Error: shouldn't report duration during pause state.
01-23 21:59:09.777  3895  3900 W putmethod.latin: Reducing the number of considered missed Gc histogram windows from 167 to 100
01-23 21:59:09.782   651  2176 E powerhal-libperfmgr: Error: shouldn't report duration during pause state.
01-23 21:59:09.782  1141  1141 D AOC     : A3:MSG: tmd3733_device.cc, 4358: USF: TMD3733: R/C:0.41 2D->1CD d_lux:9.6 c_lux:11.1/-1.0 c_coeff:0.66/-1.00
01-23 21:59:09.783  1141  1141 D AOC     : A3:MSG: tmd3733_device.cc, 4361: USF: TMD3733:  w:0.42 C:4.00 d_leak:0.1 c_leak:0.0 lux:10.2 leak:0.0
01-23 21:59:09.790   651  2176 E powerhal-libperfmgr: Error: shouldn't report duration during pause state.
01-23 21:59:09.799   651  2176 E powerhal-libperfmgr: Error: shouldn't report duration during pause state.
01-23 21:59:09.807   651  2176 E powerhal-libperfmgr: Error: shouldn't report duration during pause state.
01-23 21:59:09.824   950   950 I WifiHAL : Creating message to get link statistics; iface = 47
01-23 21:59:09.862   950   950 I WifiHAL : index: 0 per_rate_size 32, data_rem_len 1152
01-23 21:59:09.862   950   950 I WifiHAL : index: 1 per_rate_size 32, data_rem_len 1120
01-23 21:59:09.862   950   950 I WifiHAL : index: 2 per_rate_size 32, data_rem_len 1088
01-23 21:59:09.862   950   950 I WifiHAL : index: 3 per_rate_size 32, data_rem_len 1056
01-23 21:59:09.862   950   950 I WifiHAL : index: 4 per_rate_size 32, data_rem_len 1024
01-23 21:59:09.862   950   950 I WifiHAL : index: 5 per_rate_size 32, data_rem_len 992
01-23 21:59:09.862   950   950 I WifiHAL : index: 6 per_rate_size 32, data_rem_len 960
01-23 21:59:09.862   950   950 I WifiHAL : index: 7 per_rate_size 32, data_rem_len 928
01-23 21:59:09.862   950   950 I WifiHAL : index: 8 per_rate_size 32, data_rem_len 896
01-23 21:59:09.862   950   950 I WifiHAL : index: 9 per_rate_size 32, data_rem_len 864
01-23 21:59:09.862   950   950 I WifiHAL : index: 10 per_rate_size 32, data_rem_len 832
01-23 21:59:09.862   950   950 I WifiHAL : index: 11 per_rate_size 32, data_rem_len 800
01-23 21:59:09.862   950   950 I WifiHAL : index: 12 per_rate_size 32, data_rem_len 768
01-23 21:59:09.862   950   950 I WifiHAL : index: 13 per_rate_size 32, data_rem_len 736
01-23 21:59:09.862   950   950 I WifiHAL : index: 14 per_rate_size 32, data_rem_len 704
01-23 21:59:09.862   950   950 I WifiHAL : index: 15 per_rate_size 32, data_rem_len 672
01-23 21:59:09.862   950   950 I WifiHAL : index: 16 per_rate_size 32, data_rem_len 640
01-23 21:59:09.862   950   950 I WifiHAL : index: 17 per_rate_size 32, data_rem_len 608
01-23 21:59:09.862   950   950 I WifiHAL : index: 18 per_rate_size 32, data_rem_len 576
01-23 21:59:09.862   950   950 I WifiHAL : index: 19 per_rate_size 32, data_rem_len 544
01-23 21:59:09.862   950   950 I WifiHAL : index: 20 per_rate_size 32, data_rem_len 512
01-23 21:59:09.862   950   950 I WifiHAL : index: 21 per_rate_size 32, data_rem_len 480
01-23 21:59:09.862   950   950 I WifiHAL : index: 22 per_rate_size 32, data_rem_len 448
01-23 21:59:09.862   950   950 I WifiHAL : index: 23 per_rate_size 32, data_rem_len 416
01-23 21:59:09.862   950   950 I WifiHAL : index: 24 per_rate_size 32, data_rem_len 384
01-23 21:59:09.862   950   950 I WifiHAL : index: 25 per_rate_size 32, data_rem_len 352
01-23 21:59:09.862   950   950 I WifiHAL : index: 26 per_rate_size 32, data_rem_len 320
01-23 21:59:09.862   950   950 I WifiHAL : index: 27 per_rate_size 32, data_rem_len 288
01-23 21:59:09.862   950   950 I WifiHAL : index: 28 per_rate_size 32, data_rem_len 256
01-23 21:59:09.862   950   950 I WifiHAL : index: 29 per_rate_size 32, data_rem_len 224
01-23 21:59:09.862   950   950 I WifiHAL : index: 30 per_rate_size 32, data_rem_len 192
01-23 21:59:09.862   950   950 I WifiHAL : index: 31 per_rate_size 32, data_rem_len 160
01-23 21:59:09.862   950   950 I WifiHAL : index: 32 per_rate_size 32, data_rem_len 128
01-23 21:59:09.862   950   950 I WifiHAL : index: 33 per_rate_size 32, data_rem_len 96
01-23 21:59:09.862   950   950 I WifiHAL : index: 34 per_rate_size 32, data_rem_len 64
01-23 21:59:09.862   950   950 I WifiHAL : index: 35 per_rate_size 32, data_rem_len 32
01-23 21:59:09.863   950  3004 I WifiHAL : Getting cached scan results, iface handle = 0xb4000077f3523650
01-23 21:59:09.863   950  3004 E WifiHAL : Creating message to get cached scan results
01-23 21:59:09.867   950  3004 I WifiHAL : In GetCachedScanResultsCommand::handleResponse
01-23 21:59:09.891  1505  2010 D ConnectivityService: NetReassign [no changes] [c 2] [a 0] [i 1]
01-23 21:59:09.930   934  8029 I ExynosC2H264EncComponent: [onUpdateC2Work] got SYNC FRAME
01-23 21:59:09.976 22670 22675 I bileinvoice.ocr: Compiler allocated 4940KB to compile void android.view.ViewRootImpl.performTraversals()
01-23 21:59:10.028  2110  2163 D WindowOnBackDispatcher: setTopOnBackInvokedCallback (unwrapped): null
01-23 21:59:10.028  1505  6157 D CoreBackPreview: Window{4683c19 u0 Splash Screen com.mobileinvoice.ocr EXITING}: Setting back callback null
01-23 21:59:10.086  8934 10798 I FontLog : (REDACTED) Received query %s, URI %s
01-23 21:59:10.086  8934 10798 I FontLog : (REDACTED) Query [%s] resolved to %s
01-23 21:59:10.089  8934 10798 I FontLog : (REDACTED) Fetch %s end status %s
01-23 21:59:10.091  8934 10798 I FontLog : (REDACTED) Pulling font file for id = %d, cache size = %d
01-23 21:59:10.094  8934 10798 I FontLog : (REDACTED) Pulling font file for id = %d, cache size = %d
01-23 21:59:10.170  1505  2010 D InetDiagMessage: Destroyed 0 sockets, proto=IPPROTO_TCP, family=AF_INET, states=14
01-23 21:59:10.171  1505  2010 D InetDiagMessage: Destroyed 0 sockets, proto=IPPROTO_TCP, family=AF_INET6, states=14
01-23 21:59:10.171  1505  2010 D InetDiagMessage: Destroyed live tcp sockets for uids={10312} in 2ms
01-23 21:59:10.172  1505  2010 D InetDiagMessage: Destroyed 0 sockets, proto=IPPROTO_TCP, family=AF_INET, states=14
01-23 21:59:10.173  1505  2010 D InetDiagMessage: Destroyed 0 sockets, proto=IPPROTO_TCP, family=AF_INET6, states=14
01-23 21:59:10.173  1505  2010 D InetDiagMessage: Destroyed live tcp sockets for uids={20312} in 2ms
01-23 21:59:10.223  3895  3895 W TooltipLifecycleManager: TooltipLifecycleManager.dismissTooltips():153 Tooltip with id undo_access_point_promotion_banner not found in tooltipManager.
01-23 21:59:10.233  1505  6157 I ImeTracker: system_server:73aa1d32: onRequestHide at ORIGIN_SERVER reason IME_REQUESTED_CHANGED_LISTENER fromUser false
01-23 21:59:10.233  1505  1709 I ImeTracker: system_server:73aa1d32: onCancelled at PHASE_SERVER_SHOULD_HIDE
01-23 21:59:10.237  3895  3895 I KeyboardModeUtils: KeyboardModeUtils.getKeyboardBottomOffset():435 inch: 0.350000 ydpi: 421.709015 adjustKeyboardBottomByDisplaySize: false currentDensityDpi: 356 defaultDensityDpi: 356 keyboardBottomToScreenPx: 147 keyboardBottomToNavBarPx: 40 navBarHeight: 107
01-23 21:59:10.238  3895  3895 I BaseKeyboardSizeHelper: BaseKeyboardSizeHelper.calculateMaxKeyboardBodyHeight():73 leave 238 height for app when ime window height:2165, header height:107 and isFullscreenMode:false, so the max keyboard body height is:1820
01-23 21:59:10.238  3895  3895 I BaseKeyboardSizeHelper: BaseKeyboardSizeHelper.calculateMaxKeyboardBodyHeight():73 leave 238 height for app when ime window height:2165, header height:107 and isFullscreenMode:false, so the max keyboard body height is:1820
01-23 21:59:10.238  3895  3895 I AndroidIME: KeyboardViewManager.updateKeyboardBottomFrame():480 Set bottomFrameHeight = 40 while holderPaddingBottom = 40; navigationHeight = 107
01-23 21:59:10.381  1505  2010 D InetDiagMessage: Destroyed 0 sockets, proto=IPPROTO_TCP, family=AF_INET, states=14
01-23 21:59:10.383  1505  2010 D InetDiagMessage: Destroyed 0 sockets, proto=IPPROTO_TCP, family=AF_INET6, states=14
01-23 21:59:10.383  1505  2010 D InetDiagMessage: Destroyed live tcp sockets for uids={10305} in 4ms
01-23 21:59:10.385  1505  2010 D InetDiagMessage: Destroyed 0 sockets, proto=IPPROTO_TCP, family=AF_INET, states=14
01-23 21:59:10.388  1505  2010 D InetDiagMessage: Destroyed 0 sockets, proto=IPPROTO_TCP, family=AF_INET6, states=14
01-23 21:59:10.388  1505  2010 D InetDiagMessage: Destroyed live tcp sockets for uids={20305} in 5ms
01-23 21:59:10.546   895  2698 I bthal.activity: bt_power: LeAdvStat: 21:59:09:442 - 21:59:10:546, duration: 1103, le_adv_count: 5, total_le_adv_count: 581792, total_event_count: 5
01-23 21:59:10.694 25073   750 I egdc    : (REDACTED) appOpsListener %s %s
01-23 21:59:10.694 25073   750 I egdc    : (REDACTED) Ignoring irrelevant audio permission changes for package %s
01-23 21:59:10.695  1505  1950 D HintManagerService: Starts cleaning for 10215
01-23 21:59:10.713  3895 22643 I KeyboardActiveSessionStreamManager: KeyboardActiveSessionStreamManager.closeStream():125 Closing stream. [SDG]
01-23 21:59:10.713  3895 22643 I Interaction: Interaction$KeyboardEventStreamObserver.onCompleted():141 Interaction#550 completed by the client [SD]
01-23 21:59:10.714  3895 22637 I Interaction: Interaction.shutdownAndForget$java_com_google_android_libraries_inputmethod_voice_smartdictation_service_interaction_interaction():92 Shutting down Interaction#550 [SD]
01-23 21:59:10.714  3895 22638 I KeyboardActiveSessionStreamManager: KeyboardActiveSessionStreamManager$AssistantEventObserver.onCompleted():275 Assistant event stream completed. [SDG]
01-23 21:59:10.714  3895 22638 I InteractionManager: InteractionManager.forgetInteraction$java_com_google_android_libraries_inputmethod_voice_smartdictation_service_interaction_interaction():50 Forgetting Interaction#550 [SD]
01-23 21:59:10.788  1141  1141 D AOC     : A3:MSG: tmd3733_device.cc, 4358: USF: TMD3733: R/C:0.71 1CD->2D d_lux:34.6 c_lux:-1.0/-1.0 c_coeff:-1.00/-1.00
01-23 21:59:10.788  1141  1141 D AOC     : A3:MSG: tmd3733_device.cc, 4361: USF: TMD3733:  w:0.00 C:20.99 d_leak:0.1 c_leak:0.0 lux:34.6 leak:0.1
01-23 21:59:10.798  2294  2706 W BluetoothRemoteDevices: Address type mismatch for XX:XX:XX:XX:8F:E2, new type: 1
01-23 21:59:10.875   902   940 D CHRE.HAL: Received a nanoapp message from 0x476f6f676c001019 endpoint 0x3: Type 0x1f4 size 12 
01-23 21:59:10.883  8934 22660 I NearbyConnections: Found BleAdvertisement [ 0x23 0x47 0x54 0x48 0x57 0x11 0x32 0x23 0xb8 0xc7 0x03 0x35 0xf7 0x4d 0x12 0x1f 0xc9 0x86 0xa0 0x8c 0xf1 0x48 0x9a ] (with EndpointId GTHW and EndpointInfo [ 0x32 0x23 0xb8 0xc7 0x03 0x35 0xf7 0x4d 0x12 0x1f 0xc9 0x86 0xa0 0x8c 0xf1 0x48 0x9a ])
01-23 21:59:10.885   902   940 D CHRE.HAL: Received a nanoapp message from 0x476f6f676c001019 endpoint 0x3: Type 0x1f4 size 12 
01-23 21:59:10.893  8934 22660 I NearbyConnections: Unable to record discovered endpoint due to null currentDiscoveryPhase
01-23 21:59:10.893  8934 22660 I NearbyConnections: ClientProxy(224730988 0p:com.google.android.gms.nearby.sharing) reporting onEndpointFound(GTHW)
01-23 21:59:10.893  8934 22660 I NearbyConnections: ClientProxy(224730988) reporting onEndpointDistanceChanged(GTHW, UNKNOWN)
01-23 21:59:10.896  8934 22660 I NearbySharing: NearbySharing Internal event EndpointDiscovered(endpointId=GTHW)
01-23 21:59:11.193   902   940 D CHRE.HAL: Received a nanoapp message from 0x476f6f676c001019 endpoint 0x3: Type 0x1f4 size 12 
01-23 21:59:11.202   902   940 D CHRE.HAL: Received a nanoapp message from 0x476f6f676c001019 endpoint 0x3: Type 0x1f4 size 12 
01-23 21:59:11.287   902   940 D CHRE.HAL: Received a nanoapp message from 0x476f6f676c001019 endpoint 0x3: Type 0x1f4 size 12 
01-23 21:59:11.299   902   940 D CHRE.HAL: Received a nanoapp message from 0x476f6f676c001019 endpoint 0x3: Type 0x1f4 size 12 
01-23 21:59:11.751   505   615 D DisplayModeController: setDesiredMode 4619827677550801152 {mode={fps=60.00 Hz, modePtr={id=0, vsyncRate=60.00 Hz, peakRefreshRate=60.00 Hz}}, emitEvent=false, force=false}
01-23 21:59:11.757   511  3652 D hwc-display: setActiveConfigWithConstraints:: PrimaryDisplay config(36) test(0)
01-23 21:59:11.757   511  3652 I hwc-display: [PrimaryDisplay] setActiveConfigWithConstraints: config(36)
01-23 21:59:11.781  1141  1141 D AOC     : A3:MSG: tmd3733_device.cc, 3186: USF: TMD3733: vsync_delay_usec: 13000
01-23 21:59:11.876  1505  2010 D InetDiagMessage: Destroyed 0 sockets, proto=IPPROTO_TCP, family=AF_INET, states=14
01-23 21:59:11.878   895  2698 I bthal.activity: bt_power: LeAdvStat: 21:59:10:795 - 21:59:11:878, duration: 1083, le_adv_count: 4, total_le_adv_count: 581796, total_event_count: 4
01-23 21:59:11.879  1505  2010 D InetDiagMessage: Destroyed 0 sockets, proto=IPPROTO_TCP, family=AF_INET6, states=14
01-23 21:59:11.879  1505  2010 D InetDiagMessage: Destroyed live tcp sockets for uids={10207} in 5ms
01-23 21:59:11.882  1505  2010 D InetDiagMessage: Destroyed 0 sockets, proto=IPPROTO_TCP, family=AF_INET, states=14
01-23 21:59:11.884  1505  2010 D InetDiagMessage: Destroyed 0 sockets, proto=IPPROTO_TCP, family=AF_INET6, states=14
01-23 21:59:11.884  1505  2010 D InetDiagMessage: Destroyed live tcp sockets for uids={20207} in 4ms
01-23 21:59:12.207 15565 15577 I pixel-thermal: soc_therm:30.615 raw data: soc_therm:30615 
01-23 21:59:12.215  2294  2706 W BluetoothRemoteDevices: Address type mismatch for XX:XX:XX:XX:8F:E2, new type: 1
01-23 21:59:12.227   902   940 D CHRE.HAL: Received a nanoapp message from 0x476f6f676c001022 endpoint 0x8042: Type 0x3 size 8 
01-23 21:59:12.227   926   926 I suez-nanoapp-clients: Barometric peak detected: magnitude = 0.271164 hPa (bucket: 6), duration = 79.000000 ms (bucket: 7).
01-23 21:59:12.228   926   926 I suez-nanoapp-clients: Vendor atom [id = 100047] reported.
01-23 21:59:12.228   902   940 D CHRE.HAL: Received a nanoapp message from 0x476f6f676c001022 endpoint 0x8042: Type 0x3 size 8 
01-23 21:59:12.229   926  1633 I suez-nanoapp-clients: Barometric peak detected: magnitude = 0.137491 hPa (bucket: 3), duration = 79.000000 ms (bucket: 7).
01-23 21:59:12.229   926  1633 I suez-nanoapp-clients: Vendor atom [id = 100047] reported.
01-23 21:59:12.229   902   940 I CHRE    : @ 559624.855: [ip] Peak detected: magnitude = 0.271164 hpa, duration = 79.000000 ms
01-23 21:59:12.229   902   940 I CHRE    : @ 559624.855: [ip] Peak detected: magnitude = 0.137491 hpa, duration = 79.000000 ms
01-23 21:59:12.306  2294  2706 W BluetoothRemoteDevices: Address type mismatch for XX:XX:XX:XX:8F:E2, new type: 1
01-23 21:59:12.522  2294  2706 W BluetoothRemoteDevices: Address type mismatch for XX:XX:XX:XX:8F:E2, new type: 1
01-23 21:59:12.690   902   940 I CHRE    : @ 559625.318: [AR] inconsistent: 41.176472
01-23 21:59:12.691   902   940 I CHRE    : @ 559625.321: [cc] onArResult activity=5, conf=421
01-23 21:59:12.751  8002  8024 D AidlBufferPool: bufferpool2 0xb40000775d60e358 : 5(19200 size) total buffers - 4(15360 size) used buffers - 226022/226027 (recycle/alloc) - 362/452045 (fetch/transfer)
01-23 21:59:12.891   950  3004 I WifiHAL : Creating message to get link statistics; iface = 47
01-23 21:59:12.948   950  3004 I WifiHAL : index: 0 per_rate_size 32, data_rem_len 1152
01-23 21:59:12.948   950  3004 I WifiHAL : index: 1 per_rate_size 32, data_rem_len 1120
01-23 21:59:12.948   950  3004 I WifiHAL : index: 2 per_rate_size 32, data_rem_len 1088
01-23 21:59:12.948   950  3004 I WifiHAL : index: 3 per_rate_size 32, data_rem_len 1056
01-23 21:59:12.948   950  3004 I WifiHAL : index: 4 per_rate_size 32, data_rem_len 1024
01-23 21:59:12.948   950  3004 I WifiHAL : index: 5 per_rate_size 32, data_rem_len 992
01-23 21:59:12.948   950  3004 I WifiHAL : index: 6 per_rate_size 32, data_rem_len 960
01-23 21:59:12.948   950  3004 I WifiHAL : index: 7 per_rate_size 32, data_rem_len 928
01-23 21:59:12.948   950  3004 I WifiHAL : index: 8 per_rate_size 32, data_rem_len 896
01-23 21:59:12.948   950  3004 I WifiHAL : index: 9 per_rate_size 32, data_rem_len 864
01-23 21:59:12.948   950  3004 I WifiHAL : index: 10 per_rate_size 32, data_rem_len 832
01-23 21:59:12.948   950  3004 I WifiHAL : index: 11 per_rate_size 32, data_rem_len 800
01-23 21:59:12.948   950  3004 I WifiHAL : index: 12 per_rate_size 32, data_rem_len 768
01-23 21:59:12.948   950  3004 I WifiHAL : index: 13 per_rate_size 32, data_rem_len 736
01-23 21:59:12.948   950  3004 I WifiHAL : index: 14 per_rate_size 32, data_rem_len 704
01-23 21:59:12.948   950  3004 I WifiHAL : index: 15 per_rate_size 32, data_rem_len 672
01-23 21:59:12.948   950  3004 I WifiHAL : index: 16 per_rate_size 32, data_rem_len 640
01-23 21:59:12.948   950  3004 I WifiHAL : index: 17 per_rate_size 32, data_rem_len 608
01-23 21:59:12.948   950  3004 I WifiHAL : index: 18 per_rate_size 32, data_rem_len 576
01-23 21:59:12.948   950  3004 I WifiHAL : index: 19 per_rate_size 32, data_rem_len 544
01-23 21:59:12.948   950  3004 I WifiHAL : index: 20 per_rate_size 32, data_rem_len 512
01-23 21:59:12.948   950  3004 I WifiHAL : index: 21 per_rate_size 32, data_rem_len 480
01-23 21:59:12.948   950  3004 I WifiHAL : index: 22 per_rate_size 32, data_rem_len 448
01-23 21:59:12.948   950  3004 I WifiHAL : index: 23 per_rate_size 32, data_rem_len 416
01-23 21:59:12.948   950  3004 I WifiHAL : index: 24 per_rate_size 32, data_rem_len 384
01-23 21:59:12.948   950  3004 I WifiHAL : index: 25 per_rate_size 32, data_rem_len 352
01-23 21:59:12.948   950  3004 I WifiHAL : index: 26 per_rate_size 32, data_rem_len 320
01-23 21:59:12.948   950  3004 I WifiHAL : index: 27 per_rate_size 32, data_rem_len 288
01-23 21:59:12.948   950  3004 I WifiHAL : index: 28 per_rate_size 32, data_rem_len 256
01-23 21:59:12.948   950  3004 I WifiHAL : index: 29 per_rate_size 32, data_rem_len 224
01-23 21:59:12.948   950  3004 I WifiHAL : index: 30 per_rate_size 32, data_rem_len 192
01-23 21:59:12.948   950  3004 I WifiHAL : index: 31 per_rate_size 32, data_rem_len 160
01-23 21:59:12.948   950  3004 I WifiHAL : index: 32 per_rate_size 32, data_rem_len 128
01-23 21:59:12.948   950  3004 I WifiHAL : index: 33 per_rate_size 32, data_rem_len 96
01-23 21:59:12.948   950  3004 I WifiHAL : index: 34 per_rate_size 32, data_rem_len 64
01-23 21:59:12.948   950  3004 I WifiHAL : index: 35 per_rate_size 32, data_rem_len 32
01-23 21:59:12.950   950   950 I WifiHAL : Getting cached scan results, iface handle = 0xb4000077f3523650
01-23 21:59:12.950   950   950 E WifiHAL : Creating message to get cached scan results
01-23 21:59:12.956   950   950 I WifiHAL : In GetCachedScanResultsCommand::handleResponse
01-23 21:59:13.002  1505  2010 D ConnectivityService: NetReassign [no changes] [c 4] [a 2] [i 5]
01-23 21:59:13.026  1505  2010 D InetDiagMessage: Destroyed 0 sockets, proto=IPPROTO_TCP, family=AF_INET, states=14
01-23 21:59:13.030  1505  2010 D InetDiagMessage: Destroyed 2 sockets, proto=IPPROTO_TCP, family=AF_INET6, states=14
01-23 21:59:13.030  1505  2010 D InetDiagMessage: Destroyed live tcp sockets for uids={10411} in 6ms
01-23 21:59:13.032  1505  2010 D InetDiagMessage: Destroyed 0 sockets, proto=IPPROTO_TCP, family=AF_INET, states=14
01-23 21:59:13.033  1505  2010 D InetDiagMessage: Destroyed 0 sockets, proto=IPPROTO_TCP, family=AF_INET6, states=14
01-23 21:59:13.034  1505  2010 D InetDiagMessage: Destroyed live tcp sockets for uids={20411} in 4ms
01-23 21:59:13.036  1505  2010 D InetDiagMessage: Destroyed 0 sockets, proto=IPPROTO_TCP, family=AF_INET, states=14
01-23 21:59:13.038 26932 24358 E fb4a.msys: E[N mccw.liger]onReadError(732)=>read/error - ex: AsyncSocketException: recv() failed (peer=[2a03:2880:f32b:7:face:b00c:0:38d9]:5222), type = Internal error, errno = 103 (Software caused connection abort), errno: 103
01-23 21:59:13.040  1505  2010 D InetDiagMessage: Destroyed 10 sockets, proto=IPPROTO_TCP, family=AF_INET6, states=14
01-23 21:59:13.040  1505  2010 D InetDiagMessage: Destroyed live tcp sockets for uids={10300} in 6ms
01-23 21:59:13.042  1505  2010 D InetDiagMessage: Destroyed 0 sockets, proto=IPPROTO_TCP, family=AF_INET, states=14
01-23 21:59:13.044  1505  2010 D InetDiagMessage: Destroyed 0 sockets, proto=IPPROTO_TCP, family=AF_INET6, states=14
01-23 21:59:13.044  1505  2010 D InetDiagMessage: Destroyed live tcp sockets for uids={20300} in 3ms
01-23 21:59:13.046 26932 27474 E fb4a.msys: E[N MQTT]readErr(151)=>TCPStreamTransport readErr
01-23 21:59:13.046 26932 27474 E fb4a.msys: E[N MQTT]onReadError(657)=>Read Error: AsyncSocketException: recv() failed (peer=[2a03:2880:f32b:88:face:b00c:0:8e]:443), type = Internal error, errno = 103 (Software caused connection abort)
01-23 21:59:13.051  1505  6157 D ConnectivityService: Returning BLOCKED NetworkInfo to uid=10411
01-23 21:59:13.067 26932 26932 E fb4a.Execution: Redirecting MSYS Execution scheduling from the UI thread to a custom executor
01-23 21:59:13.071 26932 27473 E fb4a.msys: E[N WA]_WCCXMPPStreamDisconnectHandler(335)=>xmpp/disconnect - WCIStreamStateErrorCode: 2, domain: WCIStreamState, subdomain: MCCWLigerStream: Error Domain=WCIStreamState Code=2 UserInfo=0x72ba4ff00 {MCFErrorDirectUnderlyingErrorKey=0xb400007597e188d0 "Error Domain=MCCWLigerStream Code=2 UserInfo=0x72ba4f1c0 {MCFErrorDirectLocalizedFailureReasonKey=AsyncSocketException: recv() failed (peer=[2a03:2880:f32b:7:face:b00c:0:38d9]:5222), type = Internal error, errno = 103 (Software caused connection abort)}"}
01-23 21:59:13.071 26932 27473 E fb4a.msys: E[N WCCConnectionMEM]_WCCConnectionMEMLifecycleEventHandler(2181)=>[INFO] connection/xmpp/lifecycle_event/not-connected, [5.3603s]
01-23 21:59:13.071 26932 27473 E fb4a.msys: E[N WA]_WCCXMPPStreamDoDisconnect(1223)=>xmpp/disconnect - flags: 256
01-23 21:59:13.071 26932 27473 E fb4a.msys: E[N WCCConnectionMEM]_WCCConnectionMEMDisconnectHandler(2292)=>connection/disconnected, peer reset
01-23 21:59:13.071 26932 27473 E fb4a.msys: E[N WCCConnectionMEM]_WCCConnectionMEMEmitStateChange(3180)=>[INFO] connection/new_state/not-connected [connection_id=718706425, wcc_source=1, wcc_reason=18]
01-23 21:59:13.073 26932 27473 E fb4a.msys: E[C MEMConnectionManager]_MEMConnectionManagerStateChangeHandler(642)=>[Critical] MEMConnectionState updated to ID: 0 with connectionId: 718706425
01-23 21:59:13.074 26932 27473 E fb4a.msys: E[C 1]MCCLogErrorWithTraceOrQPL(280)=>8/374/3970/65536
01-23 21:59:13.075 26932 27473 E fb4a.msys: E[C 1]MCCLogErrorWithTraceOrQPL(280)=>8/374/3972/18
01-23 21:59:13.075 26932 27473 E fb4a.msys: E[C mem.context]_LogConnectFailure(4900)=>Establishing connection failure reason and flags: disconnect/Doze/-1/reason/18/flags/65536/[-, -, -, -, -, -, -, -, -, peer_reset, -, -, -, -]
01-23 21:59:13.077 26932 27473 E fb4a.msys: E[C mem.context]_LogConnectFailure(4932)=>[Happy Eyeball] Connect failed with source=1, winner stream ip=2a03:2880:f32b:7:face:b00c:0:38d9, port=5222, dnsResolutionMethod=1, combined_ip_addresses=2a03:2880:f32b:7:face:b00c:0:38d9, 57.144.104.8
01-23 21:59:13.080 26932 24161 E fb4a.msys: E[N MCCWLigerStream]_NetworkChangedCallbackInternal(57)=>skip the network state change source=4
01-23 21:59:13.087 26932 24236 E fb4a.msys: E[C mem.context]_NetworkStateChangedCallbackOnExecutionContext(7813)=>[INFO]skip the network state change source=4
01-23 21:59:13.087 26932 27474 E fb4a.msys: E[N MQTT]onOSNetworkDisconnected(740)=>LigerBasedStreamTransport onOSNetworkDisconnected
01-23 21:59:13.096 26932 26932 E fb4a.Execution: Redirecting MSYS Execution scheduling from the UI thread to a custom executor
01-23 21:59:13.099 26932 24236 E fb4a.msys: E[C mem.context]_LogNetworkStateUpdate(7676)=>[Critical] network_state/prev/1/new/2/source/1
01-23 21:59:13.099 26932 24236 E fb4a.msys: E[C MEMConnectionManager]_NetworkDisconnectedConnectionEventHandler(1580)=>[Debug] Start _NetworkDisconnectedConnectionEventHandler.
01-23 21:59:13.099 26932 24236 E fb4a.msys: E[C 1]MCCLogErrorWithTraceOrQPL(280)=>8/1199/738/-1
01-23 21:59:13.100 26932 24236 E fb4a.msys: E[C MEMConnectionManager]_NetworkDisconnectedConnectionEventHandler(1597)=>[Debug] End _NetworkDisconnectedConnectionEventHandler.
01-23 21:59:13.106 26932 27473 E fb4a.msys: E[C MEMConnectionManager]__DisconnectIfNeededOnNetworkContextAsyncImpl(1353)=>[Critical] Call WCCConnectionDisconnect with event id: 5
01-23 21:59:13.106 26932 27473 E fb4a.msys: E[N WCCConnectionMEM]_WCCConnectionMEMEmitStateChange(3180)=>[INFO] connection/new_state/not-connected [connection_id=-1, wcc_source=0, wcc_reason=0]
01-23 21:59:13.106 26932 27473 E fb4a.msys: E[C MEMConnectionManager]_MEMConnectionManagerStateChangeHandler(642)=>[Critical] MEMConnectionState updated to ID: 0 with connectionId: -1
01-23 21:59:13.333  2316  2578 D TemperatureStateSource: sequence=27479 actualDelay=10000
01-23 21:59:13.335  2316  2578 D TemperatureStateSource: Reading temperature: sequence=27480
01-23 21:59:13.341 15565 15565 I pixel-thermal: VIRTUAL-SKIN-MODEL: model_input: [27810.00 27988.00 29769.00 25769.00 25722.00 26284.00 28077.00 30615.00 ]
01-23 21:59:13.341 15565 15565 I native  : I0000 00:00:1769227153.341599   15565 thermal_tflite_wrapper.cc:261] ThermalTfliteInvoke
01-23 21:59:13.342 15565 15565 I pixel-thermal: VIRTUAL-SKIN-MODEL: model_output: [26786.8 ]
01-23 21:59:13.342 15565 15565 I pixel-thermal: VIRTUAL-SKIN-MODEL: predicted_value: [26786.8 ]
01-23 21:59:13.342 15565 15565 I pixel-thermal: CPU_THROTTLE_SEVERE:0 raw data: CPU_THROTTLE_SEVERE:0 
01-23 21:59:13.342 15565 15565 I pixel-thermal: VIRTUAL-SKIN:26.6777 raw data: VIRTUAL-SKIN:26677.7 VIRTUAL-SKIN-LEGACY:27088.1 VIRTUAL-SKIN-LEGACY-MODEL-DIFF:301.287 VIRTUAL-SKIN-LEGACY-SHUTDOWN:0 VIRTUAL-SKIN-MODEL:26786.8 VIRTUAL-SKIN-MODEL-CLAMPED:26786.8 VIRTUAL-SKIN-MODEL-LEGACY-DIFF:-301.287 VIRTUAL-SKIN-MODEL-UPDATED:26677.7 VIRTUAL-SKIN-MODEL-UPPER-CLAMPED:26786.8 VIRTUAL-SKIN-SUB-0:26240.4 VIRTUAL-SKIN-SUB-1:26667.4 VIRTUAL-SKIN-SUB-2:26890.9 VIRTUAL-SKIN-SUB-3:27088.1 VIRTUAL-SKIN-SUB-4:26579.1 VT_LEGACY_WEIGHT:0 VT_MODEL_WEIGHT:1 battery:25800 btmspkr_therm:25722 charging_therm:29769 disp_therm:26284 north_therm:28077 quiet_therm:27988 rfpa_therm:27810 soc_therm:30615 usb_pwr_therm:25769 
01-23 21:59:13.343  2316  2578 D TemperatureStateSource: getDeviceTemperatures: sequence=27480 deviceTemperatureType=3 temperatureSource=0 temperatures=[26.677685]
01-23 21:59:13.343  2316  2578 D BusinessScope: Enqueuing the block
01-23 21:59:13.344  2316  2578 D TemperatureStateSource: sequence=27480 waitTime=10000
01-23 21:59:13.344  2316  3596 D BusinessScope: Start running the #57229 block
01-23 21:59:13.344  2316  3596 D BusinessScope: Enqueuing the block
01-23 21:59:13.344  2316  3596 D ImpulseStateSource: Notify clients: 28609
01-23 21:59:13.344  2316  3596 D BusinessScope: Finish running the #57229 block
01-23 21:59:13.345  2316  3596 D BusinessScope: Start running the #57230 block
01-23 21:59:13.345  2316  3596 D BusinessScope: Finish running the #57230 block
01-23 21:59:13.434  1113  8032 D AidlBufferPool: bufferpool2 0xb40000773c418538 : 3(9000 size) total buffers - 1(3000 size) used buffers - 226049/226058 (recycle/alloc) - 25/226056 (fetch/transfer)
01-23 21:59:13.526   895  2698 I bthal.activity: bt_power: LeAdvStat: 21:59:12:211 - 21:59:13:525, duration: 1314, le_adv_count: 9, total_le_adv_count: 581805, total_event_count: 9
01-23 21:59:14.080 26932 27473 E fb4a.msys: E[N WCCConnectionMEM]_WCCConnectionMEMReconnectFromWeakRef(1419)=>connection/reconnect reconnection aborted, should not connect
01-23 21:59:14.166  2917  3155 I twoshay.grippalm: GRIP_CONTEXT:  Context Changed: [isPortrait, isLandscapeLeft, isPortraitFlipped, isLandscapeRight]: [1, 0, 0, 0] 
01-23 21:59:14.170  7663  7663 D TaskbarManager: dispatchTouchEvent:  displayId=0 isDefaultDisplay=true
01-23 21:59:14.171   505   613 D DisplayModeController: setDesiredMode 4619827677550801152 {mode={fps=120.00 Hz, modePtr={id=1, vsyncRate=120.00 Hz, peakRefreshRate=120.00 Hz}}, emitEvent=true, force=false}
01-23 21:59:14.176   511  3652 D hwc-display: setActiveConfigWithConstraints:: PrimaryDisplay config(37) test(0)
01-23 21:59:14.176   511  3652 I hwc-display: [PrimaryDisplay] setActiveConfigWithConstraints: config(37)
01-23 21:59:14.201  1141  1141 D AOC     : A3:MSG: tmd3733_device.cc, 3186: USF: TMD3733: vsync_delay_usec: 5800
01-23 21:59:14.235  2100  2104 I deeptouch: I0000 00:00:1769227154.235089    2104 tf_lite_classifier.cc:413] Event stream classified as kNone
01-23 21:59:14.253  1505  2272 V WindowManager: DesktopModeLaunchParamsModifier: phase= 0 task=null activity=null display-area-from-source=DefaultTaskDisplayArea@45817031 display-id=0 task-display-area-windowing-mode=1 suggested-display-area=DefaultTaskDisplayArea@45817031 task null, skipping
01-23 21:59:14.253  1505  2272 V WindowManager: TaskLaunchParamsModifier:phase=0 task=null activity=null display-area-from-source=DefaultTaskDisplayArea@45817031 display-id=0 task-display-area-windowing-mode=1 suggested-display-area=DefaultTaskDisplayArea@45817031
01-23 21:59:14.253  1505  2272 V GrammaticalInflectionUtils: AttributionSource: android.content.AttributionSource@95327c27 does not have READ_SYSTEM_GRAMMATICAL_GENDER permission.
01-23 21:59:14.254  1505  2272 W OptProp : Cannot read opt property android.window.PROPERTY_COMPAT_ALLOW_RESIZEABLE_ACTIVITY_OVERRIDES
01-23 21:59:14.254  1505  2272 W OptProp : Cannot read opt property android.window.PROPERTY_COMPAT_ALLOW_MIN_ASPECT_RATIO_OVERRIDE
01-23 21:59:14.254  1505  2272 V WindowManager: DesktopModeLaunchParamsModifier: phase= 0 task=null activity=ActivityRecord{131004277 u0 com.mobileinvoice.ocr/.CameraActivity display-area-from-source=DefaultTaskDisplayArea@45817031 display-id=0 task-display-area-windowing-mode=1 suggested-display-area=DefaultTaskDisplayArea@45817031 task null, skipping
01-23 21:59:14.254  1505  2272 V WindowManager: TaskLaunchParamsModifier:phase=0 task=null activity=ActivityRecord{131004277 u0 com.mobileinvoice.ocr/.CameraActivity t-1} display-area-from-source=DefaultTaskDisplayArea@45817031 display-id=0 task-display-area-windowing-mode=1 suggested-display-area=DefaultTaskDisplayArea@45817031
01-23 21:59:14.254  1505  2272 V WindowManager: DesktopModeLaunchParamsModifier: phase= 3 task=Task{fc9a7f4 #1796 type=standard A=10421:com.mobileinvoice.ocr} activity=ActivityRecord{131004277 u0 com.mobileinvoice.ocr/.CameraActivity t-1} display-area-from-source=DefaultTaskDisplayArea@45817031 display-id=0 task-display-area-windowing-mode=1 suggested-display-area=DefaultTaskDisplayArea@45817031 not entering desktop mode, skipping
01-23 21:59:14.255  1505  2272 V WindowManager: TaskLaunchParamsModifier:phase=3 task=Task{fc9a7f4 #1796 type=standard A=10421:com.mobileinvoice.ocr} activity=ActivityRecord{131004277 u0 com.mobileinvoice.ocr/.CameraActivity t-1} display-area-from-source=DefaultTaskDisplayArea@45817031 display-id=0 task-display-area-windowing-mode=1 suggested-display-area=DefaultTaskDisplayArea@45817031 inherit-from-source=fullscreen non-freeform-task-display-area display-area=DefaultTaskDisplayArea@45817031 activity-requested-portrait freeform-size-mismatch=Rect(271, 694 - 809, 1774)
01-23 21:59:14.255  1505  2272 V WindowManager: DesktopModeLaunchParamsModifier: phase= 3 task=Task{fc9a7f4 #1796 type=standard A=10421:com.mobileinvoice.ocr} activity=ActivityRecord{131004277 u0 com.mobileinvoice.ocr/.CameraActivity t-1} display-area-from-source=DefaultTaskDisplayArea@45817031 display-id=0 task-display-area-windowing-mode=1 suggested-display-area=DefaultTaskDisplayArea@45817031 not entering desktop mode, skipping
01-23 21:59:14.255  1505  2272 V WindowManager: TaskLaunchParamsModifier:phase=3 task=Task{fc9a7f4 #1796 type=standard A=10421:com.mobileinvoice.ocr} activity=ActivityRecord{131004277 u0 com.mobileinvoice.ocr/.CameraActivity t-1} display-area-from-source=DefaultTaskDisplayArea@45817031 display-id=0 task-display-area-windowing-mode=1 suggested-display-area=DefaultTaskDisplayArea@45817031 inherit-from-source=fullscreen non-freeform-task-display-area display-area=DefaultTaskDisplayArea@45817031 activity-requested-portrait freeform-size-mismatch=Rect(271, 694 - 809, 1774)
01-23 21:59:14.256  1505  2272 W OptProp : Cannot read opt property android.window.PROPERTY_COMPAT_ALLOW_ORIENTATION_OVERRIDE
01-23 21:59:14.258  1505  2272 I ActivityTaskManager: START u0 {xflg=0x4 cmp=com.mobileinvoice.ocr/.CameraActivity} with LAUNCH_MULTIPLE from uid 10421 (com.mobileinvoice.ocr) (rr=193455559) (BAL_ALLOW_VISIBLE_WINDOW) result code=0
01-23 21:59:14.260  2110  2135 V WindowManagerShell: Transition requested (#3075): android.os.BinderProxy@40a2bb5 TransitionRequestInfo { type = OPEN, triggerTask = TaskInfo{userId=0 taskId=1796 effectiveUid=10421 displayId=0 isRunning=true baseIntent=Intent { act=android.intent.action.MAIN cat=[android.intent.category.LAUNCHER] flg=0x10200000 cmp=com.mobileinvoice.ocr/.MainActivity } baseActivity=ComponentInfo{com.mobileinvoice.ocr/com.mobileinvoice.ocr.MainActivity} topActivity=ComponentInfo{com.mobileinvoice.ocr/com.mobileinvoice.ocr.CameraActivity} origActivity=null realActivity=ComponentInfo{com.mobileinvoice.ocr/com.mobileinvoice.ocr.MainActivity} numActivities=2 lastActiveTime=559624653 supportsMultiWindow=true resizeMode=1 isResizeable=true minWidth=-1 minHeight=-1 defaultMinSize=220 token=WCT{android.os.BinderProxy@59b7a19} topActivityType=1 pictureInPictureParams=null shouldDockBigOverlays=false launchIntoPipHostTaskId=-1 lastParentTaskIdBeforePip=-1 displayCutoutSafeInsets=Rect(0, 0 - 0, 0) topActivityInfo=ActivityInfo{4a3f24a com.mobileinvoice.ocr.CameraActivity} launchCookies=[android.os.BinderProxy@de634bf] positionInParent=Point(0, 0) parentTaskId=-1 isFocused=true isVisible=true isVisibleRequested=true isTopActivityNoDisplay=false isSleeping=false locusId=null displayAreaFeatureId=1 isTopActivityTransparent=false isActivityStackTransparent=false lastNonFullscreenBounds=Rect(271, 694 - 809, 1774) capturedLink=null capturedLinkTimestamp=0 requestedVisibleTypes=-9 topActivityRequestOpenInBrowserEducationTimestamp=0 appCompatTaskInfo=AppCompatTaskInfo { topActivityInSizeCompat=false eligibleForLetterboxEducation= false isLetterboxEducationEnabled= false isLetterboxDoubleTapEnabled= false eligibleForUserAspectRatioButton= false topActivityBoundsLetterboxed= false isFromLetterboxDoubleTap= false topActivityLetterboxVerticalPosition= -1 topActivityLetterboxHorizontalPosition= -1 topActivityLetterboxWidth=-1 topActivityLetterboxHeight=-1 topActivityAppBounds=Rect(0, 152 - 1080, 2317) isUserFullscreenOverrideEnabled=false isSystemFullscreenOverrideEnabled=false hasMinAspectRatioOverride=false topActivityLetterboxBounds=null cameraCompatTaskInfo=CameraCompatTaskInfo { freeformCameraCompatMode=inactiveundefined} topNonResizableActivityAspectRatio=-1.0} topActivityMainWindowFrame=null isAppBubble=false}, pipChange = null, remoteTransition = null, displayChange = null, flags = 0, debugId = 3075 }
01-23 21:59:14.260  2110  2135 D ShellSplitScreen: logExit: no-op, mLoggerSessionId is null
01-23 21:59:14.265  1505  2071 D BackgroundInstallControlService: Package event received: 0
01-23 21:59:14.265  1505  2071 D BackgroundInstallControlService: Package event received: 0
01-23 21:59:14.266  1505  2071 D BackgroundInstallControlService: Package event received: 0
01-23 21:59:14.266  3931  4483 W AiAiAutofill: (REDACTED) On activity pause for %s completing %d sessions with %d remaining.
01-23 21:59:14.279 22670 22670 I ContentCaptureHelper: Setting logging level to OFF
01-23 21:59:14.281 22670 22733 I CameraManagerGlobal: Connecting to camera service
01-23 21:59:14.282   934  8062 D AidlBufferPool: bufferpool2 0xb400007e2f3eb2b8 : 6(23562816 size) total buffers - 5(19635680 size) used buffers - 28718/28855 (recycle/alloc) - 974/28849 (fetch/transfer)
01-23 21:59:14.283  1081 13651 I AttributionAndPermissionUtils: checkPermission (forDataDelivery 0 startDataDelivery 0): Permission hard denied for client attribution [uid 10421, pid 22670, packageName "<unknown>"]
01-23 21:59:14.283 22670 22670 D WindowOnBackDispatcher: setTopOnBackInvokedCallback (unwrapped): android.view.ViewRootImpl$$ExternalSyntheticLambda12@6704d29
01-23 21:59:14.284  1505  2272 D CoreBackPreview: Window{72975d6 u0 com.mobileinvoice.ocr/com.mobileinvoice.ocr.CameraActivity}: Setting back callback OnBackInvokedCallbackInfo{mCallback=android.window.IOnBackInvokedCallback$Stub$Proxy@aff1229, mPriority=0, mIsAnimationCallback=false, mOverrideBehavior=0}
01-23 21:59:14.296 22670 22733 D CameraRepository: Added camera: 0
01-23 21:59:14.296  1505  1706 I ActivityTaskManager: Displayed com.mobileinvoice.ocr/.CameraActivity for user 0: +42ms
01-23 21:59:14.297  1505  1706 V WindowManager: Sent Transition (#3075) createdAt=01-23 21:59:14.254 via request=TransitionRequestInfo { type = OPEN, triggerTask = TaskInfo{userId=0 taskId=1796 effectiveUid=10421 displayId=0 isRunning=true baseIntent=Intent { act=android.intent.action.MAIN cat=[android.intent.category.LAUNCHER] flg=0x10200000 cmp=com.mobileinvoice.ocr/.MainActivity } baseActivity=ComponentInfo{com.mobileinvoice.ocr/com.mobileinvoice.ocr.MainActivity} topActivity=ComponentInfo{com.mobileinvoice.ocr/com.mobileinvoice.ocr.CameraActivity} origActivity=null realActivity=ComponentInfo{com.mobileinvoice.ocr/com.mobileinvoice.ocr.MainActivity} numActivities=2 lastActiveTime=559624653 supportsMultiWindow=true resizeMode=1 isResizeable=true minWidth=-1 minHeight=-1 defaultMinSize=220 token=WCT{RemoteToken{d3ab342 Task{fc9a7f4 #1796 type=standard A=10421:com.mobileinvoice.ocr}}} topActivityType=1 pictureInPictureParams=null shouldDockBigOverlays=false launchIntoPipHostTaskId=-1 lastParentTaskIdBeforePip=-1 displayCutoutSafeInsets=Rect(0, 0 - 0, 0) topActivityInfo=ActivityInfo{e0908c8 com.mobileinvoice.ocr.CameraActivity} launchCookies=[android.os.BinderProxy@4895090] positionInParent=Point(0, 0) parentTaskId=-1 isFocused=true isVisible=true isVisibleRequested=true isTopActivityNoDisplay=false isSleeping=false locusId=null displayAreaFeatureId=1 isTopActivityTransparent=false isActivityStackTransparent=false lastNonFullscreenBounds=Rect(271, 694 - 809, 1774) capturedLink=null capturedLinkTimestamp=0 requestedVisibleTypes=-9 topActivityRequestOpenInBrowserEducationTimestamp=0 appCompatTaskInfo=AppCompatTaskInfo { topActivityInSizeCompat=false eligibleForLetterboxEducation= false isLetterboxEducationEnabled= false isLetterboxDoubleTapEnabled= false eligibleForUserAspectRatioButton= false topActivityBoundsLetterboxed= false isFromLetterboxDoubleTap= false topActivityLetterboxVerticalPosition= -1 topActivityLetterboxHorizontalPosition= -1 topActivityLetterboxWidth=-1 topActivityLetterboxHeight=-1 topActivityAppBounds=Rect(0, 152 - 1080, 2317) isUserFullscreenOverrideEnabled=false isSystemFullscreenOverrideEnabled=false hasMinAspectRatioOverride=false topActivityLetterboxBounds=null cameraCompatTaskInfo=CameraCompatTaskInfo { freeformCameraCompatMode=inactiveundefined} topNonResizableActivityAspectRatio=-1.0} topActivityMainWindowFrame=null isAppBubble=false}, pipChange = null, remoteTransition = null, displayChange = null, flags = 0, debugId = 3075 }
01-23 21:59:14.297  2110  2305 V WindowManagerShell: onTransitionReady(transaction=6463925999567)
01-23 21:59:14.297  1505  1706 V WindowManager:     startWCT=WindowContainerTransaction { changes= {} hops= [] errorCallbackToken=null taskFragmentOrganizer=null }
01-23 21:59:14.297  1505  1706 V WindowManager:     info={id=3075 t=OPEN f=0x0 trk=0 r=[0@Point(0, 0)] c=[
01-23 21:59:14.297  1505  1706 V WindowManager:         {m=OPEN f=FILLS_TASK leash=Surface(name=ActivityRecord{131004277 u0 com.mobileinvoice.ocr/.CameraActivity t1796})/@0x85672ba sb=Rect(0, 0 - 0, 0) eb=Rect(0, 0 - 1080, 2424) epz=Point(1080, 2424) d=-1->0 r=-1->0:-1 bc=ff1a1a1a activity=ActivityTransitionInfo { component = ComponentInfo{com.mobileinvoice.ocr/com.mobileinvoice.ocr.CameraActivity}, taskId = 1796, appCompatTransitionInfo = null } opt={t=FROM_STYLE mUserId=0}},
01-23 21:59:14.297  1505  1706 V WindowManager:         {m=TO_BACK f=FILLS_TASK leash=Surface(name=ActivityRecord{193455559 u0 com.mobileinvoice.ocr/.MainActivity t1796})/@0x24fca7f sb=Rect(0, 0 - 1080, 2424) eb=Rect(0, 0 - 1080, 2424) epz=Point(1080, 2424) d=0 bc=ff1a1a1a activity=ActivityTransitionInfo { component = ComponentInfo{com.mobileinvoice.ocr/com.mobileinvoice.ocr.MainActivity}, taskId = 1796, appCompatTransitionInfo = null } opt={t=FROM_STYLE mUserId=0}}
01-23 21:59:14.297  1505  1706 V WindowManager:     ]}
01-23 21:59:14.297  2110  2135 V WindowManagerShell: onTransitionReady (#3075) android.os.BinderProxy@40a2bb5: {id=3075 t=OPEN f=0x0 trk=0 r=[0@Point(0, 0)] c=[
01-23 21:59:14.297  2110  2135 V WindowManagerShell:         {m=OPEN f=FILLS_TASK leash=Surface(name=ActivityRecord{131004277 u0 com.mobileinvoice.ocr/.CameraActivity t1796})/@0xcdce5bb sb=Rect(0, 0 - 0, 0) eb=Rect(0, 0 - 1080, 2424) epz=Point(1080, 2424) d=-1->0 r=-1->0:-1 bc=ff1a1a1a activity=ActivityTransitionInfo { component = ComponentInfo{com.mobileinvoice.ocr/com.mobileinvoice.ocr.CameraActivity}, taskId = 1796, appCompatTransitionInfo = null } opt={t=FROM_STYLE mUserId=0}},
01-23 21:59:14.297  2110  2135 V WindowManagerShell:         {m=TO_BACK f=FILLS_TASK leash=Surface(name=ActivityRecord{193455559 u0 com.mobileinvoice.ocr/.MainActivity t1796})/@0x1aefad8 sb=Rect(0, 0 - 1080, 2424) eb=Rect(0, 0 - 1080, 2424) epz=Point(1080, 2424) d=0 bc=ff1a1a1a activity=ActivityTransitionInfo { component = ComponentInfo{com.mobileinvoice.ocr/com.mobileinvoice.ocr.MainActivity}, taskId = 1796, appCompatTransitionInfo = null } opt={t=FROM_STYLE mUserId=0}}
01-23 21:59:14.297  2110  2135 V WindowManagerShell:     ]}
01-23 21:59:14.298  2110  2135 V WindowManagerShell: Playing animation for (#3075) android.os.BinderProxy@40a2bb5@0
01-23 21:59:14.298  2110  2135 V ShellRecents: RecentsTransitionHandler.startAnimation: no controller found
01-23 21:59:14.298  2110  2135 V WindowManagerShell: Transition doesn't have explicit remote, search filters for match for {id=3075 t=OPEN f=0x0 trk=0 r=[0@Point(0, 0)] c=[{m=OPEN f=FILLS_TASK leash=Surface(name=ActivityRecord{131004277 u0 com.mobileinvoice.ocr/.CameraActivity t1796})/@0xcdce5bb sb=Rect(0, 0 - 0, 0) eb=Rect(0, 0 - 1080, 2424) epz=Point(1080, 2424) d=-1->0 r=-1->0:-1 bc=ff1a1a1a activity=ActivityTransitionInfo { component = ComponentInfo{com.mobileinvoice.ocr/com.mobileinvoice.ocr.CameraActivity}, taskId = 1796, appCompatTransitionInfo = null } opt={t=FROM_STYLE mUserId=0}},{m=TO_BACK f=FILLS_TASK leash=Surface(name=ActivityRecord{193455559 u0 com.mobileinvoice.ocr/.MainActivity t1796})/@0x1aefad8 sb=Rect(0, 0 - 1080, 2424) eb=Rect(0, 0 - 1080, 2424) epz=Point(1080, 2424) d=0 bc=ff1a1a1a activity=ActivityTransitionInfo { component = ComponentInfo{com.mobileinvoice.ocr/com.mobileinvoice.ocr.MainActivity}, taskId = 1796, appCompatTransitionInfo = null } opt={t=FROM_STYLE mUserId=0}}]}
01-23 21:59:14.298  2110  2135 V WindowManagerShell:  Checking filter Pair{{types=[] flags=0x0] notFlags=0x0 checks=[{atype=dream independent=true modes=[OPEN,TO_FRONT] flags=NONE mustBeTask=false order=ANY topActivity=null launchCookie=null windowingMode=undefined},{atype=home independent=true modes=[CLOSE,TO_BACK] flags=NONE mustBeTask=false order=ANY topActivity=null launchCookie=null windowingMode=undefined}]} RemoteTransition { remoteTransition = android.window.IRemoteTransition$Stub$Proxy@cf2889e, appThread = android.app.IApplicationThread$Stub$Proxy@1187f7f, debugName = LauncherToDream }}
01-23 21:59:14.298  2110  2135 V WindowManagerShell:  Checking filter Pair{{types=[] flags=0x0] notFlags=0x100 checks=[{atype=home independent=true modes=[OPEN,TO_FRONT] flags=NONE mustBeTask=false order=TOP topActivity=ComponentInfo{com.google.android.apps.nexuslauncher/com.google.android.apps.nexuslauncher.NexusLauncherActivity} launchCookie=null windowingMode=undefined},{atype=standard independent=true modes=[CLOSE,TO_BACK] flags=NONE mustBeTask=false order=ANY topActivity=null launchCookie=null windowingMode=undefined},{NOT atype=undefined independent=true modes=[] flags=NONE mustBeTask=true order=ANY topActivity=null launchCookie=null customAnim=true windowingMode=undefined}]} RemoteTransition { remoteTransition = android.window.IRemoteTransition$Stub$Proxy@9812b4c, appThread = android.app.IApplicationThread$Stub$Proxy@ff8c795, debugName = QuickstepLaunchHome }}
01-23 21:59:14.298  2110  2135 V WindowManagerShell:  Delegate animation for (#3075) to null
01-23 21:59:14.298  2110  2135 V WindowManagerShell: start default transition animation, info = {id=3075 t=OPEN f=0x0 trk=0 r=[0@Point(0, 0)] c=[{m=OPEN f=FILLS_TASK leash=Surface(name=ActivityRecord{131004277 u0 com.mobileinvoice.ocr/.CameraActivity t1796})/@0xcdce5bb sb=Rect(0, 0 - 0, 0) eb=Rect(0, 0 - 1080, 2424) epz=Point(1080, 2424) d=-1->0 r=-1->0:-1 bc=ff1a1a1a activity=ActivityTransitionInfo { component = ComponentInfo{com.mobileinvoice.ocr/com.mobileinvoice.ocr.CameraActivity}, taskId = 1796, appCompatTransitionInfo = null } opt={t=FROM_STYLE mUserId=0}},{m=TO_BACK f=FILLS_TASK leash=Surface(name=ActivityRecord{193455559 u0 com.mobileinvoice.ocr/.MainActivity t1796})/@0x1aefad8 sb=Rect(0, 0 - 1080, 2424) eb=Rect(0, 0 - 1080, 2424) epz=Point(1080, 2424) d=0 bc=ff1a1a1a activity=ActivityTransitionInfo { component = ComponentInfo{com.mobileinvoice.ocr/com.mobileinvoice.ocr.MainActivity}, taskId = 1796, appCompatTransitionInfo = null } opt={t=FROM_STYLE mUserId=0}}]}
01-23 21:59:14.299  2110  2135 V WindowManagerShell: loadAnimation: anim=android.view.animation.AnimationSet@4c11c6d animAttr=0x5 type=OPEN isEntrance=false
01-23 21:59:14.300  2110  2135 V WindowManagerShell: loadAnimation: anim=android.view.animation.AnimationSet@5a64cf0 animAttr=0x4 type=OPEN isEntrance=true
01-23 21:59:14.300  2110  2135 V WindowManagerShell:  animated by com.android.wm.shell.transition.DefaultTransitionHandler@a6f885c
01-23 21:59:14.307 22670 22733 I Camera2CameraInfo: Device Level: INFO_SUPPORTED_HARDWARE_LEVEL_FULL
01-23 21:59:14.308 22670 22733 D CameraRepository: Added camera: 1
01-23 21:59:14.309 22670 22733 I Camera2CameraInfo: Device Level: INFO_SUPPORTED_HARDWARE_LEVEL_FULL
01-23 21:59:14.310 22670 22733 D CameraValidator: Verifying camera lens facing on tegu, lensFacingInteger: null
01-23 21:59:14.316 22670 22670 D CameraOrientationUtil: getRelativeImageRotation: destRotationDegrees=0, sourceRotationDegrees=90, isOppositeFacing=true, result=90
01-23 21:59:14.316 22670 22670 D CameraOrientationUtil: getRelativeImageRotation: destRotationDegrees=0, sourceRotationDegrees=90, isOppositeFacing=true, result=90
01-23 21:59:14.319 22670 22670 D DynamicRangeResolver: Resolved dynamic range for use case androidx.camera.core.Preview-7fa7a5d3-a2f7-42e5-bf65-5de2b081f7b9 to no compatible HDR dynamic ranges.
01-23 21:59:14.319 22670 22670 D DynamicRangeResolver: DynamicRange@7039770{encoding=UNSPECIFIED, bitDepth=0}
01-23 21:59:14.319 22670 22670 D DynamicRangeResolver: ->
