--------- beginning of main
01-23 21:49:15.926  2294  2706 W BluetoothRemoteDevices: Address type mismatch for XX:XX:XX:XX:8D:94, new type: 1
01-23 21:49:16.355   950   950 I WifiHAL : Creating message to get link statistics; iface = 47
01-23 21:49:16.454   950   950 I WifiHAL : index: 0 per_rate_size 32, data_rem_len 1152
01-23 21:49:16.454   950   950 I WifiHAL : index: 1 per_rate_size 32, data_rem_len 1120
01-23 21:49:16.454   950   950 I WifiHAL : index: 2 per_rate_size 32, data_rem_len 1088
01-23 21:49:16.454   950   950 I WifiHAL : index: 3 per_rate_size 32, data_rem_len 1056
01-23 21:49:16.454   950   950 I WifiHAL : index: 4 per_rate_size 32, data_rem_len 1024
01-23 21:49:16.454   950   950 I WifiHAL : index: 5 per_rate_size 32, data_rem_len 992
01-23 21:49:16.454   950   950 I WifiHAL : index: 6 per_rate_size 32, data_rem_len 960
01-23 21:49:16.454   950   950 I WifiHAL : index: 7 per_rate_size 32, data_rem_len 928
01-23 21:49:16.454   950   950 I WifiHAL : index: 8 per_rate_size 32, data_rem_len 896
01-23 21:49:16.454   950   950 I WifiHAL : index: 9 per_rate_size 32, data_rem_len 864
01-23 21:49:16.454   950   950 I WifiHAL : index: 10 per_rate_size 32, data_rem_len 832
01-23 21:49:16.454   950   950 I WifiHAL : index: 11 per_rate_size 32, data_rem_len 800
01-23 21:49:16.454   950   950 I WifiHAL : index: 12 per_rate_size 32, data_rem_len 768
01-23 21:49:16.454   950   950 I WifiHAL : index: 13 per_rate_size 32, data_rem_len 736
01-23 21:49:16.454   950   950 I WifiHAL : index: 14 per_rate_size 32, data_rem_len 704
01-23 21:49:16.454   950   950 I WifiHAL : index: 15 per_rate_size 32, data_rem_len 672
01-23 21:49:16.454   950   950 I WifiHAL : index: 16 per_rate_size 32, data_rem_len 640
01-23 21:49:16.454   950   950 I WifiHAL : index: 17 per_rate_size 32, data_rem_len 608
01-23 21:49:16.454   950   950 I WifiHAL : index: 18 per_rate_size 32, data_rem_len 576
01-23 21:49:16.454   950   950 I WifiHAL : index: 19 per_rate_size 32, data_rem_len 544
01-23 21:49:16.454   950   950 I WifiHAL : index: 20 per_rate_size 32, data_rem_len 512
01-23 21:49:16.454   950   950 I WifiHAL : index: 21 per_rate_size 32, data_rem_len 480
01-23 21:49:16.454   950   950 I WifiHAL : index: 22 per_rate_size 32, data_rem_len 448
01-23 21:49:16.454   950   950 I WifiHAL : index: 23 per_rate_size 32, data_rem_len 416
01-23 21:49:16.454   950   950 I WifiHAL : index: 24 per_rate_size 32, data_rem_len 384
01-23 21:49:16.454   950   950 I WifiHAL : index: 25 per_rate_size 32, data_rem_len 352
01-23 21:49:16.454   950   950 I WifiHAL : index: 26 per_rate_size 32, data_rem_len 320
01-23 21:49:16.454   950   950 I WifiHAL : index: 27 per_rate_size 32, data_rem_len 288
01-23 21:49:16.454   950   950 I WifiHAL : index: 28 per_rate_size 32, data_rem_len 256
01-23 21:49:16.454   950   950 I WifiHAL : index: 29 per_rate_size 32, data_rem_len 224
01-23 21:49:16.454   950   950 I WifiHAL : index: 30 per_rate_size 32, data_rem_len 192
01-23 21:49:16.454   950   950 I WifiHAL : index: 31 per_rate_size 32, data_rem_len 160
01-23 21:49:16.454   950   950 I WifiHAL : index: 32 per_rate_size 32, data_rem_len 128
01-23 21:49:16.454   950   950 I WifiHAL : index: 33 per_rate_size 32, data_rem_len 96
01-23 21:49:16.454   950   950 I WifiHAL : index: 34 per_rate_size 32, data_rem_len 64
01-23 21:49:16.454   950   950 I WifiHAL : index: 35 per_rate_size 32, data_rem_len 32
01-23 21:49:16.455   950   950 E libbinder.IPCThreadState: binder thread pool (1 threads) starved for 100 ms
01-23 21:49:16.457   950   950 I WifiHAL : Getting cached scan results, iface handle = 0xb4000077f3523650
01-23 21:49:16.457   950   950 E WifiHAL : Creating message to get cached scan results
01-23 21:49:16.464   950   950 I WifiHAL : In GetCachedScanResultsCommand::handleResponse
01-23 21:49:16.517  1505  2010 D ConnectivityService: NetReassign [no changes] [c 5] [a 3] [i 5]
01-23 21:49:16.727  1141  1141 D AOC     : A3:MSG: tmd3733_device.cc, 4358: USF: TMD3733: R/C:0.18 2D->0C d_lux:-1.0 c_lux:10.4/-1.0 c_coeff:0.83/-1.00
01-23 21:49:16.727  1141  1141 D AOC     : A3:MSG: tmd3733_device.cc, 4361: USF: TMD3733:  w:0.00 C:3.00 d_leak:0.1 c_leak:0.0 lux:10.4 leak:0.0
01-23 21:49:16.925   895  2698 I bthal.activity: bt_power: LeAdvStat: 21:49:15:816 - 21:49:16:924, duration: 1108, le_adv_count: 6, total_le_adv_count: 580181, total_event_count: 37
01-23 21:49:17.193 15565 15577 I pixel-thermal: disp_therm:27.244 raw data: disp_therm:27244 
01-23 21:49:17.202 15565 15577 I pixel-thermal: btmspkr_therm:26.963 raw data: btmspkr_therm:26963 
01-23 21:49:17.258  2294  2706 W BluetoothRemoteDevices: Address type mismatch for XX:XX:XX:XX:8D:94, new type: 1
01-23 21:49:17.740  1141  1141 D AOC     : A3:MSG: tmd3733_device.cc, 4358: USF: TMD3733: R/C:0.57 0C->2D d_lux:45.9 c_lux:-1.0/-1.0 c_coeff:-1.00/-1.00
01-23 21:49:17.741  1141  1141 D AOC     : A3:MSG: tmd3733_device.cc, 4361: USF: TMD3733:  w:0.00 C:21.75 d_leak:0.1 c_leak:0.0 lux:45.9 leak:0.1
01-23 21:49:18.336   895  2698 I bthal.activity: bt_power: LeAdvStat: 21:49:17:201 - 21:49:18:336, duration: 1134, le_adv_count: 5, total_le_adv_count: 580186, total_event_count: 5
01-23 21:49:18.600  2294  2706 W BluetoothRemoteDevices: Address type mismatch for XX:XX:XX:XX:8D:94, new type: 1
01-23 21:49:18.763  1141  1141 D AOC     : A3:MSG: tmd3733_device.cc, 4358: USF: TMD3733: R/C:0.33 2D->1CD d_lux:16.3 c_lux:11.5/-1.0 c_coeff:0.50/-1.00
01-23 21:49:18.763  1141  1141 D AOC     : A3:MSG: tmd3733_device.cc, 4361: USF: TMD3733:  w:0.84 C:5.50 d_leak:0.1 c_leak:0.0 lux:12.3 leak:0.0
01-23 21:49:18.852  8002  8024 D AidlBufferPool: bufferpool2 0xb40000775d60e358 : 5(19200 size) total buffers - 4(15360 size) used buffers - 196327/196332 (recycle/alloc) - 324/392655 (fetch/transfer)
01-23 21:49:19.505   950   950 I WifiHAL : Creating message to get link statistics; iface = 47
01-23 21:49:19.544  8934 21092 I NearbyMediums: Found BLE GATT Advertisements :
01-23 21:49:19.544  8934 21092 I NearbyMediums: BleAdvertisement { version=2, socketVersion=2, isFast=false, serviceIdHash=[ 0xfc 0x9f 0x5e ], data=[ 0x23 0xfc 0x9f 0x5e 0x50 0x37 0x37 0x4e 0x1c 0x06 0x4c 0x3d 0xf4 0x83 0xf3 0xf8 0x86 0x15 0x09 0xb4 0xa2 0xb1 0x16 0x2f 0x93 0x3e 0x0a 0x42 0x72 0x79 0x61 0x6e 0x27 0x73 0x20 0x50 0x43 0x50 0x2e 0x91 0x24 0x18 0x93 0x00 0x00 ], deviceToken=[ 0x5f 0xfe ], rxAdvertisement=null } : 6 times.
01-23 21:49:19.544  8934 21092 I NearbyMediums: Total 6 GATT advertisements from 1 unique advertisers.
01-23 21:49:19.544  8934 21092 I NearbyMediums: Current Tracked Scanning Clients are : {NearbyConnections.EnvironmentMonitor, NearbySharing, NearbyConnections.TxAdvertisement}
01-23 21:49:19.546  8934 21094 I NearbyConnections: Processing lost BlePeripheral BlePeripheral{advertisement=BleAdvertisement { version=2, socketVersion=2, isFast=true, serviceIdHash=null, data=[ 0x23 0x33 0x45 0x4c 0x44 0x11 0x34 0x11 0x89 0x0b 0x7a 0xf3 0x4a 0xb5 0x76 0x11 0x78 0x47 0x9f 0x4b 0xb9 0x8d 0x30 ], deviceToken=[ 0xd2 0x08 ], rxAdvertisement=[ 0xa0 0x17 0x42 0x59 0x39 0x36 0x87 0x59 0xd5 0xde 0xeb 0xce 0xb5 0x0f 0xfa 0x39 0x7a 0xb0 0xc0 0x6b 0x33 0xd9 0xf1 0xcd 0xae 0x7c 0x83 0xc5 0x70 0x0b 0xde 0x09 0xe4 0x58 0x84 0x15 0x05 0x7f 0x00 0x00 0x84 0x15 0x06 0x7f 0x00 0x00 0x84 0x15 0x04 0x7f 0x00 0x00 0x83 0x15 0x01 0x16 0x85 ] }, dctAdvertisement=null, address=null, psm=0, deviceToken=<ByteString@5c21ff6 size=2 contents="\322\b">, isSecondProfile=false, rxInstantConnectionAdv=[-96, 23, 66, 89, 57, 54, -121, 89, -43, -34, -21, -50, -75, 15, -6, 57, 122, -80, -64, 107, 51, -39, -15, -51, -82, 124, -125, -59, 112, 11, -34, 9, -28, 88, -124, 21, 5, 127, 0, 0, -124, 21, 6, 127, 0, 0, -124, 21, 4, 127, 0, 0, -125, 21, 1, 22, -123]}.
01-23 21:49:19.547  8934 21094 I NearbyConnections: Lost BleEndpoint for BlePeripheral BlePeripheral{advertisement=BleAdvertisement { version=2, socketVersion=2, isFast=true, serviceIdHash=null, data=[ 0x23 0x33 0x45 0x4c 0x44 0x11 0x34 0x11 0x89 0x0b 0x7a 0xf3 0x4a 0xb5 0x76 0x11 0x78 0x47 0x9f 0x4b 0xb9 0x8d 0x30 ], deviceToken=[ 0xd2 0x08 ], rxAdvertisement=[ 0xa0 0x17 0x42 0x59 0x39 0x36 0x87 0x59 0xd5 0xde 0xeb 0xce 0xb5 0x0f 0xfa 0x39 0x7a 0xb0 0xc0 0x6b 0x33 0xd9 0xf1 0xcd 0xae 0x7c 0x83 0xc5 0x70 0x0b 0xde 0x09 0xe4 0x58 0x84 0x15 0x05 0x7f 0x00 0x00 0x84 0x15 0x06 0x7f 0x00 0x00 0x84 0x15 0x04 0x7f 0x00 0x00 0x83 0x15 0x01 0x16 0x85 ] }, dctAdvertisement=null, address=null, psm=0, deviceToken=<ByteString@5c21ff6 size=2 contents="\322\b">, isSecondProfile=false, rxInstantConnectionAdv=[-96, 23, 66, 89, 57, 54, -121, 89, -43, -34, -21, -50, -75, 15, -6, 57, 122, -80, -64, 107, 51, -39, -15, -51, -82, 124, -125, -59, 112, 11, -34, 9, -28, 88, -124, 21, 5, 127, 0, 0, -124, 21, 6, 127, 0, 0, -124, 21, 4, 127, 0, 0, -125, 21, 1, 22, -123]} (with EndpointId 3ELD and EndpointInfo [ 0x34 0x11 0x89 0x0b 0x7a 0xf3 0x4a 0xb5 0x76 0x11 0x78 0x47 0x9f 0x4b 0xb9 0x8d 0x30 ]).
01-23 21:49:19.548  8934 21094 I NearbyConnections: Unable to record lost endpoint due to null currentDiscoveryPhase
01-23 21:49:19.548  8934 21094 I NearbyConnections: ClientProxy(224730988) reporting onEndpointLost(3ELD)
01-23 21:49:19.548  8934 21094 I NearbyConnections: Processing lost BlePeripheral BlePeripheral{advertisement=BleAdvertisement { version=2, socketVersion=2, isFast=true, serviceIdHash=null, data=[ 0x23 0x45 0x32 0x4c 0x47 0x11 0x32 0x95 0x91 0x9d 0x23 0xb3 0x44 0x8c 0x08 0xec 0x63 0xa9 0xc7 0x05 0xb3 0x6e 0xc8 ], deviceToken=[ 0x35 0x1b ], rxAdvertisement=null }, dctAdvertisement=null, address=null, psm=0, deviceToken=<ByteString@7a8bff7 size=2 contents="5\033">, isSecondProfile=false, rxInstantConnectionAdv=null}.
01-23 21:49:19.548  8934 21094 I NearbyConnections: Lost BleEndpoint for BlePeripheral BlePeripheral{advertisement=BleAdvertisement { version=2, socketVersion=2, isFast=true, serviceIdHash=null, data=[ 0x23 0x45 0x32 0x4c 0x47 0x11 0x32 0x95 0x91 0x9d 0x23 0xb3 0x44 0x8c 0x08 0xec 0x63 0xa9 0xc7 0x05 0xb3 0x6e 0xc8 ], deviceToken=[ 0x35 0x1b ], rxAdvertisement=null }, dctAdvertisement=null, address=null, psm=0, deviceToken=<ByteString@7a8bff7 size=2 contents="5\033">, isSecondProfile=false, rxInstantConnectionAdv=null} (with EndpointId E2LG and EndpointInfo [ 0x32 0x95 0x91 0x9d 0x23 0xb3 0x44 0x8c 0x08 0xec 0x63 0xa9 0xc7 0x05 0xb3 0x6e 0xc8 ]).
01-23 21:49:19.549  8934 21094 I NearbyConnections: Unable to record lost endpoint due to null currentDiscoveryPhase
01-23 21:49:19.549  8934 21094 I NearbyConnections: ClientProxy(224730988) reporting onEndpointLost(E2LG)
01-23 21:49:19.549  8934 21094 I NearbySharing: NearbySharing Internal event EndpointLost(endpointId=3ELD)
01-23 21:49:19.550  8934 19452 I NearbySharing: NearbySharing Internal event EndpointLost(endpointId=E2LG)
01-23 21:49:19.562   950   950 I WifiHAL : index: 0 per_rate_size 32, data_rem_len 1152
01-23 21:49:19.562   950   950 I WifiHAL : index: 1 per_rate_size 32, data_rem_len 1120
01-23 21:49:19.562   950   950 I WifiHAL : index: 2 per_rate_size 32, data_rem_len 1088
01-23 21:49:19.562   950   950 I WifiHAL : index: 3 per_rate_size 32, data_rem_len 1056
01-23 21:49:19.562   950   950 I WifiHAL : index: 4 per_rate_size 32, data_rem_len 1024
01-23 21:49:19.562   950   950 I WifiHAL : index: 5 per_rate_size 32, data_rem_len 992
01-23 21:49:19.562   950   950 I WifiHAL : index: 6 per_rate_size 32, data_rem_len 960
01-23 21:49:19.562   950   950 I WifiHAL : index: 7 per_rate_size 32, data_rem_len 928
01-23 21:49:19.562   950   950 I WifiHAL : index: 8 per_rate_size 32, data_rem_len 896
01-23 21:49:19.562   950   950 I WifiHAL : index: 9 per_rate_size 32, data_rem_len 864
01-23 21:49:19.562   950   950 I WifiHAL : index: 10 per_rate_size 32, data_rem_len 832
01-23 21:49:19.562   950   950 I WifiHAL : index: 11 per_rate_size 32, data_rem_len 800
01-23 21:49:19.562   950   950 I WifiHAL : index: 12 per_rate_size 32, data_rem_len 768
01-23 21:49:19.562   950   950 I WifiHAL : index: 13 per_rate_size 32, data_rem_len 736
01-23 21:49:19.562   950   950 I WifiHAL : index: 14 per_rate_size 32, data_rem_len 704
01-23 21:49:19.562   950   950 I WifiHAL : index: 15 per_rate_size 32, data_rem_len 672
01-23 21:49:19.562   950   950 I WifiHAL : index: 16 per_rate_size 32, data_rem_len 640
01-23 21:49:19.562   950   950 I WifiHAL : index: 17 per_rate_size 32, data_rem_len 608
01-23 21:49:19.562   950   950 I WifiHAL : index: 18 per_rate_size 32, data_rem_len 576
01-23 21:49:19.562   950   950 I WifiHAL : index: 19 per_rate_size 32, data_rem_len 544
01-23 21:49:19.562   950   950 I WifiHAL : index: 20 per_rate_size 32, data_rem_len 512
01-23 21:49:19.562   950   950 I WifiHAL : index: 21 per_rate_size 32, data_rem_len 480
01-23 21:49:19.562   950   950 I WifiHAL : index: 22 per_rate_size 32, data_rem_len 448
01-23 21:49:19.562   950   950 I WifiHAL : index: 23 per_rate_size 32, data_rem_len 416
01-23 21:49:19.562   950   950 I WifiHAL : index: 24 per_rate_size 32, data_rem_len 384
01-23 21:49:19.562   950   950 I WifiHAL : index: 25 per_rate_size 32, data_rem_len 352
01-23 21:49:19.562   950   950 I WifiHAL : index: 26 per_rate_size 32, data_rem_len 320
01-23 21:49:19.562   950   950 I WifiHAL : index: 27 per_rate_size 32, data_rem_len 288
01-23 21:49:19.562   950   950 I WifiHAL : index: 28 per_rate_size 32, data_rem_len 256
01-23 21:49:19.562   950   950 I WifiHAL : index: 29 per_rate_size 32, data_rem_len 224
01-23 21:49:19.562   950   950 I WifiHAL : index: 30 per_rate_size 32, data_rem_len 192
01-23 21:49:19.562   950   950 I WifiHAL : index: 31 per_rate_size 32, data_rem_len 160
01-23 21:49:19.562   950   950 I WifiHAL : index: 32 per_rate_size 32, data_rem_len 128
01-23 21:49:19.562   950   950 I WifiHAL : index: 33 per_rate_size 32, data_rem_len 96
01-23 21:49:19.562   950   950 I WifiHAL : index: 34 per_rate_size 32, data_rem_len 64
01-23 21:49:19.562   950   950 I WifiHAL : index: 35 per_rate_size 32, data_rem_len 32
01-23 21:49:19.564   950   950 I WifiHAL : Getting cached scan results, iface handle = 0xb4000077f3523650
01-23 21:49:19.564   950   950 E WifiHAL : Creating message to get cached scan results
01-23 21:49:19.570   950   950 I WifiHAL : In GetCachedScanResultsCommand::handleResponse
01-23 21:49:19.578  1113  8032 D AidlBufferPool: bufferpool2 0xb40000773c418538 : 3(9000 size) total buffers - 1(3000 size) used buffers - 196356/196365 (recycle/alloc) - 24/196363 (fetch/transfer)
01-23 21:49:19.614  1505  2010 D ConnectivityService: NetReassign [no changes] [c 4] [a 2] [i 4]
01-23 21:49:19.757   950   950 I WifiHAL : Creating message to get link statistics; iface = 47
01-23 21:49:19.766  1141  1141 D AOC     : A3:MSG: tmd3733_device.cc, 4358: USF: TMD3733: R/C:0.55 1CD->2D d_lux:25.6 c_lux:-1.0/-1.0 c_coeff:-1.00/-1.00
01-23 21:49:19.766  1141  1141 D AOC     : A3:MSG: tmd3733_device.cc, 4361: USF: TMD3733:  w:0.00 C:11.24 d_leak:0.1 c_leak:0.0 lux:25.6 leak:0.1
01-23 21:49:19.814   950   950 I WifiHAL : index: 0 per_rate_size 32, data_rem_len 1152
01-23 21:49:19.814   950   950 I WifiHAL : index: 1 per_rate_size 32, data_rem_len 1120
01-23 21:49:19.814   950   950 I WifiHAL : index: 2 per_rate_size 32, data_rem_len 1088
01-23 21:49:19.814   950   950 I WifiHAL : index: 3 per_rate_size 32, data_rem_len 1056
01-23 21:49:19.814   950   950 I WifiHAL : index: 4 per_rate_size 32, data_rem_len 1024
01-23 21:49:19.814   950   950 I WifiHAL : index: 5 per_rate_size 32, data_rem_len 992
01-23 21:49:19.814   950   950 I WifiHAL : index: 6 per_rate_size 32, data_rem_len 960
01-23 21:49:19.814   950   950 I WifiHAL : index: 7 per_rate_size 32, data_rem_len 928
01-23 21:49:19.814   950   950 I WifiHAL : index: 8 per_rate_size 32, data_rem_len 896
01-23 21:49:19.814   950   950 I WifiHAL : index: 9 per_rate_size 32, data_rem_len 864
01-23 21:49:19.814   950   950 I WifiHAL : index: 10 per_rate_size 32, data_rem_len 832
01-23 21:49:19.814   950   950 I WifiHAL : index: 11 per_rate_size 32, data_rem_len 800
01-23 21:49:19.814   950   950 I WifiHAL : index: 12 per_rate_size 32, data_rem_len 768
01-23 21:49:19.814   950   950 I WifiHAL : index: 13 per_rate_size 32, data_rem_len 736
01-23 21:49:19.814   950   950 I WifiHAL : index: 14 per_rate_size 32, data_rem_len 704
01-23 21:49:19.814   950   950 I WifiHAL : index: 15 per_rate_size 32, data_rem_len 672
01-23 21:49:19.814   950   950 I WifiHAL : index: 16 per_rate_size 32, data_rem_len 640
01-23 21:49:19.814   950   950 I WifiHAL : index: 17 per_rate_size 32, data_rem_len 608
01-23 21:49:19.815   950   950 I WifiHAL : index: 18 per_rate_size 32, data_rem_len 576
01-23 21:49:19.815   950   950 I WifiHAL : index: 19 per_rate_size 32, data_rem_len 544
01-23 21:49:19.815   950   950 I WifiHAL : index: 20 per_rate_size 32, data_rem_len 512
01-23 21:49:19.815   950   950 I WifiHAL : index: 21 per_rate_size 32, data_rem_len 480
01-23 21:49:19.815   950   950 I WifiHAL : index: 22 per_rate_size 32, data_rem_len 448
01-23 21:49:19.815   950   950 I WifiHAL : index: 23 per_rate_size 32, data_rem_len 416
01-23 21:49:19.815   950   950 I WifiHAL : index: 24 per_rate_size 32, data_rem_len 384
01-23 21:49:19.815   950   950 I WifiHAL : index: 25 per_rate_size 32, data_rem_len 352
01-23 21:49:19.815   950   950 I WifiHAL : index: 26 per_rate_size 32, data_rem_len 320
01-23 21:49:19.815   950   950 I WifiHAL : index: 27 per_rate_size 32, data_rem_len 288
01-23 21:49:19.815   950   950 I WifiHAL : index: 28 per_rate_size 32, data_rem_len 256
01-23 21:49:19.815   950   950 I WifiHAL : index: 29 per_rate_size 32, data_rem_len 224
01-23 21:49:19.815   950   950 I WifiHAL : index: 30 per_rate_size 32, data_rem_len 192
01-23 21:49:19.815   950   950 I WifiHAL : index: 31 per_rate_size 32, data_rem_len 160
01-23 21:49:19.815   950   950 I WifiHAL : index: 32 per_rate_size 32, data_rem_len 128
01-23 21:49:19.815   950   950 I WifiHAL : index: 33 per_rate_size 32, data_rem_len 96
01-23 21:49:19.815   950   950 I WifiHAL : index: 34 per_rate_size 32, data_rem_len 64
01-23 21:49:19.815   950   950 I WifiHAL : index: 35 per_rate_size 32, data_rem_len 32
01-23 21:49:19.816   950   950 I WifiHAL : Getting cached scan results, iface handle = 0xb4000077f3523650
01-23 21:49:19.816   950   950 E WifiHAL : Creating message to get cached scan results
01-23 21:49:19.821   950   950 I WifiHAL : In GetCachedScanResultsCommand::handleResponse
01-23 21:49:19.854   895  2698 I bthal.activity: bt_power: LeAdvStat: 21:49:18:596 - 21:49:19:854, duration: 1258, le_adv_count: 5, total_le_adv_count: 580191, total_event_count: 5
--------- beginning of system
01-23 21:49:19.956  1505  1739 D ActivityManager: sync unfroze 24847 com.google.android.apps.wellbeing for 3
01-23 21:49:20.048   951 14844 I AF::TrackHandle: opChanged OP_PLAY_AUDIO callback received for 
01-23 21:49:20.048   951 20164 I AF::TrackHandle: opChanged OP_PLAY_AUDIO callback received for 
01-23 21:49:20.049   951 20164 I AF::TrackHandle: opChanged OP_PLAY_AUDIO callback received for 
01-23 21:49:20.050   951 14844 I AF::TrackHandle: opChanged OP_PLAY_AUDIO callback received for 
01-23 21:49:20.050   951 20164 I AF::TrackHandle: opChanged OP_PLAY_AUDIO callback received for 
01-23 21:49:20.050   951 14844 I AF::TrackHandle: opChanged OP_PLAY_AUDIO callback received for 
01-23 21:49:20.051   951 14844 I AF::TrackHandle: opChanged OP_PLAY_AUDIO callback received for 
01-23 21:49:20.051   951 20164 I AF::TrackHandle: opChanged OP_PLAY_AUDIO callback received for 
01-23 21:49:20.052   951 14844 I AF::TrackHandle: opChanged OP_PLAY_AUDIO callback received for 
01-23 21:49:20.052   951 20164 I AF::TrackHandle: opChanged OP_PLAY_AUDIO callback received for 
01-23 21:49:20.052   951 14844 I AF::TrackHandle: opChanged OP_PLAY_AUDIO callback received for 
01-23 21:49:20.053   951 14844 I AF::TrackHandle: opChanged OP_PLAY_AUDIO callback received for 
01-23 21:49:20.053   951 20164 I AF::TrackHandle: opChanged OP_PLAY_AUDIO callback received for 
01-23 21:49:20.053   951 14844 I AF::TrackHandle: opChanged OP_PLAY_AUDIO callback received for 
01-23 21:49:20.054   951 20164 I AF::TrackHandle: opChanged OP_PLAY_AUDIO callback received for 
01-23 21:49:20.054   951 14844 I AF::TrackHandle: opChanged OP_PLAY_AUDIO callback received for 
01-23 21:49:20.054   951 20164 I AF::TrackHandle: opChanged OP_PLAY_AUDIO callback received for 
01-23 21:49:20.054   951 14844 I AF::TrackHandle: opChanged OP_PLAY_AUDIO callback received for 
01-23 21:49:20.055   951 20164 I AF::TrackHandle: opChanged OP_PLAY_AUDIO callback received for 
01-23 21:49:20.055   951 14844 I AF::TrackHandle: opChanged OP_PLAY_AUDIO callback received for 
01-23 21:49:20.056   951 14844 I AF::TrackHandle: opChanged OP_PLAY_AUDIO callback received for 
01-23 21:49:20.056   951 14844 I AF::TrackHandle: opChanged OP_PLAY_AUDIO callback received for 
01-23 21:49:20.056   951 20164 I AF::TrackHandle: opChanged OP_PLAY_AUDIO callback received for 
01-23 21:49:20.057   951 14844 I AF::TrackHandle: opChanged OP_PLAY_AUDIO callback received for 
01-23 21:49:20.057   951 14844 I AF::TrackHandle: opChanged OP_PLAY_AUDIO callback received for 
01-23 21:49:20.057   951 20164 I AF::TrackHandle: opChanged OP_PLAY_AUDIO callback received for 
01-23 21:49:20.058   951 14844 I AF::TrackHandle: opChanged OP_PLAY_AUDIO callback received for 
01-23 21:49:20.058   951 20164 I AF::TrackHandle: opChanged OP_PLAY_AUDIO callback received for 
01-23 21:49:20.059   951 20164 I AF::TrackHandle: opChanged OP_PLAY_AUDIO callback received for 
01-23 21:49:20.059   951 20164 I AF::TrackHandle: opChanged OP_PLAY_AUDIO callback received for 
01-23 21:49:20.060   951 20164 I AF::TrackHandle: opChanged OP_PLAY_AUDIO callback received for 
01-23 21:49:20.060 24847 24875 E TaskManager: <DWB> Alarm scheduled for PT-2927H-49M-20.058S from now
01-23 21:49:20.060   951 20164 I AF::TrackHandle: opChanged OP_PLAY_AUDIO callback received for 
01-23 21:49:20.079  2110  2110 D TileServices: Couldn't find tile for ComponentInfo{com.google.android.apps.wellbeing/com.google.android.apps.wellbeing.screen.ui.GrayscaleTileService}(0)
01-23 21:49:20.085 24847 24868 I WM-WorkerWrapper: Worker result SUCCESS for Work [ id=5e6e6e0e-7ca9-4c8b-841f-14891a74e2a7, tags={ com.google.apps.tiktok.contrib.work.TikTokListenableWorker,task_manager_work,TikTokWorker#com.google.android.apps.wellbeing.task.Task } ]
01-23 21:49:20.145  1505  1949 D ActivityManager: freezing 20976 com.google.android.googlequicksearchbox:search
01-23 21:49:20.153  2294  2706 W BluetoothRemoteDevices: Address type mismatch for XX:XX:XX:XX:8D:94, new type: 1
01-23 21:49:20.527  2294  2685 I bluetooth: system/gd/hci/le_advertising_manager_impl.cc:868 set_advertising_set_random_address_on_timer: Scheduling address rotation for advertiser_id=1
01-23 21:49:20.527  2294  2685 I bluetooth: system/gd/hci/le_address_manager.cc:581 GetNextPrivateAddressIntervalRange: client=advertising_set_1, nonwake=8m0s, wake=13m6s
01-23 21:49:20.542  2294  2685 I bluetooth: system/gd/hci/le_advertising_manager_impl.cc:1775 on_set_advertising_set_random_address_complete: update random address for advertising set 1 : xx:xx:xx:xx:65:25
01-23 21:49:20.794  1141  1141 D AOC     : A3:MSG: tmd3733_device.cc, 4358: USF: TMD3733: R/C:0.48 2D->1CD d_lux:21.8 c_lux:17.8/-1.0 c_coeff:0.50/-1.00
01-23 21:49:20.794  1141  1141 D AOC     : A3:MSG: tmd3733_device.cc, 4361: USF: TMD3733:  w:0.08 C:8.50 d_leak:0.1 c_leak:0.0 lux:21.4 leak:0.1
01-23 21:49:21.193   895  2698 I bthal.activity: bt_power: LeAdvStat: 21:49:20:149 - 21:49:21:193, duration: 1043, le_adv_count: 3, total_le_adv_count: 580194, total_event_count: 6
01-23 21:49:21.427  2294  2706 W BluetoothRemoteDevices: Address type mismatch for XX:XX:XX:XX:8D:94, new type: 1
01-23 21:49:21.521  2294  2706 W BluetoothRemoteDevices: Address type mismatch for XX:XX:XX:XX:8D:94, new type: 1
01-23 21:49:21.632  8934 21092 I NearbyConnections: Invalidate cached hpkeKey for client 224730988
01-23 21:49:21.815  1141  1141 D AOC     : A3:MSG: tmd3733_device.cc, 4358: USF: TMD3733: R/C:0.58 1CD->2D d_lux:41.9 c_lux:-1.0/-1.0 c_coeff:-1.00/-1.00
01-23 21:49:21.815  1141  1141 D AOC     : A3:MSG: tmd3733_device.cc, 4361: USF: TMD3733:  w:0.00 C:20.49 d_leak:0.1 c_leak:0.0 lux:41.9 leak:0.1
01-23 21:49:22.069  1505  1960 W InputDispatcher: Not sending touch gesture to 13ccc55 ActivityRecordInputSink com.mobileinvoice.ocr/.MainActivity because it has config NO_INPUT_CHANNEL
01-23 21:49:22.072   505   613 D DisplayModeController: setDesiredMode 4619827677550801152 {mode={fps=120.00 Hz, modePtr={id=1, vsyncRate=120.00 Hz, peakRefreshRate=120.00 Hz}}, emitEvent=true, force=false}
01-23 21:49:22.072  1505  1960 W InputDispatcher: Not sending touch gesture to 13ccc55 ActivityRecordInputSink com.mobileinvoice.ocr/.MainActivity because it has config NO_INPUT_CHANNEL
01-23 21:49:22.073  1505  1960 W InputDispatcher: Not sending touch gesture to 13ccc55 ActivityRecordInputSink com.mobileinvoice.ocr/.MainActivity because it has config NO_INPUT_CHANNEL
01-23 21:49:22.075  1505  1960 W InputDispatcher: Not sending touch gesture to 13ccc55 ActivityRecordInputSink com.mobileinvoice.ocr/.MainActivity because it has config NO_INPUT_CHANNEL
01-23 21:49:22.083  1505  1960 W InputDispatcher: Not sending touch gesture to 13ccc55 ActivityRecordInputSink com.mobileinvoice.ocr/.MainActivity because it has config NO_INPUT_CHANNEL
01-23 21:49:22.089   511   605 D hwc-display: setActiveConfigWithConstraints:: PrimaryDisplay config(37) test(0)
01-23 21:49:22.089   511   605 I hwc-display: [PrimaryDisplay] setActiveConfigWithConstraints: config(37)
01-23 21:49:22.090  1505  1960 W InputDispatcher: Not sending touch gesture to 13ccc55 ActivityRecordInputSink com.mobileinvoice.ocr/.MainActivity because it has config NO_INPUT_CHANNEL
01-23 21:49:22.099  1505  1960 W InputDispatcher: Not sending touch gesture to 13ccc55 ActivityRecordInputSink com.mobileinvoice.ocr/.MainActivity because it has config NO_INPUT_CHANNEL
01-23 21:49:22.107  1505  1960 W InputDispatcher: Not sending touch gesture to 13ccc55 ActivityRecordInputSink com.mobileinvoice.ocr/.MainActivity because it has config NO_INPUT_CHANNEL
01-23 21:49:22.107  1141  1141 D AOC     : A3:MSG: tmd3733_device.cc, 3186: USF: TMD3733: vsync_delay_usec: 5800
01-23 21:49:22.115  1505  1960 W InputDispatcher: Not sending touch gesture to 13ccc55 ActivityRecordInputSink com.mobileinvoice.ocr/.MainActivity because it has config NO_INPUT_CHANNEL
01-23 21:49:22.123  1505  1960 W InputDispatcher: Not sending touch gesture to 13ccc55 ActivityRecordInputSink com.mobileinvoice.ocr/.MainActivity because it has config NO_INPUT_CHANNEL
01-23 21:49:22.131  1505  1960 W InputDispatcher: Not sending touch gesture to 13ccc55 ActivityRecordInputSink com.mobileinvoice.ocr/.MainActivity because it has config NO_INPUT_CHANNEL
01-23 21:49:22.140  1505  1960 W InputDispatcher: Not sending touch gesture to 13ccc55 ActivityRecordInputSink com.mobileinvoice.ocr/.MainActivity because it has config NO_INPUT_CHANNEL
01-23 21:49:22.149  1505  1960 W InputDispatcher: Not sending touch gesture to 13ccc55 ActivityRecordInputSink com.mobileinvoice.ocr/.MainActivity because it has config NO_INPUT_CHANNEL
01-23 21:49:22.154  1505  1960 W InputDispatcher: Not sending touch gesture to 13ccc55 ActivityRecordInputSink com.mobileinvoice.ocr/.MainActivity because it has config NO_INPUT_CHANNEL
01-23 21:49:22.163  1505  1960 W InputDispatcher: Not sending touch gesture to 13ccc55 ActivityRecordInputSink com.mobileinvoice.ocr/.MainActivity because it has config NO_INPUT_CHANNEL
01-23 21:49:22.171  1505  1960 W InputDispatcher: Not sending touch gesture to 13ccc55 ActivityRecordInputSink com.mobileinvoice.ocr/.MainActivity because it has config NO_INPUT_CHANNEL
01-23 21:49:22.181  1505 27845 W PointerChoreographer: Invalid device id -1. Cannot set pointer icon.
01-23 21:49:22.555 15565 15577 I pixel-thermal: VIRTUAL-SKIN-MODEL: model_input: [28700.00 28901.00 29858.00 27010.00 27010.00 27268.00 28723.00 29390.00 ]
01-23 21:49:22.555 15565 15577 I native  : I0000 00:00:1769226562.555635   15577 thermal_tflite_wrapper.cc:261] ThermalTfliteInvoke
01-23 21:49:22.556 15565 15577 I pixel-thermal: VIRTUAL-SKIN-MODEL: model_output: [27678.4 ]
01-23 21:49:22.556 15565 15577 I pixel-thermal: VIRTUAL-SKIN-MODEL: predicted_value: [27678.4 ]
01-23 21:49:22.557 15565 15577 I pixel-thermal: VIRTUAL-SKIN-CPU-MID:27.7259 raw data: VIRTUAL-SKIN:27725.9 VIRTUAL-SKIN-CPU-MID:27725.9 VIRTUAL-SKIN-LEGACY:27839.9 VIRTUAL-SKIN-LEGACY-MODEL-DIFF:161.504 VIRTUAL-SKIN-LEGACY-SHUTDOWN:0 VIRTUAL-SKIN-MODEL:27678.4 VIRTUAL-SKIN-MODEL-CLAMPED:27678.4 VIRTUAL-SKIN-MODEL-LEGACY-DIFF:-161.504 VIRTUAL-SKIN-MODEL-UPDATED:27725.9 VIRTUAL-SKIN-MODEL-UPPER-CLAMPED:27678.4 VIRTUAL-SKIN-SUB-0:26652.1 VIRTUAL-SKIN-SUB-1:27686.9 VIRTUAL-SKIN-SUB-2:27446.2 VIRTUAL-SKIN-SUB-3:27839.9 VIRTUAL-SKIN-SUB-4:27654.2 VT_LEGACY_WEIGHT:0 VT_MODEL_WEIGHT:1 battery:27000 btmspkr_therm:27010 charging_therm:29858 disp_therm:27268 north_therm:28723 quiet_therm:28901 rfpa_therm:28700 soc_therm:29390 usb_pwr_therm:27010 
01-23 21:49:22.566   895  2698 I bthal.activity: bt_power: LeAdvStat: 21:49:21:424 - 21:49:22:566, duration: 1141, le_adv_count: 7, total_le_adv_count: 580201, total_event_count: 13
01-23 21:49:22.567 15565 15577 I pixel-thermal: VIRTUAL-SKIN-SOC:27.7259 raw data: VIRTUAL-SKIN:27725.9 VIRTUAL-SKIN-SOC:27725.9 
01-23 21:49:22.567 15565 15577 I pixel-thermal: VIRTUAL-SKIN-DISPLAY:27.7259 raw data: VIRTUAL-SKIN:27725.9 VIRTUAL-SKIN-DISPLAY:27725.9 
01-23 21:49:22.567 15565 15577 I pixel-thermal: CPU_THROTTLE_SEVERE:0 raw data: CPU_THROTTLE_SEVERE:0 
01-23 21:49:22.567 15565 15577 I pixel-thermal: VIRTUAL-SKIN:27.7259 raw data: VIRTUAL-SKIN:27725.9 
01-23 21:49:22.567 15565 15577 I pixel-thermal: VIRTUAL-SKIN-HINT:27.7259 raw data: VIRTUAL-SKIN:27725.9 VIRTUAL-SKIN-HINT:27725.9 
01-23 21:49:22.567 15565 15577 I pixel-thermal: VIRTUAL-SKIN-CPU-LIGHT-ODPM:27.7259 raw data: VIRTUAL-SKIN:27725.9 VIRTUAL-SKIN-CPU-LIGHT-ODPM:27725.9 
01-23 21:49:22.567 15565 15577 I pixel-thermal: VIRTUAL-SKIN-CPU-ODPM:27.7259 raw data: VIRTUAL-SKIN:27725.9 VIRTUAL-SKIN-CPU-ODPM:27725.9 
01-23 21:49:22.567 15565 15577 I pixel-thermal: VIRTUAL-SKIN-ODPM-MODEL: model_input: [28700.00 28901.00 29858.00 27010.00 27010.00 27268.00 28723.00 29390.00 27000.00 474.05 16.94 198.25 80.03 21.83 47.70 ]
01-23 21:49:22.567 15565 15577 I native  : I0000 00:00:1769226562.567832   15577 thermal_tflite_wrapper.cc:261] ThermalTfliteInvoke
01-23 21:49:22.568 15565 15577 I pixel-thermal: VIRTUAL-SKIN-ODPM-MODEL: model_output: [26825.1 ]
01-23 21:49:22.568 15565 15577 I pixel-thermal: VIRTUAL-SKIN-ODPM-MODEL: predicted_value: [26825.1 ]
01-23 21:49:22.568 15565 15577 I pixel-thermal: VIRTUAL-SKIN-SPEAKER-MODEL: model_input: [27000.00 27010.00 29858.00 27268.00 28723.00 28901.00 28700.00 29390.00 27010.00 ]
01-23 21:49:22.568 15565 15577 I native  : I0000 00:00:1769226562.568635   15577 thermal_tflite_wrapper.cc:261] ThermalTfliteInvoke
01-23 21:49:22.568 15565 15577 I pixel-thermal: VIRTUAL-SKIN-SPEAKER-MODEL: model_output: [26334 ]
01-23 21:49:22.568 15565 15577 I pixel-thermal: VIRTUAL-SKIN-SPEAKER-MODEL: predicted_value: [26334 ]
01-23 21:49:22.568 15565 15577 I pixel-thermal: STATS-UPDATOR:0 raw data: EXTREME-SOC-CONDITION-CHECK:0 MAIN_SOC_POWER:235.65 MODEL_CAMERA_PWR:16.9358 MODEL_DISPLAY_PWR:198.252 MODEL_MISC_PWR:474.046 MODEL_MODEM_PWR:80.0286 MODEL_RFFE_PWR:21.8343 MODEL_WLAN_BT_PWR:47.7018 NORTH_THERM-UNDER-THRESHOLD:1 NORTH_THERM-VSKIN-DIFF-DURING-NORTH_THERM-OVER-THRESHOLD:-999003 NORTH_THERM-VSKIN-DIFF-DURING-VSKIN-OVER-52:-999003 QUIET_THERM-UNDER-THRESHOLD:1 QUIET_THERM-VSKIN-DIFF-DURING-QUIET_THERM-OVER-THRESHOLD:-998825 QUIET_THERM-VSKIN-DIFF-DURING-VSKIN-OVER-52:-998825 RFPA_THERM-UNDER-THRESHOLD:1 RFPA_THERM-VSKIN-DIFF-DURING-RFPA_THERM-OVER-THRESHOLD:-999026 RFPA_THERM-VSKIN-DIFF-DURING-VSKIN-OVER-52:-999026 SOC_THERM-UNDER-THRESHOLD:1 SOC_THERM-VSKIN-DIFF-DURING-SOC_THERM-OVER-THRESHOLD:-998336 SOC_THERM-VSKIN-DIFF-DURING-VSKIN-OVER-52:-998336 STATS-UPDATOR:0 TPU_35S:0 VIRTUAL-SKIN:27725.9 VIRTUAL-SKIN-LEGACY:27839.9 VIRTUAL-SKIN-MODEL:27678.4 VIRTUAL-SKIN-MODEL-LEGACY-DIFF:-161.504 VIRTUAL-SKIN-ODPM-MODEL:26825.1 VIRTUAL-SKIN-SPEAKER-MODEL:26334 VSKIN-SKIN-UNDER-52:1 battery:27000 btmspkr_therm:27010 charging_therm:29858 disp_therm:27268 north_therm:28723 quiet_therm:28901 rfpa_therm:28700 soc_therm:29390 usb_pwr_therm:27010 
01-23 21:49:22.569 15565 15577 I pixel-thermal: VIRTUAL-SKIN-CPU-HIGH:27.7259 raw data: VIRTUAL-SKIN:27725.9 VIRTUAL-SKIN-CPU-HIGH:27725.9 
01-23 21:49:22.569 15565 15577 I pixel-thermal: cellular-emergency:27.7259 raw data: VIRTUAL-SKIN:27725.9 cellular-emergency:27725.9 
01-23 21:49:22.605   950   950 I WifiHAL : Creating message to get link statistics; iface = 47
01-23 21:49:22.660   950   950 I WifiHAL : index: 0 per_rate_size 32, data_rem_len 1152
01-23 21:49:22.660   950   950 I WifiHAL : index: 1 per_rate_size 32, data_rem_len 1120
01-23 21:49:22.660   950   950 I WifiHAL : index: 2 per_rate_size 32, data_rem_len 1088
01-23 21:49:22.660   950   950 I WifiHAL : index: 3 per_rate_size 32, data_rem_len 1056
01-23 21:49:22.660   950   950 I WifiHAL : index: 4 per_rate_size 32, data_rem_len 1024
01-23 21:49:22.660   950   950 I WifiHAL : index: 5 per_rate_size 32, data_rem_len 992
01-23 21:49:22.660   950   950 I WifiHAL : index: 6 per_rate_size 32, data_rem_len 960
01-23 21:49:22.660   950   950 I WifiHAL : index: 7 per_rate_size 32, data_rem_len 928
01-23 21:49:22.660   950   950 I WifiHAL : index: 8 per_rate_size 32, data_rem_len 896
01-23 21:49:22.660   950   950 I WifiHAL : index: 9 per_rate_size 32, data_rem_len 864
01-23 21:49:22.660   950   950 I WifiHAL : index: 10 per_rate_size 32, data_rem_len 832
01-23 21:49:22.660   950   950 I WifiHAL : index: 11 per_rate_size 32, data_rem_len 800
01-23 21:49:22.660   950   950 I WifiHAL : index: 12 per_rate_size 32, data_rem_len 768
01-23 21:49:22.660   950   950 I WifiHAL : index: 13 per_rate_size 32, data_rem_len 736
01-23 21:49:22.660   950   950 I WifiHAL : index: 14 per_rate_size 32, data_rem_len 704
01-23 21:49:22.660   950   950 I WifiHAL : index: 15 per_rate_size 32, data_rem_len 672
01-23 21:49:22.660   950   950 I WifiHAL : index: 16 per_rate_size 32, data_rem_len 640
01-23 21:49:22.660   950   950 I WifiHAL : index: 17 per_rate_size 32, data_rem_len 608
01-23 21:49:22.660   950   950 I WifiHAL : index: 18 per_rate_size 32, data_rem_len 576
01-23 21:49:22.660   950   950 I WifiHAL : index: 19 per_rate_size 32, data_rem_len 544
01-23 21:49:22.660   950   950 I WifiHAL : index: 20 per_rate_size 32, data_rem_len 512
01-23 21:49:22.660   950   950 I WifiHAL : index: 21 per_rate_size 32, data_rem_len 480
01-23 21:49:22.660   950   950 I WifiHAL : index: 22 per_rate_size 32, data_rem_len 448
01-23 21:49:22.660   950   950 I WifiHAL : index: 23 per_rate_size 32, data_rem_len 416
01-23 21:49:22.660   950   950 I WifiHAL : index: 24 per_rate_size 32, data_rem_len 384
01-23 21:49:22.660   950   950 I WifiHAL : index: 25 per_rate_size 32, data_rem_len 352
01-23 21:49:22.660   950   950 I WifiHAL : index: 26 per_rate_size 32, data_rem_len 320
01-23 21:49:22.661   950   950 I WifiHAL : index: 27 per_rate_size 32, data_rem_len 288
01-23 21:49:22.661   950   950 I WifiHAL : index: 28 per_rate_size 32, data_rem_len 256
01-23 21:49:22.661   950   950 I WifiHAL : index: 29 per_rate_size 32, data_rem_len 224
01-23 21:49:22.661   950   950 I WifiHAL : index: 30 per_rate_size 32, data_rem_len 192
01-23 21:49:22.661   950   950 I WifiHAL : index: 31 per_rate_size 32, data_rem_len 160
01-23 21:49:22.661   950   950 I WifiHAL : index: 32 per_rate_size 32, data_rem_len 128
01-23 21:49:22.661   950   950 I WifiHAL : index: 33 per_rate_size 32, data_rem_len 96
01-23 21:49:22.661   950   950 I WifiHAL : index: 34 per_rate_size 32, data_rem_len 64
01-23 21:49:22.661   950   950 I WifiHAL : index: 35 per_rate_size 32, data_rem_len 32
01-23 21:49:22.662   950   950 I WifiHAL : Getting cached scan results, iface handle = 0xb4000077f3523650
01-23 21:49:22.662   950   950 E WifiHAL : Creating message to get cached scan results
01-23 21:49:22.667   950   950 I WifiHAL : In GetCachedScanResultsCommand::handleResponse
01-23 21:49:22.706  1505  2010 D ConnectivityService: NetReassign [no changes] [c 6] [a 2] [i 5]
01-23 21:49:22.795  2316  3596 D TemperatureStateSource: sequence=27420 actualDelay=10001
01-23 21:49:22.796  2316  3596 D TemperatureStateSource: Reading temperature: sequence=27421
01-23 21:49:22.799 15565 15565 I pixel-thermal: CPU_THROTTLE_SEVERE:0 raw data: CPU_THROTTLE_SEVERE:0 
01-23 21:49:22.799 15565 15565 I pixel-thermal: VIRTUAL-SKIN:27.7259 raw data: VIRTUAL-SKIN:27725.9 
01-23 21:49:22.800  2316  3596 D TemperatureStateSource: getDeviceTemperatures: sequence=27421 deviceTemperatureType=3 temperatureSource=0 temperatures=[27.725922]
01-23 21:49:22.800  2316  3596 D BusinessScope: Enqueuing the block
01-23 21:49:22.800  2316  3596 D TemperatureStateSource: sequence=27421 waitTime=10000
01-23 21:49:22.800  2316  2578 D BusinessScope: Start running the #57107 block
01-23 21:49:22.801  2316  2578 D BusinessScope: Enqueuing the block
01-23 21:49:22.801  2316  2578 D ImpulseStateSource: Notify clients: 28548
01-23 21:49:22.801  2316  2578 D BusinessScope: Finish running the #57107 block
01-23 21:49:22.801  2316  2578 D BusinessScope: Start running the #57108 block
01-23 21:49:22.801  2316  2578 D BusinessScope: Finish running the #57108 block
01-23 21:49:22.831  2294  2706 W BluetoothRemoteDevices: Address type mismatch for XX:XX:XX:XX:8D:94, new type: 1
01-23 21:49:22.837  1141  1141 D AOC     : A3:MSG: tmd3733_device.cc, 4358: USF: TMD3733: R/C:0.27 2D->0C d_lux:-1.0 c_lux:11.1/-1.0 c_coeff:0.66/-1.00
01-23 21:49:22.837  1141  1141 D AOC     : A3:MSG: tmd3733_device.cc, 4361: USF: TMD3733:  w:0.00 C:4.00 d_leak:0.1 c_leak:0.0 lux:11.1 leak:0.0
01-23 21:49:22.928  2294  2706 W BluetoothRemoteDevices: Address type mismatch for XX:XX:XX:XX:8D:94, new type: 1
01-23 21:49:23.570  1505 27845 W PointerChoreographer: Invalid device id -1. Cannot set pointer icon.
01-23 21:49:23.620  8002  8011 D AidlBufferPool: bufferpool2 0xb40000775d60f828 : 0(0 size) total buffers - 0(0 size) used buffers - 0/0 (recycle/alloc) - 0/0 (fetch/transfer)
01-23 21:49:23.620   934  8062 D AidlBufferPool: bufferpool2 0xb400007e2f3eb2b8 : 5(19635680 size) total buffers - 5(19635680 size) used buffers - 26855/26976 (recycle/alloc) - 858/26970 (fetch/transfer)
01-23 21:49:23.624   934  8029 W samsung.hardware.media.c2@1.2-service: AIBinder_linkToDeath is being called with a non-null cookie and no onUnlink callback set. This might not be intended. AIBinder_DeathRecipient_setOnUnlinked should be called first.
01-23 21:49:23.715  1505  1960 I InputDispatcher: Canceling stream: last source was MOUSE and new event is MotionEvent
01-23 21:49:23.715  1505  1960 I InputDispatcher: Canceling pointers for device -1 in [Gesture Monitor] Quick Tap with event MotionEvent
01-23 21:49:23.715  1505  1960 W InputDispatcher: channel [Gesture Monitor] Quick Tap~ dropping inconsistent event: DispatchEntry{resolvedMotionFlags=0x0, targetFlags=0x0, transform=transform (ROT_0) (IDENTITY)
01-23 21:49:23.715  1505  1960 W InputDispatcher: } original: MotionEvent
01-23 21:49:23.715  1505  1960 I InputDispatcher: Canceling stream: last source was MOUSE and new event is MotionEvent
01-23 21:49:23.715  1505  1960 I InputDispatcher: Canceling pointers for device -1 in ea29ed0 com.mobileinvoice.ocr/com.mobileinvoice.ocr.MainActivity with event MotionEvent
01-23 21:49:23.715  1505  1960 W InputDispatcher: channel ea29ed0 com.mobileinvoice.ocr/com.mobileinvoice.ocr.MainActivity~ dropping inconsistent event: DispatchEntry{resolvedMotionFlags=0x0, targetFlags=0x0, transform=transform (ROT_0) (IDENTITY)
01-23 21:49:23.715  1505  1960 W InputDispatcher: } original: MotionEvent
01-23 21:49:23.715  1505  1960 I InputDispatcher: Canceling stream: last source was MOUSE and new event is MotionEvent
01-23 21:49:23.715  1505  1960 I InputDispatcher: Canceling pointers for device -1 in [Gesture Monitor] onehanded-touch with event MotionEvent
01-23 21:49:23.715  1505  1960 W InputDispatcher: channel [Gesture Monitor] onehanded-touch~ dropping inconsistent event: DispatchEntry{resolvedMotionFlags=0x0, targetFlags=0x0, transform=transform (ROT_0) (IDENTITY)
01-23 21:49:23.715  1505  1960 W InputDispatcher: } original: MotionEvent
01-23 21:49:23.715  1505  1960 I InputDispatcher: Canceling stream: last source was MOUSE and new event is MotionEvent
01-23 21:49:23.715  7663  7663 D TaskbarManager: dispatchTouchEvent:  displayId=0 isDefaultDisplay=true
01-23 21:49:23.715  1505  1960 I InputDispatcher: Canceling pointers for device -1 in PointerEventDispatcher0 with event MotionEvent
01-23 21:49:23.715  1505  1960 W InputDispatcher: channel PointerEventDispatcher0~ dropping inconsistent event: DispatchEntry{resolvedMotionFlags=0x0, targetFlags=0x0, transform=transform (ROT_0) (IDENTITY)
01-23 21:49:23.715  1505  1960 W InputDispatcher: } original: MotionEvent
01-23 21:49:23.798   497 21100 I keystore2: system/security/keystore2/watchdog/src/lib.rs:371 - Watchdog thread idle -> terminating. Have a great day.
01-23 21:49:23.842   511   618 I hwc-display: Display Temperature : 27°C
01-23 21:49:23.859  1141  1141 D AOC     : A3:MSG: tmd3733_device.cc, 4358: USF: TMD3733: R/C:0.62 0C->2D d_lux:47.3 c_lux:-1.0/-1.0 c_coeff:-1.00/-1.00
01-23 21:49:23.859  1141  1141 D AOC     : A3:MSG: tmd3733_device.cc, 4361: USF: TMD3733:  w:0.00 C:24.50 d_leak:0.1 c_leak:0.0 lux:47.3 leak:0.1
01-23 21:49:23.914  1505  3513 W PointerChoreographer: Invalid device id -1. Cannot set pointer icon.
01-23 21:49:23.921   934  8029 I ExynosC2H264EncComponent: [onUpdateC2Work] got SYNC FRAME
01-23 21:49:23.927   895  2698 I bthal.activity: bt_power: LeAdvStat: 21:49:22:827 - 21:49:23:927, duration: 1099, le_adv_count: 5, total_le_adv_count: 580206, total_event_count: 5
01-23 21:49:23.972  8002  8024 D AidlBufferPool: bufferpool2 0xb40000775d60e358 : 5(19200 size) total buffers - 4(15360 size) used buffers - 196583/196588 (recycle/alloc) - 325/393167 (fetch/transfer)
01-23 21:49:24.210  2294  2706 W BluetoothRemoteDevices: Address type mismatch for XX:XX:XX:XX:8D:94, new type: 1
01-23 21:49:24.212 15565 15577 I pixel-thermal: disp_therm:27.268 raw data: disp_therm:27268 
01-23 21:49:24.225 15565 15577 I pixel-thermal: btmspkr_therm:27.01 raw data: btmspkr_therm:27010 
01-23 21:49:24.627  7663  7663 D TaskbarManager: dispatchTouchEvent:  displayId=0 isDefaultDisplay=true
01-23 21:49:24.627  1505  1960 I InputDispatcher: Canceling stream: last source was MOUSE and new event is MotionEvent
01-23 21:49:24.627  1505  1960 I InputDispatcher: Canceling pointers for device -1 in [Gesture Monitor] Quick Tap with event MotionEvent
01-23 21:49:24.627  1505  1960 W InputDispatcher: channel [Gesture Monitor] Quick Tap~ dropping inconsistent event: DispatchEntry{resolvedMotionFlags=0x0, targetFlags=0x0, transform=transform (ROT_0) (IDENTITY)
01-23 21:49:24.627  1505  1960 W InputDispatcher: } original: MotionEvent
01-23 21:49:24.627  1505  1960 I InputDispatcher: Canceling stream: last source was MOUSE and new event is MotionEvent
01-23 21:49:24.628  1505  1960 I InputDispatcher: Canceling pointers for device -1 in ea29ed0 com.mobileinvoice.ocr/com.mobileinvoice.ocr.MainActivity with event MotionEvent
01-23 21:49:24.628  1505  1960 W InputDispatcher: channel ea29ed0 com.mobileinvoice.ocr/com.mobileinvoice.ocr.MainActivity~ dropping inconsistent event: DispatchEntry{resolvedMotionFlags=0x0, targetFlags=0x0, transform=transform (ROT_0) (IDENTITY)
01-23 21:49:24.628  1505  1960 W InputDispatcher: } original: MotionEvent
01-23 21:49:24.628  1505  1960 I InputDispatcher: Canceling stream: last source was MOUSE and new event is MotionEvent
01-23 21:49:24.628  1505  1960 I InputDispatcher: Canceling pointers for device -1 in [Gesture Monitor] onehanded-touch with event MotionEvent
01-23 21:49:24.628  1505  1960 W InputDispatcher: channel [Gesture Monitor] onehanded-touch~ dropping inconsistent event: DispatchEntry{resolvedMotionFlags=0x0, targetFlags=0x0, transform=transform (ROT_0) (IDENTITY)
01-23 21:49:24.628  1505  1960 W InputDispatcher: } original: MotionEvent
01-23 21:49:24.628  1505  1960 I InputDispatcher: Canceling stream: last source was MOUSE and new event is MotionEvent
01-23 21:49:24.628  1505  1960 I InputDispatcher: Canceling pointers for device -1 in PointerEventDispatcher0 with event MotionEvent
01-23 21:49:24.628  1505  1960 W InputDispatcher: channel PointerEventDispatcher0~ dropping inconsistent event: DispatchEntry{resolvedMotionFlags=0x0, targetFlags=0x0, transform=transform (ROT_0) (IDENTITY)
01-23 21:49:24.628  1505  1960 W InputDispatcher: } original: MotionEvent
01-23 21:49:24.701  1113  8032 D AidlBufferPool: bufferpool2 0xb40000773c418538 : 3(9000 size) total buffers - 1(3000 size) used buffers - 196612/196621 (recycle/alloc) - 24/196619 (fetch/transfer)
01-23 21:49:24.732  1505  3513 W PointerChoreographer: Invalid device id -1. Cannot set pointer icon.
01-23 21:49:24.873  1141  1141 D AOC     : A3:MSG: tmd3733_device.cc, 4358: USF: TMD3733: R/C:0.36 2D->1CD d_lux:10.9 c_lux:11.1/-1.0 c_coeff:0.70/-1.00
01-23 21:49:24.874  1141  1141 D AOC     : A3:MSG: tmd3733_device.cc, 4361: USF: TMD3733:  w:0.65 C:3.75 d_leak:0.1 c_leak:0.0 lux:11.0 leak:0.0
01-23 21:49:24.904  1505 27613 W PointerChoreographer: Invalid device id -1. Cannot set pointer icon.
01-23 21:49:25.035  1505  1960 I InputDispatcher: Canceling stream: last source was MOUSE and new event is MotionEvent
01-23 21:49:25.035  1505  1960 I InputDispatcher: Canceling pointers for device -1 in [Gesture Monitor] Quick Tap with event MotionEvent
01-23 21:49:25.035  1505  1960 W InputDispatcher: channel [Gesture Monitor] Quick Tap~ dropping inconsistent event: DispatchEntry{resolvedMotionFlags=0x0, targetFlags=0x0, transform=transform (ROT_0) (IDENTITY)
01-23 21:49:25.035  1505  1960 W InputDispatcher: } original: MotionEvent
01-23 21:49:25.035  1505  1960 I InputDispatcher: Canceling stream: last source was MOUSE and new event is MotionEvent
01-23 21:49:25.035  1505  1960 I InputDispatcher: Canceling pointers for device -1 in ea29ed0 com.mobileinvoice.ocr/com.mobileinvoice.ocr.MainActivity with event MotionEvent
01-23 21:49:25.035  1505  1960 W InputDispatcher: channel ea29ed0 com.mobileinvoice.ocr/com.mobileinvoice.ocr.MainActivity~ dropping inconsistent event: DispatchEntry{resolvedMotionFlags=0x0, targetFlags=0x0, transform=transform (ROT_0) (IDENTITY)
01-23 21:49:25.035  1505  1960 W InputDispatcher: } original: MotionEvent
01-23 21:49:25.035  1505  1960 I InputDispatcher: Canceling stream: last source was MOUSE and new event is MotionEvent
01-23 21:49:25.035  1505  1960 I InputDispatcher: Canceling pointers for device -1 in [Gesture Monitor] onehanded-touch with event MotionEvent
01-23 21:49:25.035  1505  1960 W InputDispatcher: channel [Gesture Monitor] onehanded-touch~ dropping inconsistent event: DispatchEntry{resolvedMotionFlags=0x0, targetFlags=0x0, transform=transform (ROT_0) (IDENTITY)
01-23 21:49:25.035  1505  1960 W InputDispatcher: } original: MotionEvent
01-23 21:49:25.035  1505  1960 I InputDispatcher: Canceling stream: last source was MOUSE and new event is MotionEvent
01-23 21:49:25.035  1505  1960 I InputDispatcher: Canceling pointers for device -1 in PointerEventDispatcher0 with event MotionEvent
01-23 21:49:25.035  1505  1960 W InputDispatcher: channel PointerEventDispatcher0~ dropping inconsistent event: DispatchEntry{resolvedMotionFlags=0x0, targetFlags=0x0, transform=transform (ROT_0) (IDENTITY)
01-23 21:49:25.035  1505  1960 W InputDispatcher: } original: MotionEvent
01-23 21:49:25.035  7663  7663 D TaskbarManager: dispatchTouchEvent:  displayId=0 isDefaultDisplay=true
01-23 21:49:25.334   895  2698 I bthal.activity: bt_power: LeAdvStat: 21:49:24:202 - 21:49:25:333, duration: 1131, le_adv_count: 4, total_le_adv_count: 580210, total_event_count: 4
01-23 21:49:25.520  1505  3513 W PointerChoreographer: Invalid device id -1. Cannot set pointer icon.
01-23 21:49:25.635  2294  2706 W BluetoothRemoteDevices: Address type mismatch for XX:XX:XX:XX:8D:94, new type: 1
01-23 21:49:25.693   950   950 I WifiHAL : Creating message to get link statistics; iface = 47
01-23 21:49:25.780  2294  2880 I BluetoothAdapterProperties: getBondedDevices: length=6
01-23 21:49:25.783  2294  2880 I BluetoothAdapterProperties: getBondedDevices: length=6
01-23 21:49:25.784   950   950 I WifiHAL : index: 0 per_rate_size 32, data_rem_len 1152
01-23 21:49:25.784   950   950 I WifiHAL : index: 1 per_rate_size 32, data_rem_len 1120
01-23 21:49:25.784   950   950 I WifiHAL : index: 2 per_rate_size 32, data_rem_len 1088
01-23 21:49:25.784   950   950 I WifiHAL : index: 3 per_rate_size 32, data_rem_len 1056
01-23 21:49:25.784   950   950 I WifiHAL : index: 4 per_rate_size 32, data_rem_len 1024
01-23 21:49:25.784   950   950 I WifiHAL : index: 5 per_rate_size 32, data_rem_len 992
01-23 21:49:25.784   950   950 I WifiHAL : index: 6 per_rate_size 32, data_rem_len 960
01-23 21:49:25.784   950   950 I WifiHAL : index: 7 per_rate_size 32, data_rem_len 928
01-23 21:49:25.784   950   950 I WifiHAL : index: 8 per_rate_size 32, data_rem_len 896
01-23 21:49:25.784   950   950 I WifiHAL : index: 9 per_rate_size 32, data_rem_len 864
01-23 21:49:25.784   950   950 I WifiHAL : index: 10 per_rate_size 32, data_rem_len 832
01-23 21:49:25.784   950   950 I WifiHAL : index: 11 per_rate_size 32, data_rem_len 800
01-23 21:49:25.784   950   950 I WifiHAL : index: 12 per_rate_size 32, data_rem_len 768
01-23 21:49:25.784   950   950 I WifiHAL : index: 13 per_rate_size 32, data_rem_len 736
01-23 21:49:25.784   950   950 I WifiHAL : index: 14 per_rate_size 32, data_rem_len 704
01-23 21:49:25.784   950   950 I WifiHAL : index: 15 per_rate_size 32, data_rem_len 672
