01-23 21:59:05.585 22310 22346 I DynamiteModule: Considering local module com.google.android.gms.measurement.dynamite:127 and remote module com.google.android.gms.measurement.dynamite:172
01-23 21:59:05.585 22310 22346 I DynamiteModule: Selected remote version of com.google.android.gms.measurement.dynamite, version >= 172
01-23 21:59:05.585 22310 22346 V DynamiteModule: Dynamite loader version >= 2, using loadModule2NoCrashUtils
01-23 21:59:05.604 22310 22346 W System  : ClassLoader referenced unknown path: 
01-23 21:59:05.604 22310 22346 D nativeloader: Configuring clns-13 for other apk . target_sdk_version=36, uses_libraries=, library_path=/data/app/~~oIPgfxmo41sXiFyVOr4IXA==/com.google.android.gms-2NQ0Rg5npiYY1uRhOqmFDw==/lib/arm64:/data/app/~~oIPgfxmo41sXiFyVOr4IXA==/com.google.android.gms-2NQ0Rg5npiYY1uRhOqmFDw==/base.apk!/lib/arm64-v8a, permitted_path=/data:/mnt/expand:/data/user/0/com.google.android.gms
01-23 21:59:05.613 22310 22349 E FirebaseCrashlytics: Settings request failed.
01-23 21:59:05.625 22310 22357 E ashmem  : Pinning is deprecated since Android Q. Please use trim or other methods.
01-23 21:59:05.627 22310 22346 W turbotax.mobile: ClassLoaderContext classpath size mismatch. expected=1, found=2 (DLC[];PCL[base.apk*3083633597]{PCL[/system/framework/org.apache.http.legacy.jar*2649212039]#PCL[/system/framework/com.android.media.remotedisplay.jar*194659875]#PCL[/system/framework/com.android.location.provider.jar*1911480856]#PCL[/system_ext/framework/androidx.window.extensions.jar*1239105684]#PCL[/system_ext/framework/androidx.window.sidecar.jar*1708923572]} | DLC[];PCL[/data/app/~~nLOReRWw3zc43OpSZ2bxOA==/com.intuit.turbotax.mobile-UElRPwIdsNRfDC14aP1_lw==/base.apk*678706599:/data/app/~~nLOReRWw3zc43OpSZ2bxOA==/com.intuit.turbotax.mobile-UElRPwIdsNRfDC14aP1_lw==/split_videomeetingdfm.apk*3237033846]{PCL[/system/framework/android.test.base.jar*3678173993]#PCL[/system/framework/android.test.mock.jar*2238822412]#PCL[/system/framework/org.apache.http.legacy.jar*2649212039]#PCL[/system/framework/android.test.runner.jar*745743678]{PCL[/system/framework/android.test.base.jar*3678173993]#PCL[/system/framework/android.test.mock.jar*2238822412]}#PCL[/system_ext/framework/com.google.android.camerax.extensions.jar*3438051477]#PCL[/system_ext/framework/androidx.window.extensions.jar*1239105684]#PCL[/system_ext/framework/androidx.window.sidecar.jar*1708923572]})
01-23 21:59:05.640 22310 22310 D FirebaseSessions: Initializing Firebase Sessions SDK.
01-23 21:59:05.643  1505 22308 W CameraService_proxy: Unknown extension type: -1
01-23 21:59:05.672 22310 22310 I FirebaseInitProvider: FirebaseApp initialization successful
01-23 21:59:05.677 22310 22359 I FirebaseCrashlytics: Saved version control info
01-23 21:59:05.686  1505  2071 D BackgroundInstallControlService: Package event received: 0
01-23 21:59:05.705  8934 22259 I PhenotypeResourceReader: unable to find any Phenotype resource metadata for com.intuit.turbotax.mobile
01-23 21:59:05.708 22310 22310 D CompatChangeReporter: Compat change id reported: 279646685; UID 10300; state: ENABLED
01-23 21:59:05.716 22310 22310 D WM-WrkMgrInitializer: Initializing WorkManager with default configuration.
01-23 21:59:05.743 22310 22350 D SessionConfigFetcher: Fetching settings from server.
01-23 21:59:05.748 22310 22349 E SessionConfigFetcher: Error failing to fetch the remote configs: Unable to resolve host "firebase-settings.crashlytics.com": No address associated with hostname
01-23 21:59:05.749 22310 22358 D LifecycleServiceBinder: Binding service to application.
01-23 21:59:05.766 22310 22367 E turbotax.mobile: No package ID 6a found for resource ID 0x6a0b0013.
01-23 21:59:05.767 22310 22367 I FA      : App measurement initialized, version: 148008
01-23 21:59:05.767 22310 22367 I FA      : To enable debug logging run: adb shell setprop log.tag.FA VERBOSE
01-23 21:59:05.767 22310 22367 I FA      : To enable faster debug mode event logging run:
01-23 21:59:05.767 22310 22367 I FA      :   adb shell setprop debug.firebase.analytics.app com.intuit.turbotax.mobile
01-23 21:59:05.798  1505  2071 D BackgroundInstallControlService: Package event received: 0
01-23 21:59:05.803 26218 26218 D BoundBrokerSvc: onBind: Intent { act=com.google.android.gms.measurement.START xflg=0x4 pkg=com.google.android.gms }
01-23 21:59:05.803 26218 26218 D BoundBrokerSvc: Loading bound service for intent: Intent { act=com.google.android.gms.measurement.START xflg=0x4 pkg=com.google.android.gms }
01-23 21:59:05.836 22310 22310 D nativeloader: Load /data/app/~~nLOReRWw3zc43OpSZ2bxOA==/com.intuit.turbotax.mobile-UElRPwIdsNRfDC14aP1_lw==/lib/arm64/libapikeys.so using class loader ns clns-12 (caller=/data/app/~~nLOReRWw3zc43OpSZ2bxOA==/com.intuit.turbotax.mobile-UElRPwIdsNRfDC14aP1_lw==/base.apk!classes7.dex): ok
01-23 21:59:05.839 22310 22310 D ApiKeysNative: Native library loaded successfully: ApiKeys Native Library v1.0
01-23 21:59:05.840 22310 22310 D ApiKeysManager: Using prod Simple Auth key
01-23 21:59:05.840 22310 22310 D ApiKeysManager: Retrieved Simple Auth key successfully for current build variant
01-23 21:59:05.863 22310 22310 D PerformanceTracker: [MAIN-THREAD] Started measuring: app_startup_total at 559616256 ms
01-23 21:59:05.863 22310 22310 D PerformanceTracker: [MAIN-THREAD] Started measuring: time_to_first_draw at 559616259 ms
01-23 21:59:05.863 22310 22310 D PerformanceTracker: [MAIN-THREAD] Started measuring: time_to_interactive at 559616259 ms
01-23 21:59:05.863 22310 22310 D PerformanceTracker: [MAIN-THREAD] Started measuring: component_registration:initialize_components at 559616259 ms
01-23 21:59:05.863 22310 22310 D PerformanceTracker: [MAIN-THREAD] Started measuring: appInitializer_total at 559616260 ms
01-23 21:59:05.863 22310 22310 D PerformanceTracker: [MAIN-THREAD] Started measuring: di_provider_initialization at 559616260 ms
01-23 21:59:05.863 22310 22310 D PerformanceTracker: [MAIN-THREAD] Started measuring: config_loading at 559616260 ms
01-23 21:59:05.863 22310 22310 D PerformanceTracker: [MAIN-THREAD] Started measuring: analytics_initialization at 559616260 ms
01-23 21:59:05.906 22310 22310 D ApiKeysManager: Using prod Simple Auth key
01-23 21:59:05.906 22310 22310 D ApiKeysManager: Retrieved Simple Auth key successfully for current build variant
01-23 21:59:05.912 22310 22310 D ApiKeysManager: Using prod Simple Auth key
01-23 21:59:05.912 22310 22310 D ApiKeysManager: Retrieved Simple Auth key successfully for current build variant
01-23 21:59:05.918 26218 26218 D BoundBrokerSvc: onRebind: Intent { act=com.google.android.gms.appset.service.START dat=chimera-action:/... xflg=0x4 cmp=com.google.android.gms/.chimera.GmsApiService }
01-23 21:59:05.913  1140  1140 W TracingMuxer: type=1400 audit(0.0:99925): avc:  denied  { write } for  name="traced_producer" dev="tmpfs" ino=1291 scontext=u:r:gxp_logging:s0 tcontext=u:object_r:traced_producer_socket:s0 tclass=sock_file permissive=0
01-23 21:59:05.927  1505  2071 D BackgroundInstallControlService: Package event received: 0
01-23 21:59:05.932  1505  6182 D ActivityManager: sync unfroze 20338 com.android.vending for 6
01-23 21:59:05.946  1505 22308 W CameraService_proxy: Unknown extension type: -1
01-23 21:59:05.947 22310 22310 D ApiKeysManager: Using prod Simple Auth key
01-23 21:59:05.947 22310 22310 D ApiKeysManager: Retrieved Simple Auth key successfully for current build variant
01-23 21:59:05.956 20338 20422 I Finsky  : [528] AIM: AppInfoManager-Perf > Destroying AppInfoManager ...
01-23 21:59:05.959 22310 22362 D ApiKeysManager: Using prod Simple Auth key
01-23 21:59:05.959 22310 22362 D ApiKeysManager: Retrieved Simple Auth key successfully for current build variant
01-23 21:59:05.959 20338 20423 I Finsky  : [529] AIM: AppInfoManager-Perf > Destroying AppInfoManager ...
01-23 21:59:05.966  1141  1141 D AOC     : A3:MSG: tmd3733_device.cc, 4358: USF: TMD3733: R/C:0.82 0C->3DC d_lux:5.8 c_lux:10.0/-1.0 c_coeff:0.87/-1.00
01-23 21:59:05.970  1141  1141 D AOC     : A3:MSG: tmd3733_device.cc, 4361: USF: TMD3733:  w:0.70 C:2.75 d_leak:0.4 c_leak:0.0 lux:7.0 leak:0.3
01-23 21:59:06.018 22310 22310 D ApiKeysManager: Using prod Simple Auth key
01-23 21:59:06.018 22310 22310 D ApiKeysManager: Retrieved Simple Auth key successfully for current build variant
01-23 21:59:06.050 22310 22310 D ApiKeysManager: Using prod Simple Auth key
01-23 21:59:06.050 22310 22310 D ApiKeysManager: Retrieved Simple Auth key successfully for current build variant
01-23 21:59:06.053 22310 22310 D ApiKeysManager: Using prod Simple Auth key
01-23 21:59:06.053 22310 22310 D ApiKeysManager: Retrieved Simple Auth key successfully for current build variant
01-23 21:59:06.055 22310 22387 E IBG-Core: Instabug API {APM.startFlow} was called before the SDK is built. To build it, please call Instabug.Builder().build().
01-23 21:59:06.082 22310 22387 E IBG-Core: Instabug API {APM.endFlow} was called before the SDK is built. To build it, please call Instabug.Builder().build().
01-23 21:59:06.114 22310 22310 I Identity/Public/Test: set TestingConfiguration.createTestAccounts = false
01-23 21:59:06.115  1505  1793 V DisplayPowerController[0]: Brightness [0.033800334] reason changing to: 'manual [ dim ]', previous reason: 'manual'.
01-23 21:59:06.115 22310 22310 I Identity/Public/Test: set TestingConfiguration.enableIntuitTestRequestHeader = false
01-23 21:59:06.115  1505  1793 I DisplayPowerController[0]: BrightnessEvent: brt=0.033800334(39.0%), nits=62.41263, lux=-1.0, reason=manual [ dim ], strat=FallbackBrightnessStrategy, state=ON, stateReason=DEFAULT_POLICY, policy=DIM, flags=, initBrt=0.07380033, rcmdBrt=NaN, preBrt=NaN, preLux=0.0, wasShortTermModelActive=false, autoBrightness=false (default), unclampedBrt=0.07380033, hbmMax=0.67, hbmMode=off, thrmMax=1.0, rbcStrength=35, powerFactor=1.0, physDisp=Built-in Screen(local:4619827677550801152), logicalId=0, slowChange=false, rampSpeed=0.7047244
01-23 21:59:06.117  1505  1793 I DisplayPowerController[18]: BrightnessEvent: brt=0.0(0.0%), nits=-1.0, lux=-1.0, reason=manual, strat=FallbackBrightnessStrategy, state=ON, stateReason=DEFAULT_POLICY, policy=DIM, flags=, initBrt=0.0, rcmdBrt=NaN, preBrt=NaN, preLux=0.0, wasShortTermModelActive=false, autoBrightness=false (default), unclampedBrt=0.0, hbmMax=1.0, hbmMode=off, thrmMax=1.0, rbcStrength=-1, powerFactor=1.0, physDisp=scrcpy(virtual:com.android.shell,2000,scrcpy,16), logicalId=18, slowChange=false, rampSpeed=0.0
01-23 21:59:06.128  1141  1141 D AOC     : A3:MSG: vsc_controller.cc, 602: VSC: [Step Counter] stopSensorEvents: sensor 0x20002
01-23 21:59:06.129  2424  2990 I PixelDisplayManager: onDisplayChanged(Built-in Screen, 0, local:4619827677550801152): screenOn=true, hbmMode=0, br=0.033800334, product=DeviceProductInfo{name=Common Panel, manufacturerPnpId=GGL, productId=0, modelYear=null, manufactureDate=ManufactureDate{week=1, year=1990}, connectionToSinkType=1}
01-23 21:59:06.130  1141  1141 D AOC     : A3:MSG: vsc_controller.cc, 584: VSC: [Step Counter] requestSensorEvents: sensor 0x10001, period=20 latency=1000ms.
01-23 21:59:06.135   511  3652 I hwc-display: path=drm, id=0, level=1241, nits=128.660721, brightness=0.070833, DimmingOn=0, Hbm=0, LhbmOn=0, OpRate=0
01-23 21:59:06.140  1141  1141 D AOC     : A3:MSG: lsm6dsv_device.cc, 732: USF: Lsm6dsvDevice: Sensor 3: Enabled 0, odr_index 0, period_ns 0.
01-23 21:59:06.140  1141  1141 D AOC     : A3:MSG: lsm6dsv_fifo.cc, 755: USF: Lsm6dsvFifo: ODR: XL/G/T/TS: 60/60/15/7 WM: 6 Intr: 24.
01-23 21:59:06.140  1141  1141 D AOC     : A3:MSG: lsm6dsv_device.cc, 641: USF: Lsm6dsvDevice: Fifo was disabled for 682455ns.
01-23 21:59:06.140  1141  1141 D AOC     : A3:MSG: usf_sensor.cc, 1784: USF: Received start sampling request for LSM6DSV Accelerometer (active:5).
01-23 21:59:06.140  1141  1141 D AOC     : A3:MSG: usf_sensor.cc, 1792: USF: Received stop sampling request for LSM6DSV Motion Detect (active:-1).
01-23 21:59:06.140  1141  1141 D AOC     : A3:MSG: vsc_controller.cc, 602: VSC: [Significant Motion] stopSensorEvents: sensor 0x20002
01-23 21:59:06.140  1141  1141 D AOC     : A3:MSG: usf_sensor.cc, 2354: USF: Sampling configuration 88375 not found.
01-23 21:59:06.140  1141  1141 D AOC     : A3:MSG: vsc_controller.cc, 584: VSC: [Significant Motion] requestSensorEvents: sensor 0x10001, period=20 latency=3200m
01-23 21:59:06.140  1141  1141 D AOC     : A3:MSG: usf_sensor_client.cc, 173: USF: Received kErrNotFound when disabling one shot sensor.
01-23 21:59:06.141  1141  1141 D AOC     : A3:MSG: usf_sensor.cc, 1784: USF: Received start sampling request for LSM6DSV Stationary Detect (active:1).
01-23 21:59:06.141  1141  1141 D AOC     : A3:MSG: lsm6dsv_device.cc, 732: USF: Lsm6dsvDevice: Sensor 4: Enabled 1, odr_index 1, period_ns 500000000.
01-23 21:59:06.141   902   940 I CHRE    : @ 559618.761: [AR] IDLE => ON
01-23 21:59:06.144 22310 22310 I Identity/Risk/ThreatMetrix: Beginning ThreatMetrix initialization
01-23 21:59:06.145  1141  1141 D AOC     : A3:MSG: lsm6dsv_fifo.cc, 755: USF: Lsm6dsvFifo: ODR: XL/G/T/TS: 60/60/15/7 WM: 6 Intr: 24.
01-23 21:59:06.145  1141  1141 D AOC     : A3:MSG: lsm6dsv_device.cc, 641: USF: Lsm6dsvDevice: Fifo was disabled for 1086345ns.
01-23 21:59:06.145  1141  1141 D AOC     : A3:MSG: motion_state_sensor.cc, 328: USF: MoSt: StationaryDetect sampling started with sampling ID 88388.
01-23 21:59:06.145  1141  1141 D AOC     : A3:MSG: usf_sensor.cc, 1784: USF: Received start sampling request for LSM6DSV Accelerometer (active:6).
01-23 21:59:06.148  1141  1141 D AOC     : A3:MSG: lsm6dsv_device.cc, 732: USF: Lsm6dsvDevice: Sensor 0: Enabled 1, odr_index 5, period_ns 20000000.
01-23 21:59:06.148  1141  1141 D AOC     : A3:MSG: lsm6dsv_fifo.cc, 755: USF: Lsm6dsvFifo: ODR: XL/G/T/TS: 60/60/15/7 WM: 6 Intr: 24.
01-23 21:59:06.148  1141  1141 D AOC     : A3:MSG: lsm6dsv_device.cc, 641: USF: Lsm6dsvDevice: Fifo was disabled for 404948ns.
01-23 21:59:06.149  1141  1141 D AOC     : A3:MSG: usf_sensor.cc, 1784: USF: Received start sampling request for LSM6DSV Accelerometer (active:6).
01-23 21:59:06.151   511  3652 I hwc-display: path=drm, id=0, level=1211, nits=122.279243, brightness=0.067264, DimmingOn=0, Hbm=0, LhbmOn=0, OpRate=0
01-23 21:59:06.154  1141  1141 D AOC     : A3:MSG: usf_sensor.cc, 1784: USF: Received start sampling request for LSM6DSV Accelerometer (active:7).
01-23 21:59:06.154  1141  1141 D AOC     : A3:MSG: lsm6dsv_device.cc, 732: USF: Lsm6dsvDevice: Sensor 0: Enabled 1, odr_index 8, period_ns 2500000.
01-23 21:59:06.155  1141  1141 D AOC     : A3:MSG: lsm6dsv_fifo.cc, 755: USF: Lsm6dsvFifo: ODR: XL/G/T/TS: 480/60/15/60 WM: 37 Intr: 17.
01-23 21:59:06.156  1141  1141 D AOC     : A3:MSG: lsm6dsv_device.cc, 641: USF: Lsm6dsvDevice: Fifo was disabled for 1088420ns.
01-23 21:59:06.158  1141  1141 D AOC     : A3:MSG: usf_sensor.cc, 1784: USF: Received start sampling request for LSM6DSV Gyroscope (active:2).
01-23 21:59:06.159  1141  1141 D AOC     : A3:MSG: lsm6dsv_device.cc, 732: USF: Lsm6dsvDevice: Sensor 1: Enabled 1, odr_index 8, period_ns 2500000.
01-23 21:59:06.160   511  3652 I hwc-display: path=drm, id=0, level=1197, nits=119.150375, brightness=0.065514, DimmingOn=0, Hbm=0, LhbmOn=0, OpRate=0
01-23 21:59:06.160  1141  1141 D AOC     : A3:MSG: lsm6dsv_fifo.cc, 755: USF: Lsm6dsvFifo: ODR: XL/G/T/TS: 480/480/15/60 WM: 65 Intr: 16.
01-23 21:59:06.161  1141  1141 D AOC     : A3:MSG: lsm6dsv_device.cc, 641: USF: Lsm6dsvDevice: Fifo was disabled for 790120ns.
01-23 21:59:06.164  1141  1141 D AOC     : A3:MSG: usf_sensor.cc, 1784: USF: Received start sampling request for LSM6DSV Stationary Detect (active:2).
01-23 21:59:06.165 22310 22397 I c.t.tdm.bbwbbwb: Failed to load module (TMXModuleInitializerInterface): java.util.ServiceConfigurationError: com.lexisnexisrisk.threatmetrix.TMXModuleInitializerInterface: Provider com.lexisnexisrisk.threatmetrix.TMXAuthenticationInitializer not found
01-23 21:59:06.167  1141  1141 D AOC     : A3:MSG: tmd3733_device.cc, 3249: USF: TMD3733: dbv:1211 luma:123 leak:0.43/0.00 rr:120 te2:0 status:1 op_hz:0[0]
01-23 21:59:06.168  1141  1141 D AOC     : A3:MSG: usf_sensor.cc, 1784: USF: Received start sampling request for LSM6DSV FreeFall Detect (active:1).
01-23 21:59:06.168   902   940 I CHRE    : @ 559618.795: Received a sampling status update for one shot sensor LSM6DSV Stationary Detect
01-23 21:59:06.169 22310 22397 I c.t.tdm.bbwbbwb: Failed to load module (TMXModuleInitializerInterface): java.util.ServiceConfigurationError: com.lexisnexisrisk.threatmetrix.TMXModuleInitializerInterface: Provider com.lexisnexisrisk.threatmetrix.TMXBehavioSecInitializer not found
01-23 21:59:06.169  1141  1141 D AOC     : A3:MSG: lsm6dsv_device.cc, 732: USF: Lsm6dsvDevice: Sensor 5: Enabled 1, odr_index 2, period_ns 500000000.
01-23 21:59:06.170  1141  1141 D AOC     : A3:MSG: lsm6dsv_fifo.cc, 755: USF: Lsm6dsvFifo: ODR: XL/G/T/TS: 480/480/15/60 WM: 65 Intr: 16.
01-23 21:59:06.171  1141  1141 D AOC     : A3:MSG: lsm6dsv_device.cc, 641: USF: Lsm6dsvDevice: Fifo was disabled for 802165ns.
01-23 21:59:06.172 22310 22397 I c.t.tdm.bbwbbwb: Failed to load module (TMXModuleInitializerInterface): java.util.ServiceConfigurationError: com.lexisnexisrisk.threatmetrix.TMXModuleInitializerInterface: Provider com.lexisnexisrisk.threatmetrix.TMXDeviceSecurityHealthInitializer not found
01-23 21:59:06.175   902   940 D CHRE.HAL: Received a nanoapp message from 0x476f6f676c001016 endpoint 0x4: Type 0x8003 size 1 
01-23 21:59:06.177   902   940 D CHRE.HAL: Received a nanoapp message from 0x476f6f676c001019 endpoint 0x3: Type 0x1f4 size 12 
01-23 21:59:06.177   511  3652 I hwc-display: path=drm, id=0, level=1170, nits=113.231064, brightness=0.062204, DimmingOn=0, Hbm=0, LhbmOn=0, OpRate=0
01-23 21:59:06.177   902   940 D CHRE.HAL: Received a nanoapp message from 0x476f6f676c001019 endpoint 0x3: Type 0x1f4 size 12 
01-23 21:59:06.178   902   940 I CHRE    : @ 559618.803: Received a sampling status update for one shot sensor LSM6DSV FreeFall Detect
01-23 21:59:06.178 22310 22397 I c.t.tdm.bbwbbwb: Failed to load module (TMXModuleInitializerInterface): java.util.ServiceConfigurationError: com.lexisnexisrisk.threatmetrix.TMXModuleInitializerInterface: Provider com.lexisnexisrisk.threatmetrix.TMXSensorsInitializer not found
01-23 21:59:06.185   511  3652 I hwc-display: path=drm, id=0, level=1156, nits=110.227531, brightness=0.060524, DimmingOn=0, Hbm=0, LhbmOn=0, OpRate=0
01-23 21:59:06.186   950   950 I vendor.google.wifi_ext-service-vendor: Wifi: Setting SAR Scenario to 3
01-23 21:59:06.186   950   950 E WifiHAL : wifi_select_tx_power_scenario
01-23 21:59:06.195 22310 22310 I c.t.tdm.ggnnngg: Starting init()
01-23 21:59:06.195  2338  2338 D GRIL-S  : [11617]> UPDATE_DEVICE_STATE DeviceState: Usb:1, Wifi: 1, Wifi AP: 0, Earpiece: 0, Bluetooth: 1, Wireless charging: 0, Screen: 1, Camera: 0, 0, -, -, Motion: 1, Bluetooth tethering: 0, Voice: 0, Wifi 2.4G: 0, Radio: 1, Bluetooth connected: 0, Bluetooth media: 0, Wifi Band: 2, Wifi AP Band: 0, Wifi call: 0, mmWave: 0, mCellBackhaul: 0, mHallSensor: 0, mDozeStatus: 1, mAppClassInfo: 0, mWifiCapSensorStatus: 0, mCellCapSensorStatus: 0, mBesideHeadHandStatus: 0, mSpeakerStatus: 0, mProtectiveCaseStatus: 0, mWifiSettingStatus: 0, mGpsStatus: 0
01-23 21:59:06.198 22310 22310 I c.t.tdm.bbbwbww: Getting SHA1 digest
01-23 21:59:06.198 22310 22310 I c.t.tdm.bbbwbww: Getting MD5 digest
01-23 21:59:06.198 22310 22310 I c.t.tdm.bbbwbww: Getting SHA256 digest
01-23 21:59:06.199 22310 22401 I c.t.tdm.ggnnngg: Doing slow init stuff
01-23 21:59:06.199 22310 22310 I Identity/Risk/ThreatMetrix: ThreatMetrix initialization completed
01-23 21:59:06.201   511  3652 I hwc-display: path=drm, id=0, level=1128, nits=104.343826, brightness=0.057233, DimmingOn=0, Hbm=0, LhbmOn=0, OpRate=0
01-23 21:59:06.209   511  3652 I hwc-display: path=drm, id=0, level=1114, nits=101.463615, brightness=0.055622, DimmingOn=0, Hbm=0, LhbmOn=0, OpRate=0
01-23 21:59:06.224  1141  1141 D AOC     : A3:MSG: tmd3733_device.cc, 3249: USF: TMD3733: dbv:1114 luma:123 leak:0.32/0.00 rr:120 te2:0 status:1 op_hz:0[1]
01-23 21:59:06.226   511  3652 I hwc-display: path=drm, id=0, level=1085, nits=95.803535, brightness=0.052457, DimmingOn=0, Hbm=0, LhbmOn=0, OpRate=0
01-23 21:59:06.228  1141  1141 D AOC     : A3:MSG: tmd3733_device.cc, 3186: USF: TMD3733: vsync_delay_usec: 5800
01-23 21:59:06.228 22310 22401 D nativeloader: Load /data/app/~~nLOReRWw3zc43OpSZ2bxOA==/com.intuit.turbotax.mobile-UElRPwIdsNRfDC14aP1_lw==/lib/arm64/libTMXProfiling-7.7-71-jni.so using class loader ns clns-12 (caller=/data/app/~~nLOReRWw3zc43OpSZ2bxOA==/com.intuit.turbotax.mobile-UElRPwIdsNRfDC14aP1_lw==/base.apk!classes10.dex): ok
01-23 21:59:06.229 22310 22401 I c.t.tdm.bwbwbwb: lib available 
01-23 21:59:06.229 22310 22401 W c.t.tdm.ggnnngg: Native libs: available
01-23 21:59:06.234   511  3652 I hwc-display: path=drm, id=0, level=1071, nits=93.025520, brightness=0.050903, DimmingOn=0, Hbm=0, LhbmOn=0, OpRate=0
01-23 21:59:06.239  2338  3088 D GRIL-S  : [11617]< UPDATE_DEVICE_STATE 
01-23 21:59:06.239 22310 22403 I Authorization: No old data to migrate
01-23 21:59:06.242  2338  2338 D GRIL-BluetoothSar: setBluetoothModeBasedTxPowerCap invoked with parameters: chain0Cap:[56, 56, 56, 56] chain1Cap:[56, 56, 56, 56] beamformingCap:[56, 56, 56, 56, 56, 56, 56, 56]
01-23 21:59:06.242   895   962 I bthal.aidl.sar: setBluetoothModeBasedTxPowerCapPlusHR: 0 Chain 0 Power Cap:<br=56, edr=56, ble=56, hr=56>, Chain 1 Power Cap:<br=56, edr=56, ble=56, hr=56>, Beamforming Power Cap Chain 0: <br=56, edr=56, ble=56, hr=56>, Chain 1:<br=56, edr=56, ble=56, hr=56>
01-23 21:59:06.250 22310 22401 I c.t.tdm.ggnnngg: init completed successfully
01-23 21:59:06.252   511  3652 I hwc-display: path=drm, id=0, level=1042, nits=87.626862, brightness=0.047884, DimmingOn=0, Hbm=0, LhbmOn=0, OpRate=0
01-23 21:59:06.255   895  1799 I bthal.aidl.sar: OnEventReceive: (1) Recv Success VSE <[8]{14, 6, 1, 105, 254, 0, 15, 1}>
01-23 21:59:06.255   895  1799 I bthal.flowcontrol: HciEventPreProcess: HCI Event 0xe Opcode 0xfe69 Length 8 handled by bthal.aidl.sar
01-23 21:59:06.260   511  3652 I hwc-display: path=drm, id=0, level=1027, nits=84.979340, brightness=0.046403, DimmingOn=0, Hbm=0, LhbmOn=0, OpRate=0
01-23 21:59:06.276   511   605 I hwc-display: path=drm, id=0, level=998, nits=79.827454, brightness=0.043522, DimmingOn=0, Hbm=0, LhbmOn=0, OpRate=0
01-23 21:59:06.283  1141  1141 D AOC     : A3:MSG: tmd3733_device.cc, 3249: USF: TMD3733: dbv:1027 luma:123 leak:0.22/0.00 rr:120 te2:0 status:1 op_hz:0[0]
01-23 21:59:06.285   511  3652 I hwc-display: path=drm, id=0, level=983, nits=77.313942, brightness=0.042116, DimmingOn=0, Hbm=0, LhbmOn=0, OpRate=0
01-23 21:59:06.292   505   615 D DisplayModeController: setDesiredMode 4619827677550801152 {mode={fps=60.00 Hz, modePtr={id=0, vsyncRate=60.00 Hz, peakRefreshRate=60.00 Hz}}, emitEvent=false, force=false}
01-23 21:59:06.295 22310 22310 I Authorization: AuthorizationClient<init> - androidContext: 'com.intuit.turbotaxuniversal.TurboTaxUniversalApp@cf79d09' envType: 'prodtax' appToken: 'prdatnresQFNezuiBH1nem4yfBIcOykQTSEVd6kN' authorizedIdentitySlot: '0' offeringId: 'intuit.cg.turbotax_universal_android' assetId: '5333405450904137335' testingConfiguration: 'com.intuit.identity.IdentityConfiguration$TestingConfiguration@7b3ec94'
01-23 21:59:06.302   511  3652 I hwc-display: path=drm, id=0, level=955, nits=72.414917, brightness=0.039376, DimmingOn=0, Hbm=0, LhbmOn=0, OpRate=0
01-23 21:59:06.302   511  3652 D hwc-display: setActiveConfigWithConstraints:: PrimaryDisplay config(36) test(0)
01-23 21:59:06.302   511  3652 I hwc-display: [PrimaryDisplay] setActiveConfigWithConstraints: config(36)
01-23 21:59:06.303 22310 22382 I Authorization: lockDurationInSeconds=120; timeLocked=Fri Jan 16 09:33:53 CST 2026; timeNow=Fri Jan 23 21:59:06 CST 2026
01-23 21:59:06.309  1141  1141 D AOC     : A3:MSG: tmd3733_device.cc, 3249: USF: TMD3733: dbv:983 luma:123 leak:0.17/0.00 rr:60 te2:0 status:1 op_hz:0[1]
01-23 21:59:06.309  1141  1141 D AOC     : A3:MSG: tmd3733_device.cc, 3186: USF: TMD3733: vsync_delay_usec: 13000
01-23 21:59:06.310   511  3652 I hwc-display: path=drm, id=0, level=941, nits=70.050468, brightness=0.038054, DimmingOn=0, Hbm=0, LhbmOn=0, OpRate=0
01-23 21:59:06.335   511  3652 I hwc-display: path=drm, id=0, level=912, nits=65.402084, brightness=0.035454, DimmingOn=0, Hbm=0, LhbmOn=0, OpRate=0
01-23 21:59:06.345 22310 22310 I Authorization: startAppSession -
01-23 21:59:06.351   511  3652 I hwc-display: path=drm, id=0, level=893, nits=62.444824, brightness=0.033800, DimmingOn=0, Hbm=0, LhbmOn=0, OpRate=0
01-23 21:59:06.352  1505 22308 W CameraService_proxy: Unknown extension type: -1
01-23 21:59:06.355 22310 22310 D ReliableTransmission: dbEncryption is defaulting to True or is set True with feature flag DATABASE_ENCRYPTION_FOR_RELIABLE_TRANSMISSION
01-23 21:59:06.356   511  3652 I hwc-display: path=sysfs, id=0, level=893, nits=62.444824, brightness=0.033800, DimmingOn=0, Hbm=0, LhbmOn=0, OpRate=0
01-23 21:59:06.359  1141  1141 D AOC     : A3:MSG: tmd3733_device.cc, 3249: USF: TMD3733: dbv:893 luma:123 leak:0.36/0.00 rr:60 te2:0 status:1 op_hz:0[1]
01-23 21:59:06.360  1141  1141 D AOC     : A3:MSG: tmd3733_device.cc, 3186: USF: TMD3733: vsync_delay_usec: 12100
01-23 21:59:06.361  3061  3069 W pixelstats-vendor: Thread Pool max thread count is 0. Cannot cache binder as linkToDeath cannot be implemented. serviceName: android.frameworks.stats.IStats/default
01-23 21:59:06.383   902   940 D CHRE.HAL: Received a nanoapp message from 0x476f6f676c001019 endpoint 0x3: Type 0x1f4 size 12 
01-23 21:59:06.390   902   940 D CHRE.HAL: Received a nanoapp message from 0x476f6f676c001019 endpoint 0x3: Type 0x1f4 size 12 
01-23 21:59:06.392 22310 22310 D nativeloader: Load /data/app/~~nLOReRWw3zc43OpSZ2bxOA==/com.intuit.turbotax.mobile-UElRPwIdsNRfDC14aP1_lw==/lib/arm64/libsqlcipher.so using class loader ns clns-12 (caller=/data/app/~~nLOReRWw3zc43OpSZ2bxOA==/com.intuit.turbotax.mobile-UElRPwIdsNRfDC14aP1_lw==/base.apk!classes14.dex): ok
01-23 21:59:06.400 22310 22310 D ApiKeysManager: Using prod Simple Auth key
01-23 21:59:06.400 22310 22310 D ApiKeysManager: Retrieved Simple Auth key successfully for current build variant
01-23 21:59:06.450 22310 22387 E IBG-Core: Instabug API {APM.startFlow} was called before the SDK is built. To build it, please call Instabug.Builder().build().
01-23 21:59:06.453  1505 22308 W CameraService_proxy: Unknown extension type: -1
01-23 21:59:06.461 22310 22387 E IBG-Core: Instabug API {APM.endFlow} was called before the SDK is built. To build it, please call Instabug.Builder().build().
01-23 21:59:06.466 22310 22310 D ApiKeysManager: Using prod Simple Auth key
01-23 21:59:06.466 22310 22310 D ApiKeysManager: Retrieved Simple Auth key successfully for current build variant
01-23 21:59:06.471 22310 22310 D ApiKeysManager: Using prod Simple Auth key
01-23 21:59:06.471 22310 22310 D ApiKeysManager: Retrieved Simple Auth key successfully for current build variant
01-23 21:59:06.472 22310 22310 D ApiKeysManager: Using prod Simple Auth key
01-23 21:59:06.472 22310 22310 D ApiKeysManager: Retrieved Simple Auth key successfully for current build variant
01-23 21:59:06.472 22310 22310 D ApiKeysManager: Using prod Simple Auth key
01-23 21:59:06.472 22310 22310 D ApiKeysManager: Retrieved Simple Auth key successfully for current build variant
01-23 21:59:06.473 22310 22310 D ApiKeysManager: Using prod Simple Auth key
01-23 21:59:06.473 22310 22310 D ApiKeysManager: Retrieved Simple Auth key successfully for current build variant
01-23 21:59:06.474 22310 22310 D ApiKeysManager: Using prod Simple Auth key
01-23 21:59:06.474 22310 22310 D ApiKeysManager: Retrieved Simple Auth key successfully for current build variant
01-23 21:59:06.474 22310 22310 D ApiKeysManager: Using prod Simple Auth key
01-23 21:59:06.474 22310 22310 D ApiKeysManager: Retrieved Simple Auth key successfully for current build variant
01-23 21:59:06.485   902   940 D CHRE.HAL: Received a nanoapp message from 0x476f6f676c001019 endpoint 0x3: Type 0x1f4 size 12 
01-23 21:59:06.489 22310 22310 D ApiKeysManager: Using prod Simple Auth key
01-23 21:59:06.489 22310 22310 D ApiKeysManager: Retrieved Simple Auth key successfully for current build variant
01-23 21:59:06.489 22310 22310 D ApiKeysManager: Using prod Simple Auth key
01-23 21:59:06.489 22310 22310 D ApiKeysManager: Retrieved Simple Auth key successfully for current build variant
01-23 21:59:06.492   902   940 D CHRE.HAL: Received a nanoapp message from 0x476f6f676c001019 endpoint 0x3: Type 0x1f4 size 12 
01-23 21:59:06.523 22310 22310 I WebViewFactory: Loading com.google.android.webview version 143.0.7499.192 (code 749919233)
01-23 21:59:06.528 22310 22310 V ResourcesManager: The following library key has been added: ResourcesKey{ mHash=993c1147 mResDir=null mSplitDirs=[] mOverlayDirs=[] mLibDirs=[/data/app/~~L-5f8sXCNdAYxOGULAO7Kw==/com.google.android.webview-aVFqCuqr6O59bU7qLkmZ7w==/base.apk,/data/app/~~4ct-Geoqjodcho9csHVrTA==/com.google.android.trichromelibrary_749919233-2TsLkJU1HlI5WBPPHRvE2A==/base.apk,/system_ext/framework/androidx.window.extensions.jar] mDisplayId=0 mOverrideConfig=v36 mCompatInfo={420dpi always-compat} mLoaders=[]}
01-23 21:59:06.530 22310 22310 W turbotax.mobile: Failed to find entry 'classes.dex': Entry not found
01-23 21:59:06.531 22310 22310 D nativeloader: Configuring clns-14 for other apk /data/app/~~4ct-Geoqjodcho9csHVrTA==/com.google.android.trichromelibrary_749919233-2TsLkJU1HlI5WBPPHRvE2A==/base.apk. target_sdk_version=36, uses_libraries=ALL, library_path=/data/app/~~L-5f8sXCNdAYxOGULAO7Kw==/com.google.android.webview-aVFqCuqr6O59bU7qLkmZ7w==/lib/arm64:/data/app/~~L-5f8sXCNdAYxOGULAO7Kw==/com.google.android.webview-aVFqCuqr6O59bU7qLkmZ7w==/base.apk!/lib/arm64-v8a:/data/app/~~4ct-Geoqjodcho9csHVrTA==/com.google.android.trichromelibrary_749919233-2TsLkJU1HlI5WBPPHRvE2A==/base.apk!/lib/arm64-v8a, permitted_path=/data:/mnt/expand
01-23 21:59:06.532 22310 22310 D ApplicationLoaders: Returning zygote-cached class loader: /system_ext/framework/androidx.window.extensions.jar
01-23 21:59:06.537 22310 22310 D nativeloader: Configuring clns-15 for other apk /data/app/~~L-5f8sXCNdAYxOGULAO7Kw==/com.google.android.webview-aVFqCuqr6O59bU7qLkmZ7w==/base.apk. target_sdk_version=36, uses_libraries=, library_path=/data/app/~~L-5f8sXCNdAYxOGULAO7Kw==/com.google.android.webview-aVFqCuqr6O59bU7qLkmZ7w==/lib/arm64:/data/app/~~L-5f8sXCNdAYxOGULAO7Kw==/com.google.android.webview-aVFqCuqr6O59bU7qLkmZ7w==/base.apk!/lib/arm64-v8a:/data/app/~~4ct-Geoqjodcho9csHVrTA==/com.google.android.trichromelibrary_749919233-2TsLkJU1HlI5WBPPHRvE2A==/base.apk!/lib/arm64-v8a, permitted_path=/data:/mnt/expand
01-23 21:59:06.554  1505 22308 W CameraService_proxy: Unknown extension type: -1
01-23 21:59:06.560  1141  1141 D AOC     : A3:MSG: tmd3733_device.cc, 3051: USF: TMD3733: [ALS]sync_delay_adjustment: 1300000
01-23 21:59:06.590   902   940 D CHRE.HAL: Received a nanoapp message from 0x476f6f676c001019 endpoint 0x3: Type 0x1f4 size 12 
01-23 21:59:06.597   902   940 D CHRE.HAL: Received a nanoapp message from 0x476f6f676c001019 endpoint 0x3: Type 0x1f4 size 12 
01-23 21:59:06.609 22310 22310 I cr_WVCFactoryProvider: version=143.0.7499.192 (749919233) minSdkVersion=29 multiprocess=true packageId=2 splits=config.arm64_v8a,config.en,config.xxhdpi,videomeetingdfm,videomeetingdfm.config.arm64_v8a,videomeetingdfm.config.xxhdpi
01-23 21:59:06.615 22310 22310 D nativeloader: Load /data/app/~~4ct-Geoqjodcho9csHVrTA==/com.google.android.trichromelibrary_749919233-2TsLkJU1HlI5WBPPHRvE2A==/base.apk!/lib/arm64-v8a/libmonochrome_64.so using class loader ns clns-15 (caller=/data/app/~~L-5f8sXCNdAYxOGULAO7Kw==/com.google.android.webview-aVFqCuqr6O59bU7qLkmZ7w==/base.apk): ok
01-23 21:59:06.618 22310 22310 D nativeloader: Load /system/lib64/libwebviewchromium_plat_support.so using class loader ns clns-15 (caller=/data/app/~~L-5f8sXCNdAYxOGULAO7Kw==/com.google.android.webview-aVFqCuqr6O59bU7qLkmZ7w==/base.apk): ok
01-23 21:59:06.624 22310 22428 I chromium: [0123/215906.623880:INFO:android_webview/browser/variations/variations_seed_loader.cc:67] Failed to open file for reading.: No such file or directory (2)
01-23 21:59:06.633  1505 27845 V GrammaticalInflectionUtils: AttributionSource: android.content.AttributionSource@2805673d does not have READ_SYSTEM_GRAMMATICAL_GENDER permission.
01-23 21:59:06.633  1505  2071 D BackgroundInstallControlService: Package event received: 0
01-23 21:59:06.634  1505  2071 D BackgroundInstallControlService: Package event received: 0
01-23 21:59:06.637 22310 22310 I cr_LibraryLoader: Successfully loaded native library
01-23 21:59:06.639 22310 22310 I cr_CachingUmaRecorder: Flushed 18 samples from 18 histograms, 0 samples were dropped.
01-23 21:59:06.646   874   874 D Zygote  : Forked child process 22436
01-23 21:59:06.646  1505  1740 I ActivityManager: Start proc 22436:com.google.android.webview:webview_service/u0a207 for service {com.google.android.webview/org.chromium.android_webview.services.VariationsSeedServer}
01-23 21:59:06.659 22436 22436 W zygote64: Activation of cgroup controller +memory failed in path /sys/fs/cgroup/apps/uid_10207: Invalid argument
01-23 21:59:06.663 22436 22436 I Zygote  : Process 22436 crated for com.google.android.webview:webview_service
01-23 21:59:06.663 22436 22436 I webview_service: Using CollectorTypeCMC GC.
01-23 21:59:06.669  2294  2706 W BluetoothRemoteDevices: Address type mismatch for XX:XX:XX:XX:8F:E2, new type: 1
01-23 21:59:06.670 22436 22436 D nativeloader: Load libframework-connectivity-tiramisu-jni.so using APEX ns com_android_tethering for caller /apex/com.android.tethering/javalib/framework-connectivity-t.jar: ok
01-23 21:59:06.676 22310 22310 I KVA/Tracker: Tracker: Kochava Diagnostic - Host called API: Register Deeplink Wrapper Domain setting ablink.em1.turbotax.intuit.com
01-23 21:59:06.677 22310 22310 I PerformanceTracker: [MAIN-THREAD] analytics_initialization took 813ms
01-23 21:59:06.677 22310 22310 I PerformanceTracker: [MAIN-THREAD] config_loading took 814ms
01-23 21:59:06.677 22310 22310 I PerformanceTracker: [MAIN-THREAD] di_provider_initialization took 814ms
01-23 21:59:06.677 22310 22310 I PerformanceTracker: [MAIN-THREAD] appInitializer_total took 814ms
01-23 21:59:06.677 22310 22310 I PerformanceTracker: [MAIN-THREAD] component_registration:initialize_components took 815ms
01-23 21:59:06.677 22310 22310 D PerformanceTracker: [MAIN-THREAD] Started measuring: initPlayerHermes at 559617074 ms
01-23 21:59:06.678 22310 22310 W SoLoader: Initializing SoLoader: 0
01-23 21:59:06.678 22310 22310 W SoLoader: SoLoader initialized: 0
01-23 21:59:06.678  1505 27845 D CompatChangeReporter: Compat change id reported: 297989574; UID 10300; state: ENABLED
01-23 21:59:06.678  1505 27845 D ConnectivityService: Returning BLOCKED NetworkInfo to uid=10300
01-23 21:59:06.679 22310 22310 I PerformanceTracker: [MAIN-THREAD] initPlayerHermes took 2ms
01-23 21:59:06.683 22310 22310 I Choreographer: Skipped 115 frames!  The application may be doing too much work on its main thread.
01-23 21:59:06.685 22310 22378 I Authorization: canAttemptWebToAppSignIn -
01-23 21:59:06.685 22310 22310 D ApiKeysManager: Using prod Instabug key
01-23 21:59:06.685 22310 22310 D ApiKeysManager: Retrieved Instabug API key successfully for current build variant
01-23 21:59:06.685 22310 22310 D PerformanceTracker: [MAIN-THREAD] Started measuring: instabug_init_time at 559617082 ms
01-23 21:59:06.686 22310 22454 D ApiKeysManager: Using prod Simple Auth key
01-23 21:59:06.686 22310 22454 D ApiKeysManager: Retrieved Simple Auth key successfully for current build variant
01-23 21:59:06.686 22310 22454 I KVA/Tracker: Tracker: Kochava Diagnostic - Host called API: Sleep Start
01-23 21:59:06.686 22436 22436 W webview_service: Failed to find entry 'classes.dex': Entry not found
01-23 21:59:06.686 22310 22454 I KVA/Tracker: Tracker: Kochava Diagnostic - Host called API: Start With App GUID koty25-turbotax-android-live-wowl
01-23 21:59:06.687 22436 22436 D nativeloader: Configuring clns-9 for other apk /data/app/~~4ct-Geoqjodcho9csHVrTA==/com.google.android.trichromelibrary_749919233-2TsLkJU1HlI5WBPPHRvE2A==/base.apk. target_sdk_version=36, uses_libraries=ALL, library_path=/data/app/~~L-5f8sXCNdAYxOGULAO7Kw==/com.google.android.webview-aVFqCuqr6O59bU7qLkmZ7w==/lib/arm64:/data/app/~~L-5f8sXCNdAYxOGULAO7Kw==/com.google.android.webview-aVFqCuqr6O59bU7qLkmZ7w==/base.apk!/lib/arm64-v8a:/data/app/~~4ct-Geoqjodcho9csHVrTA==/com.google.android.trichromelibrary_749919233-2TsLkJU1HlI5WBPPHRvE2A==/base.apk!/lib/arm64-v8a, permitted_path=/data:/mnt/expand:/data/user/0/com.google.android.webview
01-23 21:59:06.687 22310 22310 D ReliableTransmission: dbEncryption is defaulting to True or is set True with feature flag DATABASE_ENCRYPTION_FOR_RELIABLE_TRANSMISSION
01-23 21:59:06.687 22436 22436 D ApplicationLoaders: Returning zygote-cached class loader: /system_ext/framework/androidx.window.extensions.jar
01-23 21:59:06.689 22436 22436 D nativeloader: Configuring clns-10 for other apk /data/app/~~L-5f8sXCNdAYxOGULAO7Kw==/com.google.android.webview-aVFqCuqr6O59bU7qLkmZ7w==/base.apk. target_sdk_version=36, uses_libraries=, library_path=/data/app/~~L-5f8sXCNdAYxOGULAO7Kw==/com.google.android.webview-aVFqCuqr6O59bU7qLkmZ7w==/lib/arm64:/data/app/~~L-5f8sXCNdAYxOGULAO7Kw==/com.google.android.webview-aVFqCuqr6O59bU7qLkmZ7w==/base.apk!/lib/arm64-v8a:/data/app/~~4ct-Geoqjodcho9csHVrTA==/com.google.android.trichromelibrary_749919233-2TsLkJU1HlI5WBPPHRvE2A==/base.apk!/lib/arm64-v8a, permitted_path=/data:/mnt/expand:/data/user/0/com.google.android.webview
01-23 21:59:06.694 22436 22436 V GraphicsEnvironment: Currently set values for:
01-23 21:59:06.694 22436 22436 V GraphicsEnvironment:   angle_gl_driver_selection_pkgs=[com.android.angle, com.google.android.apps.tachyon]
01-23 21:59:06.694 22436 22436 V GraphicsEnvironment:   angle_gl_driver_selection_values=[angle, native]
01-23 21:59:06.694 22436 22436 V GraphicsEnvironment: com.google.android.webview is not listed in per-application setting
01-23 21:59:06.694 22436 22436 V GraphicsEnvironment: ANGLE allowlist from config: 
01-23 21:59:06.694 22436 22436 V GraphicsEnvironment: com.google.android.webview is not listed in ANGLE allowlist or settings, returning default
01-23 21:59:06.694 22436 22436 V GraphicsEnvironment: Neither updatable production driver nor prerelease driver is supported.
01-23 21:59:06.696 22436 22436 I LoadedApk: No resource references to update in package com.google.android.trichromelibrary
01-23 21:59:06.697 22436 22436 I cr_WebViewApkApp: version=143.0.7499.192 (749919233) minSdkVersion=29 processName=com.google.android.webview:webview_service splits=<none>
01-23 21:59:06.706  1505  2071 D BackgroundInstallControlService: Package event received: 0
01-23 21:59:06.713 22310 22471 D CompatChangeReporter: Compat change id reported: 312399441; UID 10300; state: ENABLED
01-23 21:59:06.719  5307 13157 E MtpStorageManager: java.nio.file.NoSuchFileException: /storage/emulated/0/Android/data/com.intuit.turbotax.mobile/files/instabug/vusf
01-23 21:59:06.743 22310 22363 D nativeloader: Load /data/app/~~nLOReRWw3zc43OpSZ2bxOA==/com.intuit.turbotax.mobile-UElRPwIdsNRfDC14aP1_lw==/lib/arm64/libscanbot-detector.so using class loader ns clns-12 (caller=/data/app/~~nLOReRWw3zc43OpSZ2bxOA==/com.intuit.turbotax.mobile-UElRPwIdsNRfDC14aP1_lw==/base.apk!classes6.dex): ok
01-23 21:59:06.743 22310 22454 I KVA/Tracker: Tracker: Kochava Diagnostic - Started SDK AndroidTracker 5.7.0 published 2025-06-09T18:27:47.822Z
01-23 21:59:06.743 22310 22310 I ReliableTransmission:  MetricsTimerTask Constructor
01-23 21:59:06.744 22310 22454 I KVA/Tracker: Tracker: Kochava Diagnostic - The log level is set to Info
01-23 21:59:06.755 22310 22387 W IBG-Core: Device has been classified as HIGH, 100% of logs are being saved.
01-23 21:59:06.757 22310 22454 I KVA/Tracker: Tracker: Kochava Diagnostic - Host called API: Get Attribution Results
01-23 21:59:06.771 22310 22422 I KVA/Tracker: Tracker: Kochava Diagnostic - Host called API: Register Custom Value setting data_controlled
01-23 21:59:06.771 22310 22454 I KVA/Tracker: Tracker: Kochava Diagnostic - Host called API: Set Log Level Info
01-23 21:59:06.771 22310 22463 I KVA/Tracker: Controller: Kochava Diagnostic - The kochava device id is KA1768307662T570V484ca1b36887418caed98cdc2a16ff45
01-23 21:59:06.775  1505 27845 D CompatChangeReporter: Compat change id reported: 319212206; UID 10300; state: ENABLED
01-23 21:59:06.776  1505 27845 D ConnectivityService: Returning UNBLOCKED NetworkInfo to uid=10300
01-23 21:59:06.777  1505  2010 D ConnectivityService: NetReassign [no changes] [c 0] [a 2] [i 0]
01-23 21:59:06.785   950   950 I WifiHAL : Creating message to get link statistics; iface = 47
01-23 21:59:06.786 22310 22344 D nativeloader: Load /data/app/~~nLOReRWw3zc43OpSZ2bxOA==/com.intuit.turbotax.mobile-UElRPwIdsNRfDC14aP1_lw==/lib/arm64/libibg-native.so using class loader ns clns-12 (caller=/data/app/~~nLOReRWw3zc43OpSZ2bxOA==/com.intuit.turbotax.mobile-UElRPwIdsNRfDC14aP1_lw==/base.apk!classes21.dex): ok
01-23 21:59:06.800  2294  2706 W BluetoothRemoteDevices: Address type mismatch for XX:XX:XX:XX:8F:E2, new type: 1
01-23 21:59:06.807   950   950 I WifiHAL : index: 0 per_rate_size 32, data_rem_len 1152
01-23 21:59:06.807   950   950 I WifiHAL : index: 1 per_rate_size 32, data_rem_len 1120
01-23 21:59:06.807   950   950 I WifiHAL : index: 2 per_rate_size 32, data_rem_len 1088
01-23 21:59:06.807   950   950 I WifiHAL : index: 3 per_rate_size 32, data_rem_len 1056
01-23 21:59:06.807   950   950 I WifiHAL : index: 4 per_rate_size 32, data_rem_len 1024
01-23 21:59:06.807   950   950 I WifiHAL : index: 5 per_rate_size 32, data_rem_len 992
01-23 21:59:06.807   950   950 I WifiHAL : index: 6 per_rate_size 32, data_rem_len 960
01-23 21:59:06.807   950   950 I WifiHAL : index: 7 per_rate_size 32, data_rem_len 928
01-23 21:59:06.807   950   950 I WifiHAL : index: 8 per_rate_size 32, data_rem_len 896
01-23 21:59:06.807   950   950 I WifiHAL : index: 9 per_rate_size 32, data_rem_len 864
01-23 21:59:06.807   950   950 I WifiHAL : index: 10 per_rate_size 32, data_rem_len 832
01-23 21:59:06.807   950   950 I WifiHAL : index: 11 per_rate_size 32, data_rem_len 800
01-23 21:59:06.807   950   950 I WifiHAL : index: 12 per_rate_size 32, data_rem_len 768
01-23 21:59:06.807   950   950 I WifiHAL : index: 13 per_rate_size 32, data_rem_len 736
01-23 21:59:06.807   950   950 I WifiHAL : index: 14 per_rate_size 32, data_rem_len 704
01-23 21:59:06.807   950   950 I WifiHAL : index: 15 per_rate_size 32, data_rem_len 672
01-23 21:59:06.807   950   950 I WifiHAL : index: 16 per_rate_size 32, data_rem_len 640
01-23 21:59:06.807   950   950 I WifiHAL : index: 17 per_rate_size 32, data_rem_len 608
01-23 21:59:06.807   950   950 I WifiHAL : index: 18 per_rate_size 32, data_rem_len 576
01-23 21:59:06.807   950   950 I WifiHAL : index: 19 per_rate_size 32, data_rem_len 544
01-23 21:59:06.807   950   950 I WifiHAL : index: 20 per_rate_size 32, data_rem_len 512
01-23 21:59:06.807   950   950 I WifiHAL : index: 21 per_rate_size 32, data_rem_len 480
01-23 21:59:06.807   950   950 I WifiHAL : index: 22 per_rate_size 32, data_rem_len 448
01-23 21:59:06.807   950   950 I WifiHAL : index: 23 per_rate_size 32, data_rem_len 416
01-23 21:59:06.807   950   950 I WifiHAL : index: 24 per_rate_size 32, data_rem_len 384
01-23 21:59:06.807   950   950 I WifiHAL : index: 25 per_rate_size 32, data_rem_len 352
01-23 21:59:06.807   950   950 I WifiHAL : index: 26 per_rate_size 32, data_rem_len 320
01-23 21:59:06.807   950   950 I WifiHAL : index: 27 per_rate_size 32, data_rem_len 288
01-23 21:59:06.807   950   950 I WifiHAL : index: 28 per_rate_size 32, data_rem_len 256
01-23 21:59:06.807   950   950 I WifiHAL : index: 29 per_rate_size 32, data_rem_len 224
01-23 21:59:06.807   950   950 I WifiHAL : index: 30 per_rate_size 32, data_rem_len 192
01-23 21:59:06.807   950   950 I WifiHAL : index: 31 per_rate_size 32, data_rem_len 160
01-23 21:59:06.807   950   950 I WifiHAL : index: 32 per_rate_size 32, data_rem_len 128
01-23 21:59:06.807   950   950 I WifiHAL : index: 33 per_rate_size 32, data_rem_len 96
01-23 21:59:06.807   950   950 I WifiHAL : index: 34 per_rate_size 32, data_rem_len 64
01-23 21:59:06.807   950   950 I WifiHAL : index: 35 per_rate_size 32, data_rem_len 32
01-23 21:59:06.808   950   950 I WifiHAL : Getting cached scan results, iface handle = 0xb4000077f3523650
01-23 21:59:06.808   950   950 E WifiHAL : Creating message to get cached scan results
01-23 21:59:06.810   950   950 I WifiHAL : In GetCachedScanResultsCommand::handleResponse
01-23 21:59:06.829  1505  2010 D ConnectivityService: NetReassign [no changes] [c 1] [a 1] [i 2]
01-23 21:59:06.831 22310 22310 D ReliableTransmission: dbEncryption is defaulting to True or is set True with feature flag DATABASE_ENCRYPTION_FOR_RELIABLE_TRANSMISSION
01-23 21:59:06.834 22310 22310 I ReliableTransmission:  MetricsTimerTask Constructor
01-23 21:59:06.843 22310 22310 D SessionLifecycleService: Service bound to new client on process 22310
01-23 21:59:06.849 22310 22530 D SessionLifecycleService: App has not yet foregrounded. Using previously stored session.
01-23 21:59:06.850 22310 22530 D SessionLifecycleService: Client android.os.Messenger@40452b1 bound at 275182011. Clients: 1
01-23 21:59:06.946 22310 22310 D SessionLifecycleClient: Connected to SessionLifecycleService. Queue size 0
01-23 21:59:06.985  1141  1141 D AOC     : A3:MSG: tmd3733_device.cc, 4358: USF: TMD3733: R/C:1.41 3DC->6C d_lux:-1.0 c_lux:18.9/-1.0 c_coeff:0.50/-1.00
01-23 21:59:06.985  1141  1141 D AOC     : A3:MSG: tmd3733_device.cc, 4361: USF: TMD3733:  w:0.00 C:48.24 d_leak:0.3 c_leak:0.0 lux:18.9 leak:0.0
01-23 21:59:07.007   902   940 D CHRE.HAL: Received a nanoapp message from 0x476f6f676c001019 endpoint 0x3: Type 0x1f4 size 12 
01-23 21:59:07.017   902   940 D CHRE.HAL: Received a nanoapp message from 0x476f6f676c001019 endpoint 0x3: Type 0x1f4 size 12 
01-23 21:59:07.073   934  2102 D AidlBufferPool: bufferpool2 0xb400007e2f3eb2b8 : 5(19635680 size) total buffers - 4(15708544 size) used buffers - 28519/28654 (recycle/alloc) - 968/28649 (fetch/transfer)
01-23 21:59:07.073   934  2102 D AidlBufferPoolAcc: evictor expired: 1, evicted: 1
01-23 21:59:07.082 22310 22378 D ApiKeysManager: Using prod Simple Auth key
01-23 21:59:07.082 22310 22378 D ApiKeysManager: Retrieved Simple Auth key successfully for current build variant
01-23 21:59:07.097 26218 22553 D AdvertisingIdClient: AdvertisingIdClient already created.
01-23 21:59:07.097 26218 22553 D AdvertisingIdClient: AdvertisingIdClient is not bounded. Starting to bind it...
01-23 21:59:07.099 22310 22378 D ApiKeysManager: Using prod Simple Auth key
01-23 21:59:07.099 22310 22378 D ApiKeysManager: Retrieved Simple Auth key successfully for current build variant
01-23 21:59:07.112 26218 22553 D AdvertisingIdClient: AdvertisingIdClient is bounded
01-23 21:59:07.160 22310 22378 D ApiKeysManager: Using prod Simple Auth key
01-23 21:59:07.160 22310 22378 D ApiKeysManager: Retrieved Simple Auth key successfully for current build variant
01-23 21:59:07.201 22310 22310 I PerformanceTracker: [MAIN-THREAD] instabug_init_time took 515ms
01-23 21:59:07.201 22310 22310 D TurboTaxUniversalApp: APM Delegate initialized successfully with secure key
01-23 21:59:07.214 22310 22409 I Identity/Http: --> GET https://authclient.config-cdn.a.intuit.com/authclient-plain-config_android_v3.json h2
01-23 21:59:07.214 22310 22409 I Identity/Http: If-None-Match: "712199b71f21ff1d549e5e84180f05de"
01-23 21:59:07.214 22310 22409 I Identity/Http: Accept: application/json
01-23 21:59:07.214 22310 22409 I Identity/Http: Accept-Language: en-US
01-23 21:59:07.215 22310 22409 I Identity/Http: Cache-Control: no-cache, no-store
01-23 21:59:07.215 22310 22409 I Identity/Http: User-Agent: com.intuit.spc.authorization/4.11.8 com.intuit.turbotax.mobile/12.2.0 (1202003) Android/36
01-23 21:59:07.215 22310 22409 I Identity/Http: intuit_country: US
01-23 21:59:07.215 22310 22409 I Identity/Http: intuit_device_info: {"userAgent":"com.intuit.spc.authorization\/4.11.8 com.intuit.turbotax.mobile\/12.2.0 (1202003) Android\/36","platform":"Android","make":"Google","model":"Pixel 9a","os":"Android 16 (36)"}
01-23 21:59:07.215 22310 22409 I Identity/Http: intuit_deviceid: REbEYDGy_Arnx15X1BAaJ1-cXO6OubS3vCFQ-DZhCBc-
01-23 21:59:07.215 22310 22409 I Identity/Http: intuit_locale: en-US
01-23 21:59:07.215 22310 22409 I Identity/Http: intuit_intentassetalias: intuit.cg.turbotax_universal_android
01-23 21:59:07.215 22310 22409 I Identity/Http: intuit_identity_routing: CX3
01-23 21:59:07.215 22310 22409 I Identity/Http: intuit_tid: 065aa965-3c71-41a5-b081-171ea560fe22
01-23 21:59:07.215 22310 22409 I Identity/Http: intuit_visitorid: ec369d10-7a0a-8d5d-1523-f04729de86ba
01-23 21:59:07.216 22310 22409 I Identity/Http: intuit_appgroup: TurboTax
01-23 21:59:07.216 22310 22409 I Identity/Http: Host: authclient.config-cdn.a.intuit.com
01-23 21:59:07.216 22310 22409 I Identity/Http: Connection: Keep-Alive
01-23 21:59:07.216 22310 22409 I Identity/Http: Accept-Encoding: gzip
01-23 21:59:07.216 22310 22409 I Identity/Http: --> END GET
01-23 21:59:07.221 26218 22553 I AdvertisingIdClient: shouldSendLog 558766861
01-23 21:59:07.221 26218 22553 I AdvertisingIdClient: GetInfoInternal elapse 83ms
01-23 21:59:07.254  5307  6725 W MtpStorageManager: Id 6164 doesn't exist
01-23 21:59:07.255  5307  6725 W MtpServer: [MTP] got response 0x2009 in command MTP_OPERATION_GET_OBJECT_PROP_LIST (9805)
01-23 21:59:07.286  1505  2894 D ActivityManager: sync unfroze 26932 com.facebook.katana for 7
