01-23 21:49:31.652  3916  3927 D PickerSyncLockManager: Trying to acquire lock com.android.providers.media.photopicker.sync.CloseableReentrantLock@bf1f45b[Unlocked]. Lock Name = CLOUD_PROVIDER_LOCK. Threads that may be waiting to acquire this lock = [] with timeout.
01-23 21:49:31.652  3916  3927 D CloseableReentrantLock: Successfully acquired lock com.android.providers.media.photopicker.sync.CloseableReentrantLock@bf1f45b[Locked by thread binder:3916_2]. Lock Name = CLOUD_PROVIDER_LOCK. Threads that may be waiting to acquire this lock = []
01-23 21:49:31.652  3916  3927 D CloseableReentrantLock: Successfully released lock com.android.providers.media.photopicker.sync.CloseableReentrantLock@bf1f45b[Unlocked]. Lock Name = CLOUD_PROVIDER_LOCK. Threads that may be waiting to acquire this lock = []
01-23 21:49:31.652  3916  3927 D PickerSyncTracker: Flushing all complete futures: {}
01-23 21:49:31.652  3916  3927 I PickerSyncTracker: Returning pending sync future map: {}
01-23 21:49:31.658  3916 13245 I PickerMediaDBUtil: Items per month query: Returning 6 dates
01-23 21:49:31.659 12766 20770 D MediaProviderClient: Items per month data : Found 746 items over 6 months/years.
01-23 21:49:31.660 12766 20770 D PhotoPickerDateScrubberDataService: Received 6 months/years with a total of 746 items.
01-23 21:49:31.681  3916  3927 I PickerMediaDBUtil: Returning 150 media metadata
01-23 21:49:31.690 12766 12766 D PickerMediaPagingSource: Received 150 media items from the data source.
01-23 21:49:31.901   950   950 I WifiHAL : Creating message to get link statistics; iface = 47
01-23 21:49:31.903  1505  1960 I InputDispatcher: Canceling stream: last source was MOUSE and new event is MotionEvent
01-23 21:49:31.903  1505  1960 I InputDispatcher: Canceling pointers for device -1 in [Gesture Monitor] Quick Tap with event MotionEvent
01-23 21:49:31.903  1505  1960 W InputDispatcher: channel [Gesture Monitor] Quick Tap~ dropping inconsistent event: DispatchEntry{resolvedMotionFlags=0x0, targetFlags=0x0, transform=transform (ROT_0) (IDENTITY)
01-23 21:49:31.903  1505  1960 W InputDispatcher: } original: MotionEvent
01-23 21:49:31.903  1505  1960 I InputDispatcher: Canceling stream: last source was MOUSE and new event is MotionEvent
01-23 21:49:31.903  1505  1960 I InputDispatcher: Canceling pointers for device -1 in [Gesture Monitor] onehanded-touch with event MotionEvent
01-23 21:49:31.903  1505  1960 W InputDispatcher: channel [Gesture Monitor] onehanded-touch~ dropping inconsistent event: DispatchEntry{resolvedMotionFlags=0x0, targetFlags=0x0, transform=transform (ROT_0) (IDENTITY)
01-23 21:49:31.903  1505  1960 W InputDispatcher: } original: MotionEvent
01-23 21:49:31.903  7663  7663 D TaskbarManager: dispatchTouchEvent:  displayId=0 isDefaultDisplay=true
01-23 21:49:31.904  1505  1960 I InputDispatcher: Canceling stream: last source was MOUSE and new event is MotionEvent
01-23 21:49:31.904  1505  1960 I InputDispatcher: Canceling pointers for device -1 in PointerEventDispatcher0 with event MotionEvent
01-23 21:49:31.904  1505  1960 W InputDispatcher: channel PointerEventDispatcher0~ dropping inconsistent event: DispatchEntry{resolvedMotionFlags=0x0, targetFlags=0x0, transform=transform (ROT_0) (IDENTITY)
01-23 21:49:31.904  1505  1960 W InputDispatcher: } original: MotionEvent
01-23 21:49:31.904  1505  1960 I InputDispatcher: Canceling stream: last source was MOUSE and new event is MotionEvent
01-23 21:49:31.904  1505  1960 I InputDispatcher: Canceling pointers for device -1 in 91c308e com.google.android.photopicker/com.android.photopicker.PhotopickerGetContentActivity with event MotionEvent
01-23 21:49:31.904  1505  1960 W InputDispatcher: channel 91c308e com.google.android.photopicker/com.android.photopicker.PhotopickerGetContentActivity~ dropping inconsistent event: DispatchEntry{resolvedMotionFlags=0x0, targetFlags=0x0, transform=transform (ROT_0) (IDENTITY)
01-23 21:49:31.904  1505  1960 W InputDispatcher: } original: MotionEvent
01-23 21:49:31.993  1141  1141 D AOC     : A3:MSG: tmd3733_device.cc, 4358: USF: TMD3733: R/C:0.55 1CD->2D d_lux:23.4 c_lux:-1.0/-1.0 c_coeff:-1.00/-1.00
01-23 21:49:31.994  1141  1141 D AOC     : A3:MSG: tmd3733_device.cc, 4361: USF: TMD3733:  w:0.00 C:10.24 d_leak:0.0 c_leak:0.0 lux:23.4 leak:0.0
01-23 21:49:31.997   950   950 I WifiHAL : index: 0 per_rate_size 32, data_rem_len 1152
01-23 21:49:31.997   950   950 I WifiHAL : index: 1 per_rate_size 32, data_rem_len 1120
01-23 21:49:31.997   950   950 I WifiHAL : index: 2 per_rate_size 32, data_rem_len 1088
01-23 21:49:31.997   950   950 I WifiHAL : index: 3 per_rate_size 32, data_rem_len 1056
01-23 21:49:31.997   950   950 I WifiHAL : index: 4 per_rate_size 32, data_rem_len 1024
01-23 21:49:31.997   950   950 I WifiHAL : index: 5 per_rate_size 32, data_rem_len 992
01-23 21:49:31.997   950   950 I WifiHAL : index: 6 per_rate_size 32, data_rem_len 960
01-23 21:49:31.997   950   950 I WifiHAL : index: 7 per_rate_size 32, data_rem_len 928
01-23 21:49:31.997   950   950 I WifiHAL : index: 8 per_rate_size 32, data_rem_len 896
01-23 21:49:31.997   950   950 I WifiHAL : index: 9 per_rate_size 32, data_rem_len 864
01-23 21:49:31.997   950   950 I WifiHAL : index: 10 per_rate_size 32, data_rem_len 832
01-23 21:49:31.997   950   950 I WifiHAL : index: 11 per_rate_size 32, data_rem_len 800
01-23 21:49:31.997   950   950 I WifiHAL : index: 12 per_rate_size 32, data_rem_len 768
01-23 21:49:31.997   950   950 I WifiHAL : index: 13 per_rate_size 32, data_rem_len 736
01-23 21:49:31.997   950   950 I WifiHAL : index: 14 per_rate_size 32, data_rem_len 704
01-23 21:49:31.997   950   950 I WifiHAL : index: 15 per_rate_size 32, data_rem_len 672
01-23 21:49:31.997   950   950 I WifiHAL : index: 16 per_rate_size 32, data_rem_len 640
01-23 21:49:31.997   950   950 I WifiHAL : index: 17 per_rate_size 32, data_rem_len 608
01-23 21:49:31.997   950   950 I WifiHAL : index: 18 per_rate_size 32, data_rem_len 576
01-23 21:49:31.997   950   950 I WifiHAL : index: 19 per_rate_size 32, data_rem_len 544
01-23 21:49:31.997   950   950 I WifiHAL : index: 20 per_rate_size 32, data_rem_len 512
01-23 21:49:31.997   950   950 I WifiHAL : index: 21 per_rate_size 32, data_rem_len 480
01-23 21:49:31.997   950   950 I WifiHAL : index: 22 per_rate_size 32, data_rem_len 448
01-23 21:49:31.997   950   950 I WifiHAL : index: 23 per_rate_size 32, data_rem_len 416
01-23 21:49:31.997   950   950 I WifiHAL : index: 24 per_rate_size 32, data_rem_len 384
01-23 21:49:31.997   950   950 I WifiHAL : index: 25 per_rate_size 32, data_rem_len 352
01-23 21:49:31.997   950   950 I WifiHAL : index: 26 per_rate_size 32, data_rem_len 320
01-23 21:49:31.997   950   950 I WifiHAL : index: 27 per_rate_size 32, data_rem_len 288
01-23 21:49:31.997   950   950 I WifiHAL : index: 28 per_rate_size 32, data_rem_len 256
01-23 21:49:31.997   950   950 I WifiHAL : index: 29 per_rate_size 32, data_rem_len 224
01-23 21:49:31.997   950   950 I WifiHAL : index: 30 per_rate_size 32, data_rem_len 192
01-23 21:49:31.997   950   950 I WifiHAL : index: 31 per_rate_size 32, data_rem_len 160
01-23 21:49:31.997   950   950 I WifiHAL : index: 32 per_rate_size 32, data_rem_len 128
01-23 21:49:31.997   950   950 I WifiHAL : index: 33 per_rate_size 32, data_rem_len 96
01-23 21:49:31.997   950   950 I WifiHAL : index: 34 per_rate_size 32, data_rem_len 64
01-23 21:49:31.997   950   950 I WifiHAL : index: 35 per_rate_size 32, data_rem_len 32
01-23 21:49:31.999   950   950 I WifiHAL : Getting cached scan results, iface handle = 0xb4000077f3523650
01-23 21:49:31.999   950   950 E WifiHAL : Creating message to get cached scan results
01-23 21:49:32.007   950   950 I WifiHAL : In GetCachedScanResultsCommand::handleResponse
01-23 21:49:32.053 12766 12766 D PhotoGridViewModel: Media grid data flow is already initialized with the correct recents cell count: 9
01-23 21:49:32.057  1505  2010 D ConnectivityService: NetReassign [no changes] [c 4] [a 4] [i 3]
01-23 21:49:32.058 12766 12766 D PhotopickerFeatureManager: Composing for SELECTION_BAR_SECONDARY_ACTION for (com.android.photopicker.features.preview.PreviewFeature@a05e526, 90)
01-23 21:49:32.217  1505  3513 W PointerChoreographer: Invalid device id -1. Cannot set pointer icon.
01-23 21:49:32.326   895  2698 I bthal.activity: bt_power: LeAdvStat: 21:49:31:221 - 21:49:32:326, duration: 1104, le_adv_count: 5, total_le_adv_count: 580230, total_event_count: 5
01-23 21:49:32.621  2294  2706 W BluetoothRemoteDevices: Address type mismatch for XX:XX:XX:XX:8D:94, new type: 1
01-23 21:49:32.713  2294  2706 W BluetoothRemoteDevices: Address type mismatch for XX:XX:XX:XX:8D:94, new type: 1
01-23 21:49:32.801  2316  2477 D TemperatureStateSource: sequence=27421 actualDelay=10000
01-23 21:49:32.801  2316  2578 D ImpulseConnection: timeout happen: com.google.android.apps.turbo
01-23 21:49:32.802  2316  2578 D ImpulseConnection: unbindService for releasing a CONNECTED connection com.google.android.apps.turbo
01-23 21:49:32.802  2316  2477 D TemperatureStateSource: Reading temperature: sequence=27422
01-23 21:49:32.806 15565 15565 I pixel-thermal: CPU_THROTTLE_SEVERE:0 raw data: CPU_THROTTLE_SEVERE:0 
01-23 21:49:32.806 15565 15565 I pixel-thermal: VIRTUAL-SKIN:27.7384 raw data: VIRTUAL-SKIN:27738.4 VIRTUAL-SKIN-LEGACY:27888.4 VIRTUAL-SKIN-LEGACY-MODEL-DIFF:143.041 VIRTUAL-SKIN-LEGACY-SHUTDOWN:0 VIRTUAL-SKIN-MODEL:27745.4 VIRTUAL-SKIN-MODEL-CLAMPED:27745.4 VIRTUAL-SKIN-MODEL-LEGACY-DIFF:-143.041 VIRTUAL-SKIN-MODEL-UPDATED:27738.4 VIRTUAL-SKIN-MODEL-UPPER-CLAMPED:27745.4 VIRTUAL-SKIN-SUB-0:26758.6 VIRTUAL-SKIN-SUB-1:27683 VIRTUAL-SKIN-SUB-2:27557.1 VIRTUAL-SKIN-SUB-3:27888.4 VIRTUAL-SKIN-SUB-4:27576.9 VT_LEGACY_WEIGHT:0 VT_MODEL_WEIGHT:1 battery:26900 btmspkr_therm:26869 charging_therm:30058 disp_therm:27338 north_therm:28789 quiet_therm:28678 rfpa_therm:28767 soc_therm:29902 usb_pwr_therm:26940 
01-23 21:49:32.807  2316  2477 D TemperatureStateSource: getDeviceTemperatures: sequence=27422 deviceTemperatureType=3 temperatureSource=0 temperatures=[27.738394]
01-23 21:49:32.807  2316  2477 D BusinessScope: Enqueuing the block
01-23 21:49:32.807  2316  2477 D TemperatureStateSource: sequence=27422 waitTime=10000
01-23 21:49:32.807  2316  3596 D BusinessScope: Start running the #57109 block
01-23 21:49:32.808  2316  3596 D BusinessScope: Enqueuing the block
01-23 21:49:32.808  2316  3596 D ImpulseStateSource: Notify clients: 28549
01-23 21:49:32.808  2316  3596 D BusinessScope: Finish running the #57109 block
01-23 21:49:32.808  2316  3596 D BusinessScope: Start running the #57110 block
01-23 21:49:32.808  2316  3596 D BusinessScope: Finish running the #57110 block
01-23 21:49:33.005  1141  1141 D AOC     : A3:MSG: tmd3733_device.cc, 4358: USF: TMD3733: R/C:0.47 2D->1CD d_lux:17.9 c_lux:15.1/-1.0 c_coeff:0.50/-1.00
01-23 21:49:33.005  1141  1141 D AOC     : A3:MSG: tmd3733_device.cc, 4361: USF: TMD3733:  w:0.12 C:7.25 d_leak:0.0 c_leak:0.0 lux:17.6 leak:0.0
01-23 21:49:33.013   912   912 W TracingMuxer: type=1400 audit(0.0:99859): avc:  denied  { write } for  name="traced_producer" dev="tmpfs" ino=1291 scontext=u:r:hal_neuralnetworks_darwinn:s0 tcontext=u:object_r:traced_producer_socket:s0 tclass=sock_file permissive=0
01-23 21:49:33.456  1505  1960 I InputDispatcher: Canceling stream: last source was MOUSE and new event is MotionEvent
01-23 21:49:33.456  1505  1960 I InputDispatcher: Canceling pointers for device -1 in [Gesture Monitor] Quick Tap with event MotionEvent
01-23 21:49:33.456  1505  1960 W InputDispatcher: channel [Gesture Monitor] Quick Tap~ dropping inconsistent event: DispatchEntry{resolvedMotionFlags=0x0, targetFlags=0x0, transform=transform (ROT_0) (IDENTITY)
01-23 21:49:33.456  1505  1960 W InputDispatcher: } original: MotionEvent
01-23 21:49:33.456  1505  1960 I InputDispatcher: Canceling stream: last source was MOUSE and new event is MotionEvent
01-23 21:49:33.456  1505  1960 I InputDispatcher: Canceling pointers for device -1 in [Gesture Monitor] onehanded-touch with event MotionEvent
01-23 21:49:33.456  1505  1960 W InputDispatcher: channel [Gesture Monitor] onehanded-touch~ dropping inconsistent event: DispatchEntry{resolvedMotionFlags=0x0, targetFlags=0x0, transform=transform (ROT_0) (IDENTITY)
01-23 21:49:33.456  1505  1960 W InputDispatcher: } original: MotionEvent
01-23 21:49:33.456  7663  7663 D TaskbarManager: dispatchTouchEvent:  displayId=0 isDefaultDisplay=true
01-23 21:49:33.456  1505  1960 I InputDispatcher: Canceling stream: last source was MOUSE and new event is MotionEvent
01-23 21:49:33.456  1505  1960 I InputDispatcher: Canceling pointers for device -1 in PointerEventDispatcher0 with event MotionEvent
01-23 21:49:33.456  1505  1960 W InputDispatcher: channel PointerEventDispatcher0~ dropping inconsistent event: DispatchEntry{resolvedMotionFlags=0x0, targetFlags=0x0, transform=transform (ROT_0) (IDENTITY)
01-23 21:49:33.456  1505  1960 W InputDispatcher: } original: MotionEvent
01-23 21:49:33.456  1505  1960 I InputDispatcher: Canceling stream: last source was MOUSE and new event is MotionEvent
01-23 21:49:33.456  1505  1960 I InputDispatcher: Canceling pointers for device -1 in 91c308e com.google.android.photopicker/com.android.photopicker.PhotopickerGetContentActivity with event MotionEvent
01-23 21:49:33.456  1505  1960 W InputDispatcher: channel 91c308e com.google.android.photopicker/com.android.photopicker.PhotopickerGetContentActivity~ dropping inconsistent event: DispatchEntry{resolvedMotionFlags=0x0, targetFlags=0x0, transform=transform (ROT_0) (IDENTITY)
01-23 21:49:33.456  1505  1960 W InputDispatcher: } original: MotionEvent
01-23 21:49:33.575 12766 12766 I PrepareMediaFeature: Prepare not required, no remote or incompatible items.
01-23 21:49:33.593  2110  2135 V WindowManagerShell: Transition requested (#3072): android.os.BinderProxy@907f20a TransitionRequestInfo { type = CLOSE, triggerTask = null, pipChange = null, remoteTransition = null, displayChange = null, flags = 0, debugId = 3072 }
01-23 21:49:33.594  1505  1914 E ContentProviderHelper: Unable to check Uri permission because caller is holding WM lock; assuming permission denied
01-23 21:49:33.594  1505  1914 E ContentProviderHelper: java.lang.IllegalStateException: Unable to check Uri permission because caller is holding WM lock; assuming permission denied
01-23 21:49:33.594  1505  1914 E ContentProviderHelper: 	at com.android.server.am.ContentProviderHelper.checkContentProviderUriPermission(ContentProviderHelper.java:1199)
01-23 21:49:33.594  1505  1914 E ContentProviderHelper: 	at com.android.server.am.ActivityManagerService$LocalService.checkContentProviderUriPermission(ActivityManagerService.java:16643)
01-23 21:49:33.594  1505  1914 E ContentProviderHelper: 	at com.android.server.uri.UriGrantsManagerService.checkHoldingPermissionsInternalUnlocked(UriGrantsManagerService.java:1214)
01-23 21:49:33.594  1505  1914 E ContentProviderHelper: 	at com.android.server.uri.UriGrantsManagerService.checkHoldingPermissionsUnlocked(UriGrantsManagerService.java:1124)
01-23 21:49:33.594  1505  1914 E ContentProviderHelper: 	at com.android.server.uri.UriGrantsManagerService.checkContentUriPermissionFullUnlocked(UriGrantsManagerService.java:1511)
01-23 21:49:33.594  1505  1914 E ContentProviderHelper: 	at com.android.server.uri.UriGrantsManagerService.-$$Nest$mcheckContentUriPermissionFullUnlocked(UriGrantsManagerService.java:0)
01-23 21:49:33.594  1505  1914 E ContentProviderHelper: 	at com.android.server.uri.UriGrantsManagerService$LocalService.checkUriPermission(UriGrantsManagerService.java:1721)
01-23 21:49:33.594  1505  1914 E ContentProviderHelper: 	at com.android.server.wm.ActivityCallerState.addContentUriIfUidHasPermission(ActivityCallerState.java:168)
01-23 21:49:33.594  1505  1914 E ContentProviderHelper: 	at com.android.server.wm.ActivityCallerState.computeCallerInfo(ActivityCallerState.java:114)
01-23 21:49:33.594  1505  1914 E ContentProviderHelper: 	at com.android.server.wm.ActivityRecord.computeCallerInfo(ActivityRecord.java:1819)
01-23 21:49:33.594  1505  1914 E ContentProviderHelper: 	at com.android.server.wm.ActivityRecord.finishActivityResults(ActivityRecord.java:3506)
01-23 21:49:33.594  1505  1914 E ContentProviderHelper: 	at com.android.server.wm.ActivityRecord.finishIfPossible(ActivityRecord.java:3656)
01-23 21:49:33.594  1505  1914 E ContentProviderHelper: 	at com.android.server.wm.ActivityClientController.finishActivity(ActivityClientController.java:575)
01-23 21:49:33.594  1505  1914 E ContentProviderHelper: 	at android.app.IActivityClientController$Stub.onTransact(IActivityClientController.java:825)
01-23 21:49:33.594  1505  1914 E ContentProviderHelper: 	at com.android.server.wm.ActivityClientController.onTransact(ActivityClientController.java:172)
01-23 21:49:33.594  1505  1914 E ContentProviderHelper: 	at android.os.Binder.execTransactInternal(Binder.java:1441)
01-23 21:49:33.594  1505  1914 E ContentProviderHelper: 	at android.os.Binder.execTransact(Binder.java:1385)
01-23 21:49:33.595  1505  1914 E ContentProviderHelper: Unable to check Uri permission because caller is holding WM lock; assuming permission denied
01-23 21:49:33.595  1505  1914 E ContentProviderHelper: java.lang.IllegalStateException: Unable to check Uri permission because caller is holding WM lock; assuming permission denied
01-23 21:49:33.595  1505  1914 E ContentProviderHelper: 	at com.android.server.am.ContentProviderHelper.checkContentProviderUriPermission(ContentProviderHelper.java:1199)
01-23 21:49:33.595  1505  1914 E ContentProviderHelper: 	at com.android.server.am.ActivityManagerService$LocalService.checkContentProviderUriPermission(ActivityManagerService.java:16643)
01-23 21:49:33.595  1505  1914 E ContentProviderHelper: 	at com.android.server.uri.UriGrantsManagerService.checkHoldingPermissionsInternalUnlocked(UriGrantsManagerService.java:1214)
01-23 21:49:33.595  1505  1914 E ContentProviderHelper: 	at com.android.server.uri.UriGrantsManagerService.checkHoldingPermissionsUnlocked(UriGrantsManagerService.java:1124)
01-23 21:49:33.595  1505  1914 E ContentProviderHelper: 	at com.android.server.uri.UriGrantsManagerService.checkContentUriPermissionFullUnlocked(UriGrantsManagerService.java:1511)
01-23 21:49:33.595  1505  1914 E ContentProviderHelper: 	at com.android.server.uri.UriGrantsManagerService.-$$Nest$mcheckContentUriPermissionFullUnlocked(UriGrantsManagerService.java:0)
01-23 21:49:33.595  1505  1914 E ContentProviderHelper: 	at com.android.server.uri.UriGrantsManagerService$LocalService.checkUriPermission(UriGrantsManagerService.java:1721)
01-23 21:49:33.595  1505  1914 E ContentProviderHelper: 	at com.android.server.wm.ActivityCallerState.addContentUriIfUidHasPermission(ActivityCallerState.java:168)
01-23 21:49:33.595  1505  1914 E ContentProviderHelper: 	at com.android.server.wm.ActivityCallerState.computeCallerInfo(ActivityCallerState.java:117)
01-23 21:49:33.595  1505  1914 E ContentProviderHelper: 	at com.android.server.wm.ActivityRecord.computeCallerInfo(ActivityRecord.java:1819)
01-23 21:49:33.595  1505  1914 E ContentProviderHelper: 	at com.android.server.wm.ActivityRecord.finishActivityResults(ActivityRecord.java:3506)
01-23 21:49:33.595  1505  1914 E ContentProviderHelper: 	at com.android.server.wm.ActivityRecord.finishIfPossible(ActivityRecord.java:3656)
01-23 21:49:33.595  1505  1914 E ContentProviderHelper: 	at com.android.server.wm.ActivityClientController.finishActivity(ActivityClientController.java:575)
01-23 21:49:33.595  1505  1914 E ContentProviderHelper: 	at android.app.IActivityClientController$Stub.onTransact(IActivityClientController.java:825)
01-23 21:49:33.595  1505  1914 E ContentProviderHelper: 	at com.android.server.wm.ActivityClientController.onTransact(ActivityClientController.java:172)
01-23 21:49:33.595  1505  1914 E ContentProviderHelper: 	at android.os.Binder.execTransactInternal(Binder.java:1441)
01-23 21:49:33.595  1505  1914 E ContentProviderHelper: 	at android.os.Binder.execTransact(Binder.java:1385)
01-23 21:49:33.606  1505  2071 D BackgroundInstallControlService: Package event received: 0
01-23 21:49:33.614  1505  1706 V WindowManager: Sent Transition (#3072) createdAt=01-23 21:49:33.592 via request=TransitionRequestInfo { type = CLOSE, triggerTask = null, pipChange = null, remoteTransition = null, displayChange = null, flags = 0, debugId = 3072 }
01-23 21:49:33.614  1505  1706 V WindowManager:     startWCT=WindowContainerTransaction { changes= {} hops= [] errorCallbackToken=null taskFragmentOrganizer=null }
01-23 21:49:33.614  1505  1706 V WindowManager:     info={id=3072 t=CLOSE f=0x0 trk=0 r=[0@Point(0, 0)] c=[
01-23 21:49:33.614  1505  1706 V WindowManager:         {m=CLOSE f=TRANSLUCENT|FILLS_TASK leash=Surface(name=ActivityRecord{265981930 u0 com.google.android.photopicker/com.android.photopicker.PhotopickerGetContentActivity t1795})/@0x31dbb31 sb=Rect(0, 0 - 1080, 2424) eb=Rect(0, 0 - 1080, 2424) epz=Point(1080, 2424) d=0 bc=ff19191b activity=ActivityTransitionInfo { component = ComponentInfo{com.google.android.photopicker/com.android.photopicker.MainActivity}, taskId = 1795, appCompatTransitionInfo = null } opt={t=FROM_STYLE mUserId=0}}
01-23 21:49:33.614  1505  1706 V WindowManager:     ]}
01-23 21:49:33.617  2110  3801 V WindowManagerShell: onTransitionReady(transaction=6463925999374)
01-23 21:49:33.617  2110  2135 V WindowManagerShell: onTransitionReady (#3072) android.os.BinderProxy@907f20a: {id=3072 t=CLOSE f=0x0 trk=0 r=[0@Point(0, 0)] c=[
01-23 21:49:33.617  2110  2135 V WindowManagerShell:         {m=CLOSE f=TRANSLUCENT|FILLS_TASK leash=Surface(name=ActivityRecord{265981930 u0 com.google.android.photopicker/com.android.photopicker.PhotopickerGetContentActivity t1795})/@0x1dd4a7b sb=Rect(0, 0 - 1080, 2424) eb=Rect(0, 0 - 1080, 2424) epz=Point(1080, 2424) d=0 bc=ff19191b activity=ActivityTransitionInfo { component = ComponentInfo{com.google.android.photopicker/com.android.photopicker.MainActivity}, taskId = 1795, appCompatTransitionInfo = null } opt={t=FROM_STYLE mUserId=0}}
01-23 21:49:33.617  2110  2135 V WindowManagerShell:     ]}
01-23 21:49:33.618  2110  2135 V WindowManagerShell: Playing animation for (#3072) android.os.BinderProxy@907f20a@0
01-23 21:49:33.618  2110  2135 V ShellRecents: RecentsTransitionHandler.startAnimation: no controller found
01-23 21:49:33.618  2110  2135 V WindowManagerShell: Transition doesn't have explicit remote, search filters for match for {id=3072 t=CLOSE f=0x0 trk=0 r=[0@Point(0, 0)] c=[{m=CLOSE f=TRANSLUCENT|FILLS_TASK leash=Surface(name=ActivityRecord{265981930 u0 com.google.android.photopicker/com.android.photopicker.PhotopickerGetContentActivity t1795})/@0x1dd4a7b sb=Rect(0, 0 - 1080, 2424) eb=Rect(0, 0 - 1080, 2424) epz=Point(1080, 2424) d=0 bc=ff19191b activity=ActivityTransitionInfo { component = ComponentInfo{com.google.android.photopicker/com.android.photopicker.MainActivity}, taskId = 1795, appCompatTransitionInfo = null } opt={t=FROM_STYLE mUserId=0}}]}
01-23 21:49:33.618  1505  3513 W ActivityManager: Unbind failed: could not find connection for android.os.BinderProxy@92c3275
01-23 21:49:33.618  2110  2135 V WindowManagerShell:  Checking filter Pair{{types=[] flags=0x0] notFlags=0x0 checks=[{atype=dream independent=true modes=[OPEN,TO_FRONT] flags=NONE mustBeTask=false order=ANY topActivity=null launchCookie=null windowingMode=undefined},{atype=home independent=true modes=[CLOSE,TO_BACK] flags=NONE mustBeTask=false order=ANY topActivity=null launchCookie=null windowingMode=undefined}]} RemoteTransition { remoteTransition = android.window.IRemoteTransition$Stub$Proxy@cf2889e, appThread = android.app.IApplicationThread$Stub$Proxy@1187f7f, debugName = LauncherToDream }}
01-23 21:49:33.618  2110  2135 V WindowManagerShell:  Checking filter Pair{{types=[] flags=0x0] notFlags=0x100 checks=[{atype=home independent=true modes=[OPEN,TO_FRONT] flags=NONE mustBeTask=false order=TOP topActivity=ComponentInfo{com.google.android.apps.nexuslauncher/com.google.android.apps.nexuslauncher.NexusLauncherActivity} launchCookie=null windowingMode=undefined},{atype=standard independent=true modes=[CLOSE,TO_BACK] flags=NONE mustBeTask=false order=ANY topActivity=null launchCookie=null windowingMode=undefined},{NOT atype=undefined independent=true modes=[] flags=NONE mustBeTask=true order=ANY topActivity=null launchCookie=null customAnim=true windowingMode=undefined}]} RemoteTransition { remoteTransition = android.window.IRemoteTransition$Stub$Proxy@9812b4c, appThread = android.app.IApplicationThread$Stub$Proxy@ff8c795, debugName = QuickstepLaunchHome }}
01-23 21:49:33.618  2110  2135 V WindowManagerShell:  Delegate animation for (#3072) to null
01-23 21:49:33.618  2110  2135 V WindowManagerShell: start default transition animation, info = {id=3072 t=CLOSE f=0x0 trk=0 r=[0@Point(0, 0)] c=[{m=CLOSE f=TRANSLUCENT|FILLS_TASK leash=Surface(name=ActivityRecord{265981930 u0 com.google.android.photopicker/com.android.photopicker.PhotopickerGetContentActivity t1795})/@0x1dd4a7b sb=Rect(0, 0 - 1080, 2424) eb=Rect(0, 0 - 1080, 2424) epz=Point(1080, 2424) d=0 bc=ff19191b activity=ActivityTransitionInfo { component = ComponentInfo{com.google.android.photopicker/com.android.photopicker.MainActivity}, taskId = 1795, appCompatTransitionInfo = null } opt={t=FROM_STYLE mUserId=0}}]}
01-23 21:49:33.618  2446  2446 D SatelliteModemInterface: Binding to com.google.android.satellite
01-23 21:49:33.619  2110  2135 V WindowManagerShell: loadAnimation: anim=android.view.animation.AnimationSet@e43a0f1 animAttr=0x7 type=CLOSE isEntrance=false
01-23 21:49:33.619  1505 27845 W ActivityManager: Unable to start service Intent { act=android.telephony.satellite.SatelliteService xflg=0x4 pkg=com.google.android.satellite } U=0: not found
01-23 21:49:33.619  2446  2446 E SatelliteModemInterface: Error binding to the satellite service. Retrying in 44441 ms.
01-23 21:49:33.619  2110  2135 V WindowManagerShell:  animated by com.android.wm.shell.transition.DefaultTransitionHandler@a6f885c
01-23 21:49:33.625  1505  2071 D BackgroundInstallControlService: Package event received: 0
01-23 21:49:33.625  1505  2071 D BackgroundInstallControlService: Package event received: 0
01-23 21:49:33.626  3931  4483 W AiAiAutofill: (REDACTED) On activity pause for %s completing %d sessions with %d remaining.
01-23 21:49:33.637  3916  7354 V MediaProvider: Redaction needed for file open: true
01-23 21:49:33.644  3916  7354 V MediaProvider: Redaction ranges: []
01-23 21:49:33.727 20501 20501 D MainActivity: Image is landscape, forcing 90° CCW rotation for invoices
01-23 21:49:33.727 20501 20501 D MainActivity: Rotating image by -90 degrees
01-23 21:49:33.749   895  2698 I bthal.activity: bt_power: LeAdvStat: 21:49:32:618 - 21:49:33:749, duration: 1131, le_adv_count: 5, total_le_adv_count: 580235, total_event_count: 5
01-23 21:49:33.879  2110  2135 V WindowManagerShell: Transition animation finished (aborted=false), notifying core (#3072) android.os.BinderProxy@907f20a@0
01-23 21:49:33.885  1505  1706 V WindowManager: Finish Transition (#3072): created at 01-23 21:49:33.592 collect-started=0.056ms request-sent=0.128ms started=10.976ms ready=16.092ms sent=17.688ms commit=15.791ms finished=292.007ms
01-23 21:49:33.885 12766 12766 D VRI[PhotopickerGetContentActivity]: visibilityChanged oldVisibility=true newVisibility=false
01-23 21:49:33.886  2110  2135 V WindowManagerShell: Track 0 became idle
01-23 21:49:33.886  2110  2135 V WindowManagerShell: All active transition animations finished
01-23 21:49:33.892  1505  1706 D HintManagerService: Sent cleanup message for uid 10270
01-23 21:49:33.894 12766 12780 D HWUI    : endAllActiveAnimators on 0xb400007427b9c9a0 (UnprojectedRipple) with handle 0xb400007517af46e0
01-23 21:49:33.925 20501 20501 D MainActivity: Saved rotated image to: /storage/emulated/0/Android/data/com.mobileinvoice.ocr/files/Pictures/Invoices/IMG_20260123_214933_corrected.jpg
01-23 21:49:33.931 20501 20501 D ImeBackDispatcher: switch root view (mImeCallbacks.size=0)
01-23 21:49:33.934  1505  1968 I ImeTracker: com.mobileinvoice.ocr:e2dcc247: onRequestHide at ORIGIN_SERVER reason HIDE_UNSPECIFIED_WINDOW fromUser false
01-23 21:49:33.935 20501 20501 D InsetsController: hide(ime())
01-23 21:49:33.935 20501 20501 I ImeTracker: com.mobileinvoice.ocr:e2dcc247: onCancelled at PHASE_CLIENT_ALREADY_HIDDEN
01-23 21:49:33.935  3895  3895 I GoogleInputMethodService: GoogleInputMethodService.onFinishInput():2092 
01-23 21:49:33.936  3895  3895 I Module  : DeviceLockedStatusModuleProvider$Module.updateDeviceLockedStatus():103 repeatCheckTimes = 0, locked = false
01-23 21:49:33.937  3895  3895 I GoogleInputMethodService: GoogleInputMethodService.onStartInput():1349 onStartInput(EditorInfo{EditorInfo{packageName=com.mobileinvoice.ocr, inputType=0, inputTypeString=NULL, enableLearning=false, autoCorrection=false, autoComplete=false, imeOptions=0, privateImeOptions=null, actionName=UNSPECIFIED, actionLabel=null, initialSelStart=-1, initialSelEnd=-1, initialCapsMode=0, label=null, fieldId=0, fieldName=null, extras=null, hintText=null, hintLocales=[]}}, false)
01-23 21:49:33.938  3895  3895 I Module  : DeviceLockedStatusModuleProvider$Module.updateDeviceLockedStatus():103 repeatCheckTimes = 1, locked = false
01-23 21:49:33.938  1505  1914 I ImeTracker: system_server:4a80de50: onRequestHide at ORIGIN_SERVER reason IME_REQUESTED_CHANGED_LISTENER fromUser false
01-23 21:49:33.940  1505  1709 I ImeTracker: system_server:4a80de50: onCancelled at PHASE_SERVER_SHOULD_HIDE
01-23 21:49:33.941  1505  6157 W PackageConfigPersister: App-specific configuration not found for packageName: com.mobileinvoice.ocr and userId: 0
01-23 21:49:34.007 12766 12766 D PhotopickerActivityModule: Activity retained lifecycle is ending, cancelling background scope.
01-23 21:49:34.010 12766 21137 D PhotopickerConfigurationManager: Unregistering listeners from DeviceConfig
01-23 21:49:34.011 12766 21126 D PhotopickerUserMonitor: BroadcastReceiver was closed, unregistering.
01-23 21:49:34.028 12766 12766 D ImeBackDispatcher: Clear (mImeCallbacks.size=0)
01-23 21:49:34.028 12766 12766 D ImeBackDispatcher: switch root view (mImeCallbacks.size=0)
01-23 21:49:34.028 12766 12766 D WindowOnBackDispatcher: setTopOnBackInvokedCallback (unwrapped): null
01-23 21:49:34.028  1141  1141 D AOC     : A3:MSG: tmd3733_device.cc, 4358: USF: TMD3733: R/C:0.57 1CD->2D d_lux:45.1 c_lux:-1.0/-1.0 c_coeff:-1.00/-1.00
01-23 21:49:34.028  1505  6157 D CoreBackPreview: Window{91c308e u0 com.google.android.photopicker/com.android.photopicker.PhotopickerGetContentActivity}: Setting back callback null
01-23 21:49:34.029  1141  1141 D AOC     : A3:MSG: tmd3733_device.cc, 4361: USF: TMD3733:  w:0.00 C:20.99 d_leak:0.1 c_leak:0.0 lux:45.1 leak:0.1
01-23 21:49:34.031  1505 27613 W PointerChoreographer: Invalid device id -1. Cannot set pointer icon.
01-23 21:49:34.032   934  8029 I ExynosC2H264EncComponent: [onUpdateC2Work] got SYNC FRAME
01-23 21:49:34.034 12766 12766 D ViewRootImpl: Skipping stats log for color mode
01-23 21:49:34.039  1505  2071 D BackgroundInstallControlService: Package event received: 0
01-23 21:49:34.047 12766 12766 D ImeBackDispatcher: Clear (mImeCallbacks.size=0)
01-23 21:49:34.047 12766 12766 D ImeBackDispatcher: switch root view (mImeCallbacks.size=0)
01-23 21:49:34.118   934  8062 D AidlBufferPool: bufferpool2 0xb400007e2f3eb2b8 : 6(23562816 size) total buffers - 5(19635680 size) used buffers - 27495/27617 (recycle/alloc) - 867/27611 (fetch/transfer)
01-23 21:49:34.213  8002  8024 D AidlBufferPool: bufferpool2 0xb40000775d60e358 : 5(19200 size) total buffers - 4(15360 size) used buffers - 197095/197100 (recycle/alloc) - 326/394191 (fetch/transfer)
01-23 21:49:34.896  1505  1950 D HintManagerService: Starts cleaning for 10270
01-23 21:49:34.938  1113  8032 D AidlBufferPool: bufferpool2 0xb40000773c418538 : 3(9000 size) total buffers - 1(3000 size) used buffers - 197124/197133 (recycle/alloc) - 24/197131 (fetch/transfer)
01-23 21:49:35.041  1141  1141 D AOC     : A3:MSG: tmd3733_device.cc, 4358: USF: TMD3733: R/C:0.36 2D->1CD d_lux:8.2 c_lux:10.4/-1.0 c_coeff:0.83/-1.00
01-23 21:49:35.042  1141  1141 D AOC     : A3:MSG: tmd3733_device.cc, 4361: USF: TMD3733:  w:0.65 C:3.00 d_leak:0.1 c_leak:0.0 lux:9.7 leak:0.0
01-23 21:49:35.045   950   950 I WifiHAL : Creating message to get link statistics; iface = 47
01-23 21:49:35.093   950   950 I WifiHAL : index: 0 per_rate_size 32, data_rem_len 1152
01-23 21:49:35.093   950   950 I WifiHAL : index: 1 per_rate_size 32, data_rem_len 1120
01-23 21:49:35.093   950   950 I WifiHAL : index: 2 per_rate_size 32, data_rem_len 1088
01-23 21:49:35.093   950   950 I WifiHAL : index: 3 per_rate_size 32, data_rem_len 1056
01-23 21:49:35.093   950   950 I WifiHAL : index: 4 per_rate_size 32, data_rem_len 1024
01-23 21:49:35.093   950   950 I WifiHAL : index: 5 per_rate_size 32, data_rem_len 992
01-23 21:49:35.093   950   950 I WifiHAL : index: 6 per_rate_size 32, data_rem_len 960
01-23 21:49:35.093   950   950 I WifiHAL : index: 7 per_rate_size 32, data_rem_len 928
01-23 21:49:35.093   950   950 I WifiHAL : index: 8 per_rate_size 32, data_rem_len 896
01-23 21:49:35.093   950   950 I WifiHAL : index: 9 per_rate_size 32, data_rem_len 864
01-23 21:49:35.093   950   950 I WifiHAL : index: 10 per_rate_size 32, data_rem_len 832
01-23 21:49:35.093   950   950 I WifiHAL : index: 11 per_rate_size 32, data_rem_len 800
01-23 21:49:35.093   950   950 I WifiHAL : index: 12 per_rate_size 32, data_rem_len 768
01-23 21:49:35.093   950   950 I WifiHAL : index: 13 per_rate_size 32, data_rem_len 736
01-23 21:49:35.094   950   950 I WifiHAL : index: 14 per_rate_size 32, data_rem_len 704
01-23 21:49:35.094   950   950 I WifiHAL : index: 15 per_rate_size 32, data_rem_len 672
01-23 21:49:35.094   950   950 I WifiHAL : index: 16 per_rate_size 32, data_rem_len 640
01-23 21:49:35.094   950   950 I WifiHAL : index: 17 per_rate_size 32, data_rem_len 608
01-23 21:49:35.094   950   950 I WifiHAL : index: 18 per_rate_size 32, data_rem_len 576
01-23 21:49:35.094   950   950 I WifiHAL : index: 19 per_rate_size 32, data_rem_len 544
01-23 21:49:35.094   950   950 I WifiHAL : index: 20 per_rate_size 32, data_rem_len 512
01-23 21:49:35.094   950   950 I WifiHAL : index: 21 per_rate_size 32, data_rem_len 480
01-23 21:49:35.094   950   950 I WifiHAL : index: 22 per_rate_size 32, data_rem_len 448
01-23 21:49:35.094   950   950 I WifiHAL : index: 23 per_rate_size 32, data_rem_len 416
01-23 21:49:35.094   950   950 I WifiHAL : index: 24 per_rate_size 32, data_rem_len 384
01-23 21:49:35.094   950   950 I WifiHAL : index: 25 per_rate_size 32, data_rem_len 352
01-23 21:49:35.094   950   950 I WifiHAL : index: 26 per_rate_size 32, data_rem_len 320
01-23 21:49:35.094   950   950 I WifiHAL : index: 27 per_rate_size 32, data_rem_len 288
01-23 21:49:35.094   950   950 I WifiHAL : index: 28 per_rate_size 32, data_rem_len 256
01-23 21:49:35.094   950   950 I WifiHAL : index: 29 per_rate_size 32, data_rem_len 224
01-23 21:49:35.094   950   950 I WifiHAL : index: 30 per_rate_size 32, data_rem_len 192
01-23 21:49:35.094   950   950 I WifiHAL : index: 31 per_rate_size 32, data_rem_len 160
01-23 21:49:35.094   950   950 I WifiHAL : index: 32 per_rate_size 32, data_rem_len 128
01-23 21:49:35.094   950   950 I WifiHAL : index: 33 per_rate_size 32, data_rem_len 96
01-23 21:49:35.094   950   950 I WifiHAL : index: 34 per_rate_size 32, data_rem_len 64
01-23 21:49:35.094   950   950 I WifiHAL : index: 35 per_rate_size 32, data_rem_len 32
01-23 21:49:35.095   950   950 I WifiHAL : Getting cached scan results, iface handle = 0xb4000077f3523650
01-23 21:49:35.095   950   950 E WifiHAL : Creating message to get cached scan results
01-23 21:49:35.104   950   950 I WifiHAL : In GetCachedScanResultsCommand::handleResponse
01-23 21:49:35.140  1505  2010 D ConnectivityService: NetReassign [no changes] [c 2] [a 0] [i 2]
01-23 21:49:35.241   895  2698 I bthal.activity: bt_power: LeAdvStat: 21:49:34:241 - 21:49:35:241, duration: 1000, le_adv_count: 1, total_le_adv_count: 580236, total_event_count: 1
01-23 21:49:35.365  1140  1140 W TracingMuxer: type=1400 audit(0.0:99860): avc:  denied  { write } for  name="traced_producer" dev="tmpfs" ino=1291 scontext=u:r:gxp_logging:s0 tcontext=u:object_r:traced_producer_socket:s0 tclass=sock_file permissive=0
01-23 21:49:35.497  8934 21092 I NearbyConnections: Found BleAdvertisement [ 0x23 0x33 0x45 0x4c 0x44 0x11 0x34 0x11 0x89 0x0b 0x7a 0xf3 0x4a 0xb5 0x76 0x11 0x78 0x47 0x9f 0x4b 0xb9 0x8d 0x30 ] (with EndpointId 3ELD and EndpointInfo [ 0x34 0x11 0x89 0x0b 0x7a 0xf3 0x4a 0xb5 0x76 0x11 0x78 0x47 0x9f 0x4b 0xb9 0x8d 0x30 ])
01-23 21:49:35.497  8934 21092 I NearbyConnections: Unable to record discovered endpoint due to null currentDiscoveryPhase
01-23 21:49:35.497  8934 21092 I NearbyConnections: ClientProxy(224730988 0p:com.google.android.gms.nearby.sharing) reporting onEndpointFound(3ELD)
01-23 21:49:35.498  8934 21092 I NearbyConnections: ClientProxy(224730988) reporting onEndpointDistanceChanged(3ELD, UNKNOWN)
01-23 21:49:35.499  8934 21092 I NearbySharing: NearbySharing Internal event EndpointDiscovered(endpointId=3ELD)
01-23 21:49:35.602  2294  2706 W BluetoothRemoteDevices: Address type mismatch for XX:XX:XX:XX:8D:94, new type: 1
01-23 21:49:35.752  7663  7663 D TaskbarManager: dispatchTouchEvent:  displayId=0 isDefaultDisplay=true
01-23 21:49:35.752  1505  1960 I InputDispatcher: Canceling stream: last source was MOUSE and new event is MotionEvent
01-23 21:49:35.753  1505  1960 I InputDispatcher: Canceling pointers for device -1 in [Gesture Monitor] Quick Tap with event MotionEvent
01-23 21:49:35.753  1505  1960 W InputDispatcher: channel [Gesture Monitor] Quick Tap~ dropping inconsistent event: DispatchEntry{resolvedMotionFlags=0x0, targetFlags=0x0, transform=transform (ROT_0) (IDENTITY)
01-23 21:49:35.753  1505  1960 W InputDispatcher: } original: MotionEvent
01-23 21:49:35.753  1505  1960 I InputDispatcher: Canceling stream: last source was MOUSE and new event is MotionEvent
01-23 21:49:35.753  1505  1960 I InputDispatcher: Canceling pointers for device -1 in ea29ed0 com.mobileinvoice.ocr/com.mobileinvoice.ocr.MainActivity with event MotionEvent
01-23 21:49:35.753  1505  1960 W InputDispatcher: channel ea29ed0 com.mobileinvoice.ocr/com.mobileinvoice.ocr.MainActivity~ dropping inconsistent event: DispatchEntry{resolvedMotionFlags=0x0, targetFlags=0x0, transform=transform (ROT_0) (IDENTITY)
01-23 21:49:35.753  1505  1960 W InputDispatcher: } original: MotionEvent
01-23 21:49:35.753  1505  1960 I InputDispatcher: Canceling stream: last source was MOUSE and new event is MotionEvent
01-23 21:49:35.753  1505  1960 I InputDispatcher: Canceling pointers for device -1 in [Gesture Monitor] onehanded-touch with event MotionEvent
01-23 21:49:35.753  1505  1960 W InputDispatcher: channel [Gesture Monitor] onehanded-touch~ dropping inconsistent event: DispatchEntry{resolvedMotionFlags=0x0, targetFlags=0x0, transform=transform (ROT_0) (IDENTITY)
01-23 21:49:35.753  1505  1960 W InputDispatcher: } original: MotionEvent
01-23 21:49:35.754  1505  1960 I InputDispatcher: Canceling stream: last source was MOUSE and new event is MotionEvent
01-23 21:49:35.754  1505  1960 I InputDispatcher: Canceling pointers for device -1 in PointerEventDispatcher0 with event MotionEvent
01-23 21:49:35.754  1505  1960 W InputDispatcher: channel PointerEventDispatcher0~ dropping inconsistent event: DispatchEntry{resolvedMotionFlags=0x0, targetFlags=0x0, transform=transform (ROT_0) (IDENTITY)
01-23 21:49:35.754  1505  1960 W InputDispatcher: } original: MotionEvent
01-23 21:49:35.859 20501 21174 D OCRProcessorMLKit: ML Kit OCR Processor initialized - on-device processing
01-23 21:49:35.859 20501 21174 D OCRProcessorMLKit: Processing image with ML Kit: file:///storage/emulated/0/Android/data/com.mobileinvoice.ocr/files/Pictures/Invoices/IMG_20260123_214542_corrected.jpg
01-23 21:49:35.861 20501 21175 I DynamiteModule: Considering local module com.google.mlkit.dynamite.text.latin:10000 and remote module com.google.mlkit.dynamite.text.latin:0
01-23 21:49:35.861 20501 21175 I DynamiteModule: Selected local version of com.google.mlkit.dynamite.text.latin
01-23 21:49:35.862 20501 20778 D TransportRuntime.SQLiteEventStore: Storing event with priority=DEFAULT, name=FIREBASE_ML_SDK for destination cct
01-23 21:49:35.872 20501 20778 D TransportRuntime.JobInfoScheduler: Upload for context TransportContext(cct, DEFAULT, MSRodHRwczovL2ZpcmViYXNlbG9nZ2luZy5nb29nbGVhcGlzLmNvbS92MGNjL2xvZy9iYXRjaD9mb3JtYXQ9anNvbl9wcm90bzNc) is already scheduled. Returning...
01-23 21:49:35.878 20501 20778 D TransportRuntime.SQLiteEventStore: Storing event with priority=VERY_LOW, name=FIREBASE_ML_SDK for destination cct
01-23 21:49:35.880 20501 20778 D TransportRuntime.JobInfoScheduler: Upload for context TransportContext(cct, VERY_LOW, MSRodHRwczovL2ZpcmViYXNlbG9nZ2luZy5nb29nbGVhcGlzLmNvbS92MGNjL2xvZy9iYXRjaD9mb3JtYXQ9anNvbl9wcm90bzNc) is already scheduled. Returning...
01-23 21:49:35.972 20501 21176 I native  : I0000 00:00:1769226575.972355   21176 asset_manager_util.cc:59] Created global reference to asset manager.
01-23 21:49:35.972 20501 20778 D TransportRuntime.SQLiteEventStore: Storing event with priority=VERY_LOW, name=FIREBASE_ML_SDK for destination cct
01-23 21:49:35.976 20501 20778 D TransportRuntime.JobInfoScheduler: Upload for context TransportContext(cct, VERY_LOW, MSRodHRwczovL2ZpcmViYXNlbG9nZ2luZy5nb29nbGVhcGlzLmNvbS92MGNjL2xvZy9iYXRjaD9mb3JtYXQ9anNvbl9wcm90bzNc) is already scheduled. Returning...
01-23 21:49:35.987 20501 21177 I native  : I0000 00:00:1769226575.987885   21177 resource_manager.cc:23] Number of optimal threads: 8
01-23 21:49:35.988 20501 21177 I native  : I0000 00:00:1769226575.988608   21177 text_detector_thread_pool_context.cc:38] Compute manager max in flight region detector overwrite: 1
01-23 21:49:35.988 20501 21178 I native  : I0000 00:00:1769226575.988741   21178 text_classifier.cc:32] Creating classifier TfliteTextClassifier
01-23 21:49:35.989 20501 21178 I native  : I0000 00:00:1769226575.989679   21178 common_util.h:38] Resizing Thread Pool: ocr_segm to 3
01-23 21:49:35.989 20501 21177 I native  : I0000 00:00:1769226575.989674   21177 common_util.h:38] Resizing Thread Pool: ocr_det_0 to 3
01-23 21:49:35.991 20501 21177 I native  : I0000 00:00:1769226575.991384   21177 tflite_detector_client_with_shape_cache.cc:71] Interpreter threads: 8
01-23 21:49:35.996 20501 21178 I native  : I0000 00:00:1769226575.996698   21178 tflite_lstm_client_base.cc:372] Resizing interpreter pool to 4
01-23 21:49:35.997 20501 21177 I tflite  : Replacing 44 out of 46 node(s) with delegate (TfLiteXNNPackDelegate) node, yielding 3 partitions for the whole graph.
01-23 21:49:35.999 20501 21178 I native  : I0000 00:00:1769226575.999505   21178 multi_pass_line_recognition_mutator.cc:312] Preloading recognizers.
01-23 21:49:35.999 20501 21178 I native  : I0000 00:00:1769226575.999632   21178 multi_pass_line_recognition_mutator.cc:319] Preloading a recognizer for "Latn"
01-23 21:49:36.000 20501 20803 I native  : I0000 00:00:1769226575.999997   20803 tflite_model_pooled_runner.cc:535] Loading mlkit-google-ocr-models/gocr/gocr_models/line_recognition_legacy_mobile/Latn_ctc/optical/conv_model.fb
01-23 21:49:36.001 20501 21177 I native  : I0000 00:00:1769226576.001233   21177 tflite_detector_client_with_shape_cache.cc:102] Caching size: 10
01-23 21:49:36.003 20501 20803 I native  : I0000 00:00:1769226576.003035   20803 tflite_model_pooled_runner.cc:541] Loading mlkit-google-ocr-models/gocr/gocr_models/line_recognition_legacy_mobile/Latn_ctc/optical/lstm_model.fb
01-23 21:49:36.003 20501 21177 I native  : I0000 00:00:1769226576.003544   21177 tflite_model_pooled_runner.cc:535] Loading mlkit-google-ocr-models/gocr/layout/line_splitting_custom_ops/model.tflite
01-23 21:49:36.003 20501 21177 I native  : I0000 00:00:1769226576.003944   21177 tflite_model_pooled_runner.cc:649] Resizing interpreter pool to 1
01-23 21:49:36.004 20501 21177 I native  : I0000 00:00:1769226576.004874   21177 tflite_model_pooled_runner.cc:535] Loading mlkit-google-ocr-models/gocr/layout/line_clustering_custom_ops/model.tflite
01-23 21:49:36.005 20501 21177 I native  : I0000 00:00:1769226576.005294   21177 tflite_model_pooled_runner.cc:649] Resizing interpreter pool to 1
01-23 21:49:36.009 20501 20803 I native  : I0000 00:00:1769226576.009355   20803 tflite_model_pooled_runner.cc:649] Resizing interpreter pool to 4
01-23 21:49:36.012 20501 20803 I native  : I0000 00:00:1769226576.012916   20803 mobile_langid_v2.cc:58] MobileLangID V2 initialized.
01-23 21:49:36.013 20501 20803 I native  : I0000 00:00:1769226576.013014   20803 multi_pass_line_recognition_mutator.cc:332] Finished preloading a recognizer for "Latn"
01-23 21:49:36.013 20501 21178 I native  : I0000 00:00:1769226576.013088   21178 multi_pass_line_recognition_mutator.cc:336] Finished preloading recognizers.
01-23 21:49:36.052  1141  1141 D AOC     : A3:MSG: tmd3733_device.cc, 4358: USF: TMD3733: R/C:0.18 1CD->0C d_lux:-1.0 c_lux:10.4/-1.0 c_coeff:0.83/-1.00
01-23 21:49:36.052  1141  1141 D AOC     : A3:MSG: tmd3733_device.cc, 4361: USF: TMD3733:  w:0.00 C:3.00 d_leak:0.1 c_leak:0.0 lux:10.4 leak:0.0
01-23 21:49:36.087 20501 21177 I tflite  : Replacing 44 out of 46 node(s) with delegate (TfLiteXNNPackDelegate) node, yielding 3 partitions for the whole graph.
01-23 21:49:36.111 20501 21177 I tflite  : Replacing 44 out of 46 node(s) with delegate (TfLiteXNNPackDelegate) node, yielding 3 partitions for the whole graph.
01-23 21:49:36.142 20501 21177 I tflite  : Replacing 44 out of 46 node(s) with delegate (TfLiteXNNPackDelegate) node, yielding 3 partitions for the whole graph.
01-23 21:49:36.204 20501 21177 I tflite  : Replacing 44 out of 46 node(s) with delegate (TfLiteXNNPackDelegate) node, yielding 3 partitions for the whole graph.
01-23 21:49:36.214 20501 21177 I tflite  : Replacing 44 out of 46 node(s) with delegate (TfLiteXNNPackDelegate) node, yielding 3 partitions for the whole graph.
01-23 21:49:36.223 20501 21177 I tflite  : Replacing 44 out of 46 node(s) with delegate (TfLiteXNNPackDelegate) node, yielding 3 partitions for the whole graph.
01-23 21:49:36.429 20501 21174 D OCRProcessorMLKit: Extracted 47 lines from image
01-23 21:49:36.430 20501 21174 D OCRProcessorMLKit: Fallback invoice candidate in top band: MO65807
01-23 21:49:36.430 20501 21174 D OCRProcessorMLKit: Found item: APPLIANCES 4 LESS
01-23 21:49:36.431 20501 21174 D OCRProcessorMLKit: Found item: Appliances and Services (listed b
01-23 21:49:36.431 20501 21174 D OCRProcessorMLKit: Found 'BILL TO:' at line 10: BILL TO:
01-23 21:49:36.431 20501 21174 D OCRProcessorMLKit: Name line: Appliances and Services (listed b
01-23 21:49:36.431 20501 21174 D OCRProcessorMLKit: Address line: Name: JUDY GODDARD (ID:CACREDMF1F1 / Salesperson: KY )
01-23 21:49:36.431 20501 21174 D OCRProcessorMLKit: Phone line: Address: 904
01-23 21:49:36.431 20501 20778 D TransportRuntime.SQLiteEventStore: Storing event with priority=VERY_LOW, name=FIREBASE_ML_SDK for destination cct
01-23 21:49:36.431 20501 21174 D OCRProcessorMLKit: ========= ML KIT EXTRACTION RESULTS =========
01-23 21:49:36.431 20501 21174 D OCRProcessorMLKit: Invoice #: MO65807
01-23 21:49:36.431 20501 21174 D OCRProcessorMLKit: Customer: Appliances and Services (listed b
01-23 21:49:36.431 20501 21174 D OCRProcessorMLKit: Address: Name: JUDY GODDARD (ID:CACREDMF1F1 / Salesperson: KY )
01-23 21:49:36.431 20501 21174 D OCRProcessorMLKit: Phone: No phone
01-23 21:49:36.431 20501 21174 D OCRProcessorMLKit: Items: APPLIANCES 4 LESS, Appliances and Services (listed b
01-23 21:49:36.431 20501 21174 D OCRProcessorMLKit: ============================================
01-23 21:49:36.432 20501 21174 D OCRProcessorMLKit: Processing image with ML Kit: file:///storage/emulated/0/Android/data/com.mobileinvoice.ocr/files/Pictures/Invoices/IMG_20260123_214553_corrected.jpg
01-23 21:49:36.436 20501 20778 D TransportRuntime.JobInfoScheduler: Upload for context TransportContext(cct, VERY_LOW, MSRodHRwczovL2ZpcmViYXNlbG9nZ2luZy5nb29nbGVhcGlzLmNvbS92MGNjL2xvZy9iYXRjaD9mb3JtYXQ9anNvbl9wcm90bzNc) is already scheduled. Returning...
01-23 21:49:36.442 20501 20778 D TransportRuntime.SQLiteEventStore: Storing event with priority=VERY_LOW, name=FIREBASE_ML_SDK for destination cct
01-23 21:49:36.446 20501 20778 D TransportRuntime.JobInfoScheduler: Upload for context TransportContext(cct, VERY_LOW, MSRodHRwczovL2ZpcmViYXNlbG9nZ2luZy5nb29nbGVhcGlzLmNvbS92MGNjL2xvZy9iYXRjaD9mb3JtYXQ9anNvbl9wcm90bzNc) is already scheduled. Returning...
01-23 21:49:36.449 20501 20778 D TransportRuntime.SQLiteEventStore: Storing event with priority=VERY_LOW, name=FIREBASE_ML_SDK for destination cct
01-23 21:49:36.451 20501 20778 D TransportRuntime.JobInfoScheduler: Upload for context TransportContext(cct, VERY_LOW, MSRodHRwczovL2ZpcmViYXNlbG9nZ2luZy5nb29nbGVhcGlzLmNvbS92MGNjL2xvZy9iYXRjaD9mb3JtYXQ9anNvbl9wcm90bzNc) is already scheduled. Returning...
01-23 21:49:36.529  1505  6157 W NotificationService: Toast already killed. pkg=com.mobileinvoice.ocr token=android.os.BinderProxy@c473ea4
01-23 21:49:36.562 20501 20507 I bileinvoice.ocr: NativeAlloc concurrent mark compact GC freed 3536KB AllocSpace bytes, 6(196KB) LOS objects, 80% free, 5765KB/29MB, paused 256us,5.201ms total 65.052ms
01-23 21:49:36.589 15565 15577 I pixel-thermal: VIRTUAL-SKIN-MODEL: model_input: [28990.00 28767.00 30526.00 27010.00 26869.00 27361.00 28901.00 30770.00 ]
01-23 21:49:36.589 15565 15577 I native  : I0000 00:00:1769226576.589701   15577 thermal_tflite_wrapper.cc:261] ThermalTfliteInvoke
01-23 21:49:36.589 15565 15577 I pixel-thermal: VIRTUAL-SKIN-MODEL: model_output: [27725.2 ]
01-23 21:49:36.589 15565 15577 I pixel-thermal: VIRTUAL-SKIN-MODEL: predicted_value: [27725.2 ]
